Archive member included to satisfy reference by file (symbol)

c:/siliconlabs/simplicitystudio/v5_3/developer/toolchains/gnu_arm/12.2.rel1_2023.7/bin/../lib/gcc/arm-none-eabi/12.2.1/thumb/v8-m.main+fp/hard\libgcc.a(_arm_muldf3.o)
                              ./kinematics.o (__aeabi_dmul)
c:/siliconlabs/simplicitystudio/v5_3/developer/toolchains/gnu_arm/12.2.rel1_2023.7/bin/../lib/gcc/arm-none-eabi/12.2.1/thumb/v8-m.main+fp/hard\libgcc.a(_arm_addsubdf3.o)
                              ./kinematics.o (__aeabi_dsub)
c:/siliconlabs/simplicitystudio/v5_3/developer/toolchains/gnu_arm/12.2.rel1_2023.7/bin/../lib/gcc/arm-none-eabi/12.2.1/thumb/v8-m.main+fp/hard\libgcc.a(_arm_muldivdf3.o)
                              ./kinematics.o (__aeabi_ddiv)
c:/siliconlabs/simplicitystudio/v5_3/developer/toolchains/gnu_arm/12.2.rel1_2023.7/bin/../lib/gcc/arm-none-eabi/12.2.1/thumb/v8-m.main+fp/hard\libgcc.a(_arm_cmpdf2.o)
                              ./kinematics.o (__aeabi_dcmplt)
c:/siliconlabs/simplicitystudio/v5_3/developer/toolchains/gnu_arm/12.2.rel1_2023.7/bin/../lib/gcc/arm-none-eabi/12.2.1/thumb/v8-m.main+fp/hard\libgcc.a(_aeabi_ldivmod.o)
                              ./simplicity_sdk_2025.6.0/platform/emlib/src/em_eusart.o (__aeabi_ldivmod)
c:/siliconlabs/simplicitystudio/v5_3/developer/toolchains/gnu_arm/12.2.rel1_2023.7/bin/../lib/gcc/arm-none-eabi/12.2.1/thumb/v8-m.main+fp/hard\libgcc.a(_aeabi_uldivmod.o)
                              ./simplicity_sdk_2025.6.0/platform/emlib/src/em_eusart.o (__aeabi_uldivmod)
c:/siliconlabs/simplicitystudio/v5_3/developer/toolchains/gnu_arm/12.2.rel1_2023.7/bin/../lib/gcc/arm-none-eabi/12.2.1/thumb/v8-m.main+fp/hard\libgcc.a(_udivmoddi4.o)
                              c:/siliconlabs/simplicitystudio/v5_3/developer/toolchains/gnu_arm/12.2.rel1_2023.7/bin/../lib/gcc/arm-none-eabi/12.2.1/thumb/v8-m.main+fp/hard\libgcc.a(_aeabi_ldivmod.o) (__udivmoddi4)
c:/siliconlabs/simplicitystudio/v5_3/developer/toolchains/gnu_arm/12.2.rel1_2023.7/bin/../lib/gcc/arm-none-eabi/12.2.1/thumb/v8-m.main+fp/hard\libgcc.a(_dvmd_tls.o)
                              c:/siliconlabs/simplicitystudio/v5_3/developer/toolchains/gnu_arm/12.2.rel1_2023.7/bin/../lib/gcc/arm-none-eabi/12.2.1/thumb/v8-m.main+fp/hard\libgcc.a(_aeabi_ldivmod.o) (__aeabi_ldiv0)
c:/siliconlabs/simplicitystudio/v5_3/developer/toolchains/gnu_arm/12.2.rel1_2023.7/bin/../lib/gcc/arm-none-eabi/12.2.1/thumb/v8-m.main+fp/hard\libc_nano.a(libc_a-abs.o)
                              ./app.o (abs)
c:/siliconlabs/simplicitystudio/v5_3/developer/toolchains/gnu_arm/12.2.rel1_2023.7/bin/../lib/gcc/arm-none-eabi/12.2.1/thumb/v8-m.main+fp/hard\libc_nano.a(libc_a-exit.o)
                              c:/siliconlabs/simplicitystudio/v5_3/developer/toolchains/gnu_arm/12.2.rel1_2023.7/bin/../lib/gcc/arm-none-eabi/12.2.1/thumb/v8-m.main+fp/hard/crt0.o (exit)
c:/siliconlabs/simplicitystudio/v5_3/developer/toolchains/gnu_arm/12.2.rel1_2023.7/bin/../lib/gcc/arm-none-eabi/12.2.1/thumb/v8-m.main+fp/hard\libc_nano.a(libc_a-ctype_.o)
                              ./simplicity_sdk_2025.6.0/platform/common/src/sl_string.o (_ctype_)
c:/siliconlabs/simplicitystudio/v5_3/developer/toolchains/gnu_arm/12.2.rel1_2023.7/bin/../lib/gcc/arm-none-eabi/12.2.1/thumb/v8-m.main+fp/hard\libc_nano.a(libc_a-findfp.o)
                              c:/siliconlabs/simplicitystudio/v5_3/developer/toolchains/gnu_arm/12.2.rel1_2023.7/bin/../lib/gcc/arm-none-eabi/12.2.1/thumb/v8-m.main+fp/hard\libc_nano.a(libc_a-exit.o) (__stdio_exit_handler)
c:/siliconlabs/simplicitystudio/v5_3/developer/toolchains/gnu_arm/12.2.rel1_2023.7/bin/../lib/gcc/arm-none-eabi/12.2.1/thumb/v8-m.main+fp/hard\libc_nano.a(libc_a-fwalk.o)
                              c:/siliconlabs/simplicitystudio/v5_3/developer/toolchains/gnu_arm/12.2.rel1_2023.7/bin/../lib/gcc/arm-none-eabi/12.2.1/thumb/v8-m.main+fp/hard\libc_nano.a(libc_a-findfp.o) (_fwalk_sglue)
c:/siliconlabs/simplicitystudio/v5_3/developer/toolchains/gnu_arm/12.2.rel1_2023.7/bin/../lib/gcc/arm-none-eabi/12.2.1/thumb/v8-m.main+fp/hard\libc_nano.a(libc_a-printf.o)
                              ./app.o (printf)
c:/siliconlabs/simplicitystudio/v5_3/developer/toolchains/gnu_arm/12.2.rel1_2023.7/bin/../lib/gcc/arm-none-eabi/12.2.1/thumb/v8-m.main+fp/hard\libc_nano.a(libc_a-setvbuf.o)
                              ./app_iostream_usart.o (setvbuf)
c:/siliconlabs/simplicitystudio/v5_3/developer/toolchains/gnu_arm/12.2.rel1_2023.7/bin/../lib/gcc/arm-none-eabi/12.2.1/thumb/v8-m.main+fp/hard\libc_nano.a(libc_a-snprintf.o)
                              ./app_iostream_usart.o (snprintf)
c:/siliconlabs/simplicitystudio/v5_3/developer/toolchains/gnu_arm/12.2.rel1_2023.7/bin/../lib/gcc/arm-none-eabi/12.2.1/thumb/v8-m.main+fp/hard\libc_nano.a(libc_a-stdio.o)
                              c:/siliconlabs/simplicitystudio/v5_3/developer/toolchains/gnu_arm/12.2.rel1_2023.7/bin/../lib/gcc/arm-none-eabi/12.2.1/thumb/v8-m.main+fp/hard\libc_nano.a(libc_a-findfp.o) (__sread)
[...]
Memory Configuration

Name             Origin             Length             Attributes
FLASH            0x08000000         0x0031e000         xr
RAM              0x20000000         0x00080000         xrw
*default*        0x00000000         0xffffffff

Linker script and memory map

LOAD c:/siliconlabs/simplicitystudio/v5_3/developer/toolchains/gnu_arm/12.2.rel1_2023.7/bin/../lib/gcc/arm-none-eabi/12.2.1/thumb/v8-m.main+fp/hard/crti.o
LOAD c:/siliconlabs/simplicitystudio/v5_3/developer/toolchains/gnu_arm/12.2.rel1_2023.7/bin/../lib/gcc/arm-none-eabi/12.2.1/thumb/v8-m.main+fp/hard/crtbegin.o
LOAD c:/siliconlabs/simplicitystudio/v5_3/developer/toolchains/gnu_arm/12.2.rel1_2023.7/bin/../lib/gcc/arm-none-eabi/12.2.1/thumb/v8-m.main+fp/hard/crt0.o
START GROUP
LOAD ./app.o
LOAD ./app_iostream_usart.o
LOAD ./encoder.o
LOAD ./kinematics.o
LOAD ./main.o
LOAD ./motor_pwm.o
LOAD ./pid_position.o
LOAD ./autogen/sl_board_default_init.o
LOAD ./autogen/sl_event_handler.o
LOAD ./autogen/sl_iostream_handles.o
LOAD ./autogen/sl_iostream_init_usart_instances.o
LOAD ./autogen/sl_pwm_init.o
LOAD ./simplicity_sdk_2025.6.0/hardware/board/src/sl_board_control_gpio.o
LOAD ./simplicity_sdk_2025.6.0/hardware/board/src/sl_board_init.o
LOAD ./simplicity_sdk_2025.6.0/hardware/driver/configuration_over_swo/src/sl_cos.o
LOAD ./simplicity_sdk_2025.6.0/hardware/driver/mx25_flash_shutdown/src/sl_mx25_flash_shutdown_eusart/sl_mx25_flash_shutdown.o
LOAD ./simplicity_sdk_2025.6.0/platform/Device/SiliconLabs/EFR32MG26/Source/startup_efr32mg26.o
LOAD ./simplicity_sdk_2025.6.0/platform/Device/SiliconLabs/EFR32MG26/Source/system_efr32mg26.o
LOAD ./simplicity_sdk_2025.6.0/platform/common/src/sl_assert.o
LOAD ./simplicity_sdk_2025.6.0/platform/common/src/sl_core_cortexm.o
LOAD ./simplicity_sdk_2025.6.0/platform/common/src/sl_slist.o
LOAD ./simplicity_sdk_2025.6.0/platform/common/src/sl_string.o
LOAD ./simplicity_sdk_2025.6.0/platform/common/src/sl_syscalls.o
LOAD ./simplicity_sdk_2025.6.0/platform/driver/debug/src/sl_debug_swo.o
LOAD ./simplicity_sdk_2025.6.0/platform/driver/gpio/src/sl_gpio.o
LOAD ./simplicity_sdk_2025.6.0/platform/driver/pwm/src/sl_pwm.o
LOAD ./simplicity_sdk_2025.6.0/platform/emdrv/dmadrv/src/dmadrv.o
LOAD ./simplicity_sdk_2025.6.0/platform/emdrv/gpiointerrupt/src/gpiointerrupt.o
LOAD ./simplicity_sdk_2025.6.0/platform/emlib/src/em_burtc.o
LOAD ./simplicity_sdk_2025.6.0/platform/emlib/src/em_cmu.o
LOAD ./simplicity_sdk_2025.6.0/platform/emlib/src/em_emu.o
LOAD ./simplicity_sdk_2025.6.0/platform/emlib/src/em_eusart.o
LOAD ./simplicity_sdk_2025.6.0/platform/emlib/src/em_gpio.o
LOAD ./simplicity_sdk_2025.6.0/platform/emlib/src/em_ldma.o
LOAD ./simplicity_sdk_2025.6.0/platform/emlib/src/em_msc.o
LOAD ./simplicity_sdk_2025.6.0/platform/emlib/src/em_prs.o
LOAD ./simplicity_sdk_2025.6.0/platform/emlib/src/em_system.o
LOAD ./simplicity_sdk_2025.6.0/platform/emlib/src/em_timer.o
LOAD ./simplicity_sdk_2025.6.0/platform/emlib/src/em_usart.o
LOAD ./simplicity_sdk_2025.6.0/platform/peripheral/src/sl_hal_gpio.o
LOAD ./simplicity_sdk_2025.6.0/platform/peripheral/src/sl_hal_sysrtc.o
LOAD ./simplicity_sdk_2025.6.0/platform/service/clock_manager/src/sl_clock_manager.o
LOAD ./simplicity_sdk_2025.6.0/platform/service/clock_manager/src/sl_clock_manager_hal_s2.o
LOAD ./simplicity_sdk_2025.6.0/platform/service/clock_manager/src/sl_clock_manager_init.o
LOAD ./simplicity_sdk_2025.6.0/platform/service/clock_manager/src/sl_clock_manager_init_hal_s2.o
LOAD ./simplicity_sdk_2025.6.0/platform/service/device_init/src/sl_device_init_dcdc_s2.o
LOAD ./simplicity_sdk_2025.6.0/platform/service/device_init/src/sl_device_init_emu_s2.o
LOAD ./simplicity_sdk_2025.6.0/platform/service/device_manager/clocks/sl_device_clock_efr32xg26.o
LOAD ./simplicity_sdk_2025.6.0/platform/service/device_manager/devices/sl_device_peripheral_hal_efr32xg26.o
LOAD ./simplicity_sdk_2025.6.0/platform/service/device_manager/src/sl_device_clock.o
LOAD ./simplicity_sdk_2025.6.0/platform/service/device_manager/src/sl_device_gpio.o
LOAD ./simplicity_sdk_2025.6.0/platform/service/device_manager/src/sl_device_peripheral.o
LOAD ./simplicity_sdk_2025.6.0/platform/service/interrupt_manager/src/sl_interrupt_manager_cortexm.o
LOAD ./simplicity_sdk_2025.6.0/platform/service/iostream/src/sl_iostream.o
LOAD ./simplicity_sdk_2025.6.0/platform/service/iostream/src/sl_iostream_swo_itm_8.o
LOAD ./simplicity_sdk_2025.6.0/platform/service/iostream/src/sl_iostream_uart.o
LOAD ./simplicity_sdk_2025.6.0/platform/service/iostream/src/sl_iostream_usart.o
LOAD ./simplicity_sdk_2025.6.0/platform/service/iostream/src/sl_iostream_vuart.o
LOAD ./simplicity_sdk_2025.6.0/platform/service/memory_manager/src/sl_memory_manager_region.o
LOAD ./simplicity_sdk_2025.6.0/platform/service/sl_main/src/sl_main_init.o
LOAD ./simplicity_sdk_2025.6.0/platform/service/sl_main/src/sl_main_init_memory.o
LOAD ./simplicity_sdk_2025.6.0/platform/service/sl_main/src/sl_main_process_action.o
LOAD ./simplicity_sdk_2025.6.0/platform/service/sleeptimer/src/sl_sleeptimer.o
LOAD ./simplicity_sdk_2025.6.0/platform/service/sleeptimer/src/sl_sleeptimer_hal_burtc.o
LOAD ./simplicity_sdk_2025.6.0/platform/service/sleeptimer/src/sl_sleeptimer_hal_sysrtc.o
LOAD ./simplicity_sdk_2025.6.0/platform/service/sleeptimer/src/sl_sleeptimer_hal_timer.o
LOAD ./simplicity_sdk_2025.6.0/platform/service/udelay/src/sl_udelay.o
LOAD ./simplicity_sdk_2025.6.0/platform/service/udelay/src/sl_udelay_armv6m_gcc.o
LOAD ./simplicity_sdk_2025.6.0/util/third_party/segger/systemview/SEGGER/SEGGER_RTT.o
LOAD c:/siliconlabs/simplicitystudio/v5_3/developer/toolchains/gnu_arm/12.2.rel1_2023.7/bin/../lib/gcc/arm-none-eabi/12.2.1/thumb/v8-m.main+fp/hard\libgcc.a
LOAD c:/siliconlabs/simplicitystudio/v5_3/developer/toolchains/gnu_arm/12.2.rel1_2023.7/bin/../lib/gcc/arm-none-eabi/12.2.1/thumb/v8-m.main+fp/hard\libc_nano.a
LOAD c:/siliconlabs/simplicitystudio/v5_3/developer/toolchains/gnu_arm/12.2.rel1_2023.7/bin/../lib/gcc/arm-none-eabi/12.2.1/thumb/v8-m.main+fp/hard\libm.a
LOAD c:/siliconlabs/simplicitystudio/v5_3/developer/toolchains/gnu_arm/12.2.rel1_2023.7/bin/../lib/gcc/arm-none-eabi/12.2.1/thumb/v8-m.main+fp/hard\libnosys.a
END GROUP
START GROUP
LOAD c:/siliconlabs/simplicitystudio/v5_3/developer/toolchains/gnu_arm/12.2.rel1_2023.7/bin/../lib/gcc/arm-none-eabi/12.2.1/thumb/v8-m.main+fp/hard\libgcc.a
LOAD c:/siliconlabs/simplicitystudio/v5_3/developer/toolchains/gnu_arm/12.2.rel1_2023.7/bin/../lib/gcc/arm-none-eabi/12.2.1/thumb/v8-m.main+fp/hard\libc_nano.a
LOAD c:/siliconlabs/simplicitystudio/v5_3/developer/toolchains/gnu_arm/12.2.rel1_2023.7/bin/../lib/gcc/arm-none-eabi/12.2.1/thumb/v8-m.main+fp/hard\libnosys.a
END GROUP
START GROUP
LOAD c:/siliconlabs/simplicitystudio/v5_3/developer/toolchains/gnu_arm/12.2.rel1_2023.7/bin/../lib/gcc/arm-none-eabi/12.2.1/thumb/v8-m.main+fp/hard\libgcc.a
LOAD c:/siliconlabs/simplicitystudio/v5_3/developer/toolchains/gnu_arm/12.2.rel1_2023.7/bin/../lib/gcc/arm-none-eabi/12.2.1/thumb/v8-m.main+fp/hard\libg_nano.a
LOAD c:/siliconlabs/simplicitystudio/v5_3/developer/toolchains/gnu_arm/12.2.rel1_2023.7/bin/../lib/gcc/arm-none-eabi/12.2.1/thumb/v8-m.main+fp/hard\libc_nano.a
END GROUP
START GROUP
LOAD c:/siliconlabs/simplicitystudio/v5_3/developer/toolchains/gnu_arm/12.2.rel1_2023.7/bin/../lib/gcc/arm-none-eabi/12.2.1/thumb/v8-m.main+fp/hard\libgcc.a
LOAD c:/siliconlabs/simplicitystudio/v5_3/developer/toolchains/gnu_arm/12.2.rel1_2023.7/bin/../lib/gcc/arm-none-eabi/12.2.1/thumb/v8-m.main+fp/hard\libc_nano.a
END GROUP
LOAD c:/siliconlabs/simplicitystudio/v5_3/developer/toolchains/gnu_arm/12.2.rel1_2023.7/bin/../lib/gcc/arm-none-eabi/12.2.1/thumb/v8-m.main+fp/hard/crtend.o
LOAD c:/siliconlabs/simplicitystudio/v5_3/developer/toolchains/gnu_arm/12.2.rel1_2023.7/bin/../lib/gcc/arm-none-eabi/12.2.1/thumb/v8-m.main+fp/hard/crtn.o

.vectors        0x08000000      0x1b4
                0x08000000                linker_vectors_begin = .
 *(.vectors)
 .vectors       0x08000000      0x1b4 ./simplicity_sdk_2025.6.0/platform/Device/SiliconLabs/EFR32MG26/Source/startup_efr32mg26.o
                0x08000000                __Vectors
                0x080001b4                linker_vectors_end = .
                0x080001b4                __Vectors_End = .
                0x080001b4                __Vectors_Size = (__Vectors_End - __Vectors)
                0x080001b4                __lma_ramfuncs_start__ = .

.stack          0x20000000     0x1000
                0x20000000                . = ALIGN (0x8)
                0x20000000                __StackLimit = .
 *(.stack*)
 .stack         0x20000000     0x1000 ./simplicity_sdk_2025.6.0/platform/service/memory_manager/src/sl_memory_manager_region.o
                0x20001000                . = ALIGN (0x4)
                0x20001000                __StackTop = .
                0x20001000                PROVIDE (__stack = __StackTop)

.bss            0x20001000      0x5f4
                0x20001000                . = ALIGN (0x4)
                0x20001000                __bss_start__ = .
 *(SORT_BY_ALIGNMENT(.bss*))
 .bss.object.0  0x20001000       0x18 c:/siliconlabs/simplicitystudio/v5_3/developer/toolchains/gnu_arm/12.2.rel1_2023.7/bin/../lib/gcc/arm-none-eabi/12.2.1/thumb/v8-m.main+fp/hard/crtbegin.o
 .bss.encoderCount2
                0x20001018        0x4 ./encoder.o
                0x20001018                encoderCount2
 .bss.encoderCount1
                0x2000101c        0x4 ./encoder.o
                0x2000101c                encoderCount1
 .bss.lastEncoded2
                0x20001020        0x4 ./encoder.o
                0x20001020                lastEncoded2
 .bss.lastEncoded1
                0x20001024        0x4 ./encoder.o
                0x20001024                lastEncoded1
 .bss.dutyCycle2
                0x20001028        0x4 ./motor_pwm.o
                0x20001028                dutyCycle2
 .bss.dutyCycle1
                0x2000102c        0x4 ./motor_pwm.o
                0x2000102c                dutyCycle1
 .bss.integral  0x20001030        0x4 ./pid_position.o
 .bss.prev_error
                0x20001034        0x4 ./pid_position.o
 .bss.sl_iostream_recommended_console_stream
                0x20001038        0x4 ./autogen/sl_iostream_handles.o
                0x20001038                sl_iostream_recommended_console_stream
 .bss.context_vcom
                0x2000103c       0xb4 ./autogen/sl_iostream_init_usart_instances.o
 .bss.sl_iostream_vcom
                0x200010f0       0x1c ./autogen/sl_iostream_init_usart_instances.o
 .bss.gpio_interrupts
                0x2000110c      0x168 ./simplicity_sdk_2025.6.0/platform/driver/gpio/src/sl_gpio.o
 .bss.dmaXfer   0x20001274      0x100 ./simplicity_sdk_2025.6.0/platform/emdrv/dmadrv/src/dmadrv.o
 .bss.chTable   0x20001374       0x80 ./simplicity_sdk_2025.6.0/platform/emdrv/dmadrv/src/dmadrv.o
 .bss.sli_iostream_default
                0x200013f4        0x4 ./simplicity_sdk_2025.6.0/platform/service/iostream/src/sl_iostream.o
 .bss.swo_itm_initialized
                0x200013f8        0x4 ./simplicity_sdk_2025.6.0/platform/service/iostream/src/sl_iostream_swo_itm_8.o
 .bss.sl_iostream_vuart
                0x200013fc       0x10 ./simplicity_sdk_2025.6.0/platform/service/iostream/src/sl_iostream_vuart.o
 .bss.max_millisecond_conversion
                0x2000140c        0x4 ./simplicity_sdk_2025.6.0/platform/service/sleeptimer/src/sl_sleeptimer.o
 .bss.last_delta_update_count
                0x20001410        0x4 ./simplicity_sdk_2025.6.0/platform/service/sleeptimer/src/sl_sleeptimer.o
 .bss.timer_head
                0x20001414        0x4 ./simplicity_sdk_2025.6.0/platform/service/sleeptimer/src/sl_sleeptimer.o
 .bss.timer_frequency
                0x20001418        0x4 ./simplicity_sdk_2025.6.0/platform/service/sleeptimer/src/sl_sleeptimer.o
 .bss.overflow_counter
                0x2000141c        0x4 ./simplicity_sdk_2025.6.0/platform/service/sleeptimer/src/sl_sleeptimer.o
 .bss.__sf      0x20001420      0x138 c:/siliconlabs/simplicitystudio/v5_3/developer/toolchains/gnu_arm/12.2.rel1_2023.7/bin/../lib/gcc/arm-none-eabi/12.2.1/thumb/v8-m.main+fp/hard\libc_nano.a(libc_a-findfp.o)
                0x20001420                __sf
 .bss.__stdio_exit_handler
                0x20001558        0x4 c:/siliconlabs/simplicitystudio/v5_3/developer/toolchains/gnu_arm/12.2.rel1_2023.7/bin/../lib/gcc/arm-none-eabi/12.2.1/thumb/v8-m.main+fp/hard\libc_nano.a(libc_a-findfp.o)
                0x20001558                __stdio_exit_handler
 .bss.errno     0x2000155c        0x4 c:/siliconlabs/simplicitystudio/v5_3/developer/toolchains/gnu_arm/12.2.rel1_2023.7/bin/../lib/gcc/arm-none-eabi/12.2.1/thumb/v8-m.main+fp/hard\libc_nano.a(libc_a-reent.o)
                0x2000155c                errno
 .bss.__malloc_sbrk_start
                0x20001560        0x4 c:/siliconlabs/simplicitystudio/v5_3/developer/toolchains/gnu_arm/12.2.rel1_2023.7/bin/../lib/gcc/arm-none-eabi/12.2.1/thumb/v8-m.main+fp/hard\libc_nano.a(libc_a-mallocr.o)
                0x20001560                __malloc_sbrk_start
 .bss.__malloc_free_list
                0x20001564        0x4 c:/siliconlabs/simplicitystudio/v5_3/developer/toolchains/gnu_arm/12.2.rel1_2023.7/bin/../lib/gcc/arm-none-eabi/12.2.1/thumb/v8-m.main+fp/hard\libc_nano.a(libc_a-mallocr.o)
                0x20001564                __malloc_free_list
 .bss.completed.1
                0x20001568        0x1 c:/siliconlabs/simplicitystudio/v5_3/developer/toolchains/gnu_arm/12.2.rel1_2023.7/bin/../lib/gcc/arm-none-eabi/12.2.1/thumb/v8-m.main+fp/hard/crtbegin.o
 .bss.buffer    0x20001569       0x40 ./app_iostream_usart.o
 .bss.rx_buffer_vcom
                0x200015a9       0x20 ./autogen/sl_iostream_init_usart_instances.o
 .bss.initialized
                0x200015c9        0x1 ./simplicity_sdk_2025.6.0/platform/emdrv/dmadrv/src/dmadrv.o
 .bss.pclkDiv   0x200015ca        0x1 ./simplicity_sdk_2025.6.0/platform/emlib/src/em_cmu.o
 .bss.vScaleEM01Config
                0x200015cb        0x1 ./simplicity_sdk_2025.6.0/platform/emlib/src/em_emu.o
 .bss.is_interrupt_manager_initialized
                0x200015cc        0x1 ./simplicity_sdk_2025.6.0/platform/service/interrupt_manager/src/sl_interrupt_manager_cortexm.o
 .bss.null_byte
                0x200015cd        0x1 ./simplicity_sdk_2025.6.0/platform/service/iostream/src/sl_iostream_uart.o
 .bss.seq_number
                0x200015ce        0x1 ./simplicity_sdk_2025.6.0/platform/service/iostream/src/sl_iostream_vuart.o
 .bss.rtt_buffer
                0x200015cf       0x20 ./simplicity_sdk_2025.6.0/platform/service/iostream/src/sl_iostream_vuart.o
 .bss.sleep_on_isr_exit
                0x200015ef        0x1 ./simplicity_sdk_2025.6.0/platform/service/sleeptimer/src/sl_sleeptimer.o
 .bss.next_timer_to_expire_is_power_manager
                0x200015f0        0x1 ./simplicity_sdk_2025.6.0/platform/service/sleeptimer/src/sl_sleeptimer.o
 .bss.is_sleeptimer_initialized
                0x200015f1        0x1 ./simplicity_sdk_2025.6.0/platform/service/sleeptimer/src/sl_sleeptimer.o
 .bss.__lock___malloc_recursive_mutex
                0x200015f2        0x1 c:/siliconlabs/simplicitystudio/v5_3/developer/toolchains/gnu_arm/12.2.rel1_2023.7/bin/../lib/gcc/arm-none-eabi/12.2.1/thumb/v8-m.main+fp/hard\libc_nano.a(libc_a-lock.o)
                0x200015f2                __lock___malloc_recursive_mutex
 .bss.__lock___sfp_recursive_mutex
                0x200015f3        0x1 c:/siliconlabs/simplicitystudio/v5_3/developer/toolchains/gnu_arm/12.2.rel1_2023.7/bin/../lib/gcc/arm-none-eabi/12.2.1/thumb/v8-m.main+fp/hard\libc_nano.a(libc_a-lock.o)
                0x200015f3                __lock___sfp_recursive_mutex
 *(COMMON)
                0x200015f4                . = ALIGN (0x4)
                0x200015f4                __bss_end__ = .

.noinit         0x200015f4        0x0
 *(.noinit*)
                0x200015f4                . = ALIGN (0x4)

text_application_ram
                0x200015f4        0x0 load address 0x080001b4
                0x200015f4                . = ALIGN (0x4)
                0x200015f4                __vma_ramfuncs_start__ = .
                0x200015f4                __text_application_ram_start__ = .
 *(text_application_ram)
                0x200015f4                . = ALIGN (0x4)
                0x200015f4                __vma_ramfuncs_end__ = .
                0x200015f4                __text_application_ram_end__ = .

.rodata         0x080001b4        0x0
                0x080001b4                __lma_ramfuncs_end__ = .
                0x080001b4                __rodata_start__ = .
                0x080001b4                __rodata_end__ = .

.text           0x080001c0     0x8a54
                0x080001c0                linker_code_begin = .
 *(SORT_BY_ALIGNMENT(.text*))
 .text          0x080001c0        0x8 ./simplicity_sdk_2025.6.0/platform/service/udelay/src/sl_udelay_armv6m_gcc.o
                0x080001c0                sli_delay_loop
 .text.deregister_tm_clones
                0x080001c8       0x1c c:/siliconlabs/simplicitystudio/v5_3/developer/toolchains/gnu_arm/12.2.rel1_2023.7/bin/../lib/gcc/arm-none-eabi/12.2.1/thumb/v8-m.main+fp/hard/crtbegin.o
 .text.register_tm_clones
                0x080001e4       0x28 c:/siliconlabs/simplicitystudio/v5_3/developer/toolchains/gnu_arm/12.2.rel1_2023.7/bin/../lib/gcc/arm-none-eabi/12.2.1/thumb/v8-m.main+fp/hard/crtbegin.o
 .text.__do_global_dtors_aux
                0x0800020c       0x28 c:/siliconlabs/simplicitystudio/v5_3/developer/toolchains/gnu_arm/12.2.rel1_2023.7/bin/../lib/gcc/arm-none-eabi/12.2.1/thumb/v8-m.main+fp/hard/crtbegin.o
 .text.frame_dummy
                0x08000234       0x24 c:/siliconlabs/simplicitystudio/v5_3/developer/toolchains/gnu_arm/12.2.rel1_2023.7/bin/../lib/gcc/arm-none-eabi/12.2.1/thumb/v8-m.main+fp/hard/crtbegin.o
 .text          0x08000258       0x7c c:/siliconlabs/simplicitystudio/v5_3/developer/toolchains/gnu_arm/12.2.rel1_2023.7/bin/../lib/gcc/arm-none-eabi/12.2.1/thumb/v8-m.main+fp/hard/crt0.o
                0x08000258                _stack_init
                0x08000260                _start
                0x08000260                _mainCRTStartup
 .text.app_loop
                0x080002d4      0x10c ./app.o
                0x080002d4                app_loop
 .text.app_iostream_usart_init
                0x080003e0       0x40 ./app_iostream_usart.o
                0x080003e0                app_iostream_usart_init
 .text.app_iostream_usart_process_action
                0x08000420       0x40 ./app_iostream_usart.o
                0x08000420                app_iostream_usart_process_action
 .text.GPIO_PinInGet.constprop.0
                0x08000460       0x14 ./encoder.o
 .text.encoder_gpio_callback
                0x08000474       0xb0 ./encoder.o
                0x08000474                encoder_gpio_callback
 .text.encoder_init
                0x08000524      0x12c ./encoder.o
                0x08000524                encoder_init
 .text.encoder1_get_count
                0x08000650        0xc ./encoder.o
                0x08000650                encoder1_get_count
 .text.encoder2_get_count
                0x0800065c        0xc ./encoder.o
                0x0800065c                encoder2_get_count
 .text.GPIO_PinOutSet
                0x08000668       0x38 ./motor_pwm.o
 .text.GPIO_PinOutClear
                0x080006a0       0x38 ./motor_pwm.o
 .text.initTIMER
                0x080006d8      0x104 ./motor_pwm.o
                0x080006d8                initTIMER
 .text.pid_position_compute
                0x080007dc       0x5c ./pid_position.o
                0x080007dc                pid_position_compute
 .text.sl_iostream_set_console_instance
                0x08000838       0x40 ./autogen/sl_iostream_handles.o
                0x08000838                sl_iostream_set_console_instance
 .text.sl_iostream_usart_init_vcom
                0x08000878       0xc8 ./autogen/sl_iostream_init_usart_instances.o
                0x08000878                sl_iostream_usart_init_vcom
 .text.sl_iostream_usart_init_instances
                0x08000940       0x1c ./autogen/sl_iostream_init_usart_instances.o
                0x08000940                sl_iostream_usart_init_instances
 .text.USART0_RX_IRQHandler
                0x0800095c        0xc ./autogen/sl_iostream_init_usart_instances.o
                0x0800095c                USART0_RX_IRQHandler
 .text.sl_pwm_init_instances
                0x08000968       0x34 ./autogen/sl_pwm_init.o
                0x08000968                sl_pwm_init_instances
 .text.sl_board_init
                0x0800099c       0x18 ./simplicity_sdk_2025.6.0/hardware/board/src/sl_board_init.o
                0x0800099c                sl_board_init
 .text.sl_board_preinit
                0x080009b4        0xc ./simplicity_sdk_2025.6.0/hardware/board/src/sl_board_init.o
                0x080009b4                sl_board_preinit
 .text.sl_mx25_flash_shutdown
                0x080009c0      0x174 ./simplicity_sdk_2025.6.0/hardware/driver/mx25_flash_shutdown/src/sl_mx25_flash_shutdown_eusart/sl_mx25_flash_shutdown.o
                0x080009c0                sl_mx25_flash_shutdown
 .text.CopyToRam
                0x08000b34       0x1c ./simplicity_sdk_2025.6.0/platform/Device/SiliconLabs/EFR32MG26/Source/startup_efr32mg26.o
                0x08000b34                CopyToRam
 .text.Reset_Handler
                0x08000b50       0x6c ./simplicity_sdk_2025.6.0/platform/Device/SiliconLabs/EFR32MG26/Source/startup_efr32mg26.o
                0x08000b50                Reset_Handler
 .text.SystemInit
                0x08000bbc       0x68 ./simplicity_sdk_2025.6.0/platform/Device/SiliconLabs/EFR32MG26/Source/system_efr32mg26.o
                0x08000bbc                SystemInit
 .text.SystemHFRCODPLLClockSet
                0x08000c24        0xc ./simplicity_sdk_2025.6.0/platform/Device/SiliconLabs/EFR32MG26/Source/system_efr32mg26.o
                0x08000c24                SystemHFRCODPLLClockSet
 .text.SystemHFXOClockSet
                0x08000c30       0x20 ./simplicity_sdk_2025.6.0/platform/Device/SiliconLabs/EFR32MG26/Source/system_efr32mg26.o
                0x08000c30                SystemHFXOClockSet
 .text.sl_slist_push_back
                0x08000c50       0x24 ./simplicity_sdk_2025.6.0/platform/common/src/sl_slist.o
                0x08000c50                sl_slist_push_back
 .text.sl_slist_pop
                0x08000c74       0x20 ./simplicity_sdk_2025.6.0/platform/common/src/sl_slist.o
                0x08000c74                sl_slist_pop
 .text.sl_debug_swo_init
                0x08000c94       0xcc ./simplicity_sdk_2025.6.0/platform/driver/debug/src/sl_debug_swo.o
                0x08000c94                sl_debug_swo_init
 .text.sl_debug_swo_write_u8
                0x08000d60       0x44 ./simplicity_sdk_2025.6.0/platform/driver/debug/src/sl_debug_swo.o
                0x08000d60                sl_debug_swo_write_u8
 .text.sl_gpio_dispatch_interrupt
                0x08000da4       0x5c ./simplicity_sdk_2025.6.0/platform/driver/gpio/src/sl_gpio.o
 .text.sl_gpio_init
                0x08000e00       0x38 ./simplicity_sdk_2025.6.0/platform/driver/gpio/src/sl_gpio.o
                0x08000e00                sl_gpio_init
 .text.sl_gpio_set_pin_mode
                0x08000e38       0x88 ./simplicity_sdk_2025.6.0/platform/driver/gpio/src/sl_gpio.o
                0x08000e38                sl_gpio_set_pin_mode
 .text.sl_gpio_set_pin
                0x08000ec0       0x60 ./simplicity_sdk_2025.6.0/platform/driver/gpio/src/sl_gpio.o
                0x08000ec0                sl_gpio_set_pin
 .text.sl_gpio_clear_pin
                0x08000f20       0x64 ./simplicity_sdk_2025.6.0/platform/driver/gpio/src/sl_gpio.o
                0x08000f20                sl_gpio_clear_pin
 .text.sl_gpio_configure_external_interrupt
                0x08000f84       0xe8 ./simplicity_sdk_2025.6.0/platform/driver/gpio/src/sl_gpio.o
                0x08000f84                sl_gpio_configure_external_interrupt
 .text.sl_gpio_configure_wakeup_em4_interrupt
                0x0800106c       0xc4 ./simplicity_sdk_2025.6.0/platform/driver/gpio/src/sl_gpio.o
                0x0800106c                sl_gpio_configure_wakeup_em4_interrupt
 .text.GPIO_EVEN_IRQHandler
                0x08001130       0x20 ./simplicity_sdk_2025.6.0/platform/driver/gpio/src/sl_gpio.o
                0x08001130                GPIO_EVEN_IRQHandler
 .text.GPIO_ODD_IRQHandler
                0x08001150       0x20 ./simplicity_sdk_2025.6.0/platform/driver/gpio/src/sl_gpio.o
                0x08001150                GPIO_ODD_IRQHandler
 .text.get_timer_clock
                0x08001170       0xbc ./simplicity_sdk_2025.6.0/platform/driver/pwm/src/sl_pwm.o
 .text.TIMER_MaxCount
                0x0800122c       0x80 ./simplicity_sdk_2025.6.0/platform/driver/pwm/src/sl_pwm.o
 .text.sl_pwm_init
                0x080012ac      0x1ac ./simplicity_sdk_2025.6.0/platform/driver/pwm/src/sl_pwm.o
                0x080012ac                sl_pwm_init
 .text.StartTransfer
                0x08001458      0x17c ./simplicity_sdk_2025.6.0/platform/emdrv/dmadrv/src/dmadrv.o
 .text.DMADRV_AllocateChannel
                0x080015d4       0x60 ./simplicity_sdk_2025.6.0/platform/emdrv/dmadrv/src/dmadrv.o
                0x080015d4                DMADRV_AllocateChannel
 .text.DMADRV_DeInit
                0x08001634       0x44 ./simplicity_sdk_2025.6.0/platform/emdrv/dmadrv/src/dmadrv.o
                0x08001634                DMADRV_DeInit
 .text.DMADRV_FreeChannel
                0x08001678       0x4c ./simplicity_sdk_2025.6.0/platform/emdrv/dmadrv/src/dmadrv.o
                0x08001678                DMADRV_FreeChannel
 .text.DMADRV_Init
                0x080016c4       0x68 ./simplicity_sdk_2025.6.0/platform/emdrv/dmadrv/src/dmadrv.o
                0x080016c4                DMADRV_Init
 .text.DMADRV_LdmaStartTransfer
                0x0800172c       0x4c ./simplicity_sdk_2025.6.0/platform/emdrv/dmadrv/src/dmadrv.o
                0x0800172c                DMADRV_LdmaStartTransfer
 .text.DMADRV_PauseTransfer
                0x08001778       0x40 ./simplicity_sdk_2025.6.0/platform/emdrv/dmadrv/src/dmadrv.o
                0x08001778                DMADRV_PauseTransfer
 .text.DMADRV_ResumeTransfer
                0x080017b8       0x40 ./simplicity_sdk_2025.6.0/platform/emdrv/dmadrv/src/dmadrv.o
                0x080017b8                DMADRV_ResumeTransfer
 .text.LDMA_IRQHandler
                0x080017f8       0x74 ./simplicity_sdk_2025.6.0/platform/emdrv/dmadrv/src/dmadrv.o
                0x080017f8                LDMA_IRQHandler
 .text.GPIOINT_CallbackRegister
                0x0800186c       0x3c ./simplicity_sdk_2025.6.0/platform/emdrv/gpiointerrupt/src/gpiointerrupt.o
                0x0800186c                GPIOINT_CallbackRegister
 .text.EMU_VScaleGet
                0x080018a8       0x18 ./simplicity_sdk_2025.6.0/platform/emlib/src/em_cmu.o
 .text.dpllRefClkGet
                0x080018c0       0x48 ./simplicity_sdk_2025.6.0/platform/emlib/src/em_cmu.o
 .text.em23GrpaClkGet
                0x08001908       0x48 ./simplicity_sdk_2025.6.0/platform/emlib/src/em_cmu.o
 .text.em4GrpaClkGet
                0x08001950       0x48 ./simplicity_sdk_2025.6.0/platform/emlib/src/em_cmu.o
 .text.sysrtcClkGet
                0x08001998       0x48 ./simplicity_sdk_2025.6.0/platform/emlib/src/em_cmu.o
 .text.traceClkGet
                0x080019e0       0x54 ./simplicity_sdk_2025.6.0/platform/emlib/src/em_cmu.o
 .text.em01GrpaClkGet
                0x08001a34       0x74 ./simplicity_sdk_2025.6.0/platform/emlib/src/em_cmu.o
 .text.em01GrpcClkGet
                0x08001aa8       0x70 ./simplicity_sdk_2025.6.0/platform/emlib/src/em_cmu.o
 .text.eusart0ClkGet
                0x08001b18       0x74 ./simplicity_sdk_2025.6.0/platform/emlib/src/em_cmu.o
 .text.iadcClkGet
                0x08001b8c       0x60 ./simplicity_sdk_2025.6.0/platform/emlib/src/em_cmu.o
 .text.wdog0ClkGet
                0x08001bec       0x64 ./simplicity_sdk_2025.6.0/platform/emlib/src/em_cmu.o
 .text.wdog1ClkGet
                0x08001c50       0x64 ./simplicity_sdk_2025.6.0/platform/emlib/src/em_cmu.o
 .text.lcdClkGet
                0x08001cb4       0x54 ./simplicity_sdk_2025.6.0/platform/emlib/src/em_cmu.o
 .text.vdac0ClkGet
                0x08001d08       0x70 ./simplicity_sdk_2025.6.0/platform/emlib/src/em_cmu.o
 .text.vdac1ClkGet
                0x08001d78       0x70 ./simplicity_sdk_2025.6.0/platform/emlib/src/em_cmu.o
 .text.pcnt0ClkGet
                0x08001de8       0x4c ./simplicity_sdk_2025.6.0/platform/emlib/src/em_cmu.o
 .text.HFRCODPLLDevinfoGet
                0x08001e34      0x108 ./simplicity_sdk_2025.6.0/platform/emlib/src/em_cmu.o
 .text.CMU_ClockDivGet
                0x08001f3c       0x78 ./simplicity_sdk_2025.6.0/platform/emlib/src/em_cmu.o
                0x08001f3c                CMU_ClockDivGet
 .text.flashWaitStateControl
                0x08001fb4       0x58 ./simplicity_sdk_2025.6.0/platform/emlib/src/em_cmu.o
 .text.CMU_ClockEnable
                0x0800200c       0x4c ./simplicity_sdk_2025.6.0/platform/emlib/src/em_cmu.o
                0x0800200c                CMU_ClockEnable
 .text.CMU_ClockFreqGet
                0x08002058      0x288 ./simplicity_sdk_2025.6.0/platform/emlib/src/em_cmu.o
                0x08002058                CMU_ClockFreqGet
 .text.rhclkPrescOptimize
                0x080022e0       0x20 ./simplicity_sdk_2025.6.0/platform/emlib/src/em_cmu.o
 .text.CMU_ClockSelectGet
                0x08002300      0x27c ./simplicity_sdk_2025.6.0/platform/emlib/src/em_cmu.o
                0x08002300                CMU_ClockSelectGet
 .text.sli_em_cmu_SYSTICEXTCLKENClear
                0x0800257c       0x30 ./simplicity_sdk_2025.6.0/platform/emlib/src/em_cmu.o
                0x0800257c                sli_em_cmu_SYSTICEXTCLKENClear
 .text.CMU_HFXOInit
                0x080025ac      0x224 ./simplicity_sdk_2025.6.0/platform/emlib/src/em_cmu.o
                0x080025ac                CMU_HFXOInit
 .text.CMU_HFXOCTuneDeltaGet
                0x080027d0        0xc ./simplicity_sdk_2025.6.0/platform/emlib/src/em_cmu.o
                0x080027d0                CMU_HFXOCTuneDeltaGet
 .text.CMU_LFXOInit
                0x080027dc       0xc4 ./simplicity_sdk_2025.6.0/platform/emlib/src/em_cmu.o
                0x080027dc                CMU_LFXOInit
 .text.CMU_LFXOPrecisionSet
                0x080028a0        0xc ./simplicity_sdk_2025.6.0/platform/emlib/src/em_cmu.o
                0x080028a0                CMU_LFXOPrecisionSet
 .text.CMU_HFXOPrecisionSet
                0x080028ac        0xc ./simplicity_sdk_2025.6.0/platform/emlib/src/em_cmu.o
                0x080028ac                CMU_HFXOPrecisionSet
 .text.CMU_LFRCOSetPrecision
                0x080028b8       0x80 ./simplicity_sdk_2025.6.0/platform/emlib/src/em_cmu.o
                0x080028b8                CMU_LFRCOSetPrecision
 .text.CMU_ClockDivSet
                0x08002938      0x12c ./simplicity_sdk_2025.6.0/platform/emlib/src/em_cmu.o
                0x08002938                CMU_ClockDivSet
 .text.sli_em_cmu_SYSCLKInitPreClockSelect
                0x08002a64       0x30 ./simplicity_sdk_2025.6.0/platform/emlib/src/em_cmu.o
                0x08002a64                sli_em_cmu_SYSCLKInitPreClockSelect
 .text.pclkDivOptimize
                0x08002a94       0x24 ./simplicity_sdk_2025.6.0/platform/emlib/src/em_cmu.o
 .text.sli_em_cmu_SYSCLKInitPostClockSelect
                0x08002ab8       0x40 ./simplicity_sdk_2025.6.0/platform/emlib/src/em_cmu.o
                0x08002ab8                sli_em_cmu_SYSCLKInitPostClockSelect
 .text.CMU_HFRCODPLLBandSet
                0x08002af8      0x11c ./simplicity_sdk_2025.6.0/platform/emlib/src/em_cmu.o
                0x08002af8                CMU_HFRCODPLLBandSet
 .text.CMU_HFRCOEM23BandSet
                0x08002c14      0x168 ./simplicity_sdk_2025.6.0/platform/emlib/src/em_cmu.o
                0x08002c14                CMU_HFRCOEM23BandSet
 .text.EMU_DCDCSync
                0x08002d7c       0x10 ./simplicity_sdk_2025.6.0/platform/emlib/src/em_emu.o
 .text.EMU_EM4Init
                0x08002d8c       0x14 ./simplicity_sdk_2025.6.0/platform/emlib/src/em_emu.o
                0x08002d8c                EMU_EM4Init
 .text.EMU_VScaleEM01
                0x08002da0       0xa8 ./simplicity_sdk_2025.6.0/platform/emlib/src/em_emu.o
                0x08002da0                EMU_VScaleEM01
 .text.EMU_VScaleEM01ByClock
                0x08002e48       0x30 ./simplicity_sdk_2025.6.0/platform/emlib/src/em_emu.o
                0x08002e48                EMU_VScaleEM01ByClock
 .text.EMU_DCDCModeSet
                0x08002e78       0xac ./simplicity_sdk_2025.6.0/platform/emlib/src/em_emu.o
                0x08002e78                EMU_DCDCModeSet
 .text.EMU_DCDCInit
                0x08002f24       0x70 ./simplicity_sdk_2025.6.0/platform/emlib/src/em_emu.o
                0x08002f24                EMU_DCDCInit
 .text.EMU_DCDCSetPFMXModePeakCurrent
                0x08002f94       0x6c ./simplicity_sdk_2025.6.0/platform/emlib/src/em_emu.o
                0x08002f94                EMU_DCDCSetPFMXModePeakCurrent
 .text.EUSART_ClockGet
                0x08003000       0x48 ./simplicity_sdk_2025.6.0/platform/emlib/src/em_eusart.o
 .text.EUSART_Reset
                0x08003048       0x54 ./simplicity_sdk_2025.6.0/platform/emlib/src/em_eusart.o
                0x08003048                EUSART_Reset
 .text.EUSART_Enable
                0x0800309c       0x7c ./simplicity_sdk_2025.6.0/platform/emlib/src/em_eusart.o
                0x0800309c                EUSART_Enable
 .text.EUSART_BaudrateSet
                0x08003118      0x1c8 ./simplicity_sdk_2025.6.0/platform/emlib/src/em_eusart.o
                0x08003118                EUSART_BaudrateSet
 .text.EUSART_SpiInit
                0x080032e0      0x284 ./simplicity_sdk_2025.6.0/platform/emlib/src/em_eusart.o
                0x080032e0                EUSART_SpiInit
 .text.BUS_RegBitWrite
                0x08003564       0x2c ./simplicity_sdk_2025.6.0/platform/emlib/src/em_gpio.o
 .text.GPIO_PinOutSet
                0x08003590       0x3c ./simplicity_sdk_2025.6.0/platform/emlib/src/em_gpio.o
 .text.GPIO_PinOutClear
                0x080035cc       0x3c ./simplicity_sdk_2025.6.0/platform/emlib/src/em_gpio.o
 .text.GPIO_ExtIntConfig
                0x08003608       0xe0 ./simplicity_sdk_2025.6.0/platform/emlib/src/em_gpio.o
                0x08003608                GPIO_ExtIntConfig
 .text.GPIO_PinModeSet
                0x080036e8       0x94 ./simplicity_sdk_2025.6.0/platform/emlib/src/em_gpio.o
                0x080036e8                GPIO_PinModeSet
 .text.LDMA_DeInit
                0x0800377c       0x2c ./simplicity_sdk_2025.6.0/platform/emlib/src/em_ldma.o
                0x0800377c                LDMA_DeInit
 .text.LDMA_EnableChannelRequest
                0x080037a8       0x40 ./simplicity_sdk_2025.6.0/platform/emlib/src/em_ldma.o
                0x080037a8                LDMA_EnableChannelRequest
 .text.LDMA_Init
                0x080037e8       0x90 ./simplicity_sdk_2025.6.0/platform/emlib/src/em_ldma.o
                0x080037e8                LDMA_Init
 .text.LDMA_StartTransfer
                0x08003878       0xf8 ./simplicity_sdk_2025.6.0/platform/emlib/src/em_ldma.o
                0x08003878                LDMA_StartTransfer
 .text.LDMA_StopTransfer
                0x08003970       0x38 ./simplicity_sdk_2025.6.0/platform/emlib/src/em_ldma.o
                0x08003970                LDMA_StopTransfer
 .text.LDMA_TransferDone
                0x080039a8       0x44 ./simplicity_sdk_2025.6.0/platform/emlib/src/em_ldma.o
                0x080039a8                LDMA_TransferDone
 .text.LDMA_TransferRemainingCount
                0x080039ec       0x44 ./simplicity_sdk_2025.6.0/platform/emlib/src/em_ldma.o
                0x080039ec                LDMA_TransferRemainingCount
 .text.TIMER_Valid
                0x08003a30       0x5c ./simplicity_sdk_2025.6.0/platform/emlib/src/em_timer.o
 .text.timerPrsConfig
                0x08003a8c       0xac ./simplicity_sdk_2025.6.0/platform/emlib/src/em_timer.o
 .text.TIMER_Init
                0x08003b38       0x98 ./simplicity_sdk_2025.6.0/platform/emlib/src/em_timer.o
                0x08003b38                TIMER_Init
 .text.TIMER_InitCC
                0x08003bd0       0xac ./simplicity_sdk_2025.6.0/platform/emlib/src/em_timer.o
                0x08003bd0                TIMER_InitCC
 .text.prsRxInput
                0x08003c7c       0x44 ./simplicity_sdk_2025.6.0/platform/emlib/src/em_usart.o
 .text.USART_BaudrateAsyncSet
                0x08003cc0       0xe0 ./simplicity_sdk_2025.6.0/platform/emlib/src/em_usart.o
                0x08003cc0                USART_BaudrateAsyncSet
 .text.USART_Enable
                0x08003da0       0x4c ./simplicity_sdk_2025.6.0/platform/emlib/src/em_usart.o
                0x08003da0                USART_Enable
 .text.USART_Reset
                0x08003dec       0x80 ./simplicity_sdk_2025.6.0/platform/emlib/src/em_usart.o
                0x08003dec                USART_Reset
 .text.USART_InitAsync
                0x08003e6c      0x11c ./simplicity_sdk_2025.6.0/platform/emlib/src/em_usart.o
                0x08003e6c                USART_InitAsync
 .text.sl_hal_gpio_clear_pin
                0x08003f88       0x5c ./simplicity_sdk_2025.6.0/platform/peripheral/src/sl_hal_gpio.o
                0x08003f88                sl_hal_gpio_clear_pin
 .text.sl_hal_gpio_get_enabled_pending_interrupts
                0x08003fe4       0x14 ./simplicity_sdk_2025.6.0/platform/peripheral/src/sl_hal_gpio.o
                0x08003fe4                sl_hal_gpio_get_enabled_pending_interrupts
 .text.sl_hal_gpio_get_em4_interrupt_number
                0x08003ff8       0x80 ./simplicity_sdk_2025.6.0/platform/peripheral/src/sl_hal_gpio.o
                0x08003ff8                sl_hal_gpio_get_em4_interrupt_number
 .text.sl_hal_gpio_set_pin_em4_retention
                0x08004078       0x20 ./simplicity_sdk_2025.6.0/platform/peripheral/src/sl_hal_gpio.o
                0x08004078                sl_hal_gpio_set_pin_em4_retention
 .text.sl_hal_gpio_set_pin_mode
                0x08004098       0xd8 ./simplicity_sdk_2025.6.0/platform/peripheral/src/sl_hal_gpio.o
                0x08004098                sl_hal_gpio_set_pin_mode
 .text.sl_hal_gpio_configure_external_interrupt
                0x08004170      0x180 ./simplicity_sdk_2025.6.0/platform/peripheral/src/sl_hal_gpio.o
                0x08004170                sl_hal_gpio_configure_external_interrupt
 .text.sl_hal_gpio_enable_pin_em4_wakeup
                0x080042f0       0x68 ./simplicity_sdk_2025.6.0/platform/peripheral/src/sl_hal_gpio.o
                0x080042f0                sl_hal_gpio_enable_pin_em4_wakeup
 .text.sl_hal_gpio_configure_wakeup_em4_external_interrupt
                0x08004358       0x94 ./simplicity_sdk_2025.6.0/platform/peripheral/src/sl_hal_gpio.o
                0x08004358                sl_hal_gpio_configure_wakeup_em4_external_interrupt
 .text.sl_hal_sysrtc_wait_ready
                0x080043ec       0x1c ./simplicity_sdk_2025.6.0/platform/peripheral/src/sl_hal_sysrtc.o
                0x080043ec                sl_hal_sysrtc_wait_ready
 .text.sl_hal_sysrtc_stop
                0x08004408       0x28 ./simplicity_sdk_2025.6.0/platform/peripheral/src/sl_hal_sysrtc.o
                0x08004408                sl_hal_sysrtc_stop
 .text.sl_hal_sysrtc_enable
                0x08004430       0x18 ./simplicity_sdk_2025.6.0/platform/peripheral/src/sl_hal_sysrtc.o
                0x08004430                sl_hal_sysrtc_enable
 .text.sl_hal_sysrtc_disable
                0x08004448       0x1c ./simplicity_sdk_2025.6.0/platform/peripheral/src/sl_hal_sysrtc.o
                0x08004448                sl_hal_sysrtc_disable
 .text.sl_hal_sysrtc_init
                0x08004464       0x24 ./simplicity_sdk_2025.6.0/platform/peripheral/src/sl_hal_sysrtc.o
                0x08004464                sl_hal_sysrtc_init
 .text.sl_hal_sysrtc_init_group
                0x08004488       0x44 ./simplicity_sdk_2025.6.0/platform/peripheral/src/sl_hal_sysrtc.o
                0x08004488                sl_hal_sysrtc_init_group
 .text.sli_clock_manager_hal_init
                0x080044cc      0x27c ./simplicity_sdk_2025.6.0/platform/service/clock_manager/src/sl_clock_manager_init_hal_s2.o
                0x080044cc                sli_clock_manager_hal_init
 .text.sl_device_init_dcdc
                0x08004748       0x2c ./simplicity_sdk_2025.6.0/platform/service/device_init/src/sl_device_init_dcdc_s2.o
                0x08004748                sl_device_init_dcdc
 .text.sl_device_init_emu
                0x08004774       0x24 ./simplicity_sdk_2025.6.0/platform/service/device_init/src/sl_device_init_emu_s2.o
                0x08004774                sl_device_init_emu
 .text.sl_interrupt_manager_disable_irq
                0x08004798       0x3c ./simplicity_sdk_2025.6.0/platform/service/interrupt_manager/src/sl_interrupt_manager_cortexm.o
                0x08004798                sl_interrupt_manager_disable_irq
 .text.sl_interrupt_manager_enable_irq
                0x080047d4       0x34 ./simplicity_sdk_2025.6.0/platform/service/interrupt_manager/src/sl_interrupt_manager_cortexm.o
                0x080047d4                sl_interrupt_manager_enable_irq
 .text.sl_interrupt_manager_is_irq_disabled
                0x08004808       0x30 ./simplicity_sdk_2025.6.0/platform/service/interrupt_manager/src/sl_interrupt_manager_cortexm.o
                0x08004808                sl_interrupt_manager_is_irq_disabled
 .text.sl_interrupt_manager_clear_irq_pending
                0x08004838       0x1c ./simplicity_sdk_2025.6.0/platform/service/interrupt_manager/src/sl_interrupt_manager_cortexm.o
                0x08004838                sl_interrupt_manager_clear_irq_pending
 .text.sl_interrupt_manager_set_irq_priority
                0x08004854       0x54 ./simplicity_sdk_2025.6.0/platform/service/interrupt_manager/src/sl_interrupt_manager_cortexm.o
                0x08004854                sl_interrupt_manager_set_irq_priority
 .text.sl_interrupt_manager_init
                0x080048a8       0x34 ./simplicity_sdk_2025.6.0/platform/service/interrupt_manager/src/sl_interrupt_manager_cortexm.o
                0x080048a8                sl_interrupt_manager_init
 .text.sl_iostream_set_default
                0x080048dc       0x18 ./simplicity_sdk_2025.6.0/platform/service/iostream/src/sl_iostream.o
                0x080048dc                sl_iostream_set_default
 .text.sl_iostream_get_default
                0x080048f4       0x18 ./simplicity_sdk_2025.6.0/platform/service/iostream/src/sl_iostream.o
                0x080048f4                sl_iostream_get_default
 .text.sli_iostream_swo_itm_8_init
                0x0800490c       0x1c ./simplicity_sdk_2025.6.0/platform/service/iostream/src/sl_iostream_swo_itm_8.o
                0x0800490c                sli_iostream_swo_itm_8_init
 .text.__rx_buffer_empty
                0x08004928       0x34 ./simplicity_sdk_2025.6.0/platform/service/iostream/src/sl_iostream_uart.o
 .text.__rx_buffer_full
                0x0800495c       0x4c ./simplicity_sdk_2025.6.0/platform/service/iostream/src/sl_iostream_uart.o
 .text.__get_write_ptr
                0x080049a8       0x60 ./simplicity_sdk_2025.6.0/platform/service/iostream/src/sl_iostream_uart.o
 .text.__uart_async_start_write
                0x08004a08       0x74 ./simplicity_sdk_2025.6.0/platform/service/iostream/src/sl_iostream_uart.o
 .text.set_new_data_detect
                0x08004a7c      0x174 ./simplicity_sdk_2025.6.0/platform/service/iostream/src/sl_iostream_uart.o
 .text.__uart_async_tx_dma_callback
                0x08004bf0       0x40 ./simplicity_sdk_2025.6.0/platform/service/iostream/src/sl_iostream_uart.o
 .text.rx_buffer_empty
                0x08004c30       0x38 ./simplicity_sdk_2025.6.0/platform/service/iostream/src/sl_iostream_uart.o
 .text.uart_read
                0x08004c68      0x2cc ./simplicity_sdk_2025.6.0/platform/service/iostream/src/sl_iostream_uart.o
 .text.uart_write
                0x08004f34      0x124 ./simplicity_sdk_2025.6.0/platform/service/iostream/src/sl_iostream_uart.o
 .text.sli_iostream_uart_context_init
                0x08005058      0x150 ./simplicity_sdk_2025.6.0/platform/service/iostream/src/sl_iostream_uart.o
                0x08005058                sli_iostream_uart_context_init
 .text.uart_deinit
                0x080051a8       0x9c ./simplicity_sdk_2025.6.0/platform/service/iostream/src/sl_iostream_uart.o
 .text.sl_iostream_usart_init
                0x08005244      0x174 ./simplicity_sdk_2025.6.0/platform/service/iostream/src/sl_iostream_usart.o
                0x08005244                sl_iostream_usart_init
 .text.sl_iostream_usart_irq_handler
                0x080053b8        0xc ./simplicity_sdk_2025.6.0/platform/service/iostream/src/sl_iostream_usart.o
                0x080053b8                sl_iostream_usart_irq_handler
 .text.sl_iostream_vuart_init
                0x080053c4       0x44 ./simplicity_sdk_2025.6.0/platform/service/iostream/src/sl_iostream_vuart.o
                0x080053c4                sl_iostream_vuart_init
 .text.vuart_write
                0x08005408       0x20 ./simplicity_sdk_2025.6.0/platform/service/iostream/src/sl_iostream_vuart.o
 .text._sbrk    0x08005428       0x20 ./simplicity_sdk_2025.6.0/platform/service/memory_manager/src/sl_memory_manager_region.o
                0x08005428                _sbrk
 .text.sl_sleeptimer_init
                0x08005448       0x74 ./simplicity_sdk_2025.6.0/platform/service/sleeptimer/src/sl_sleeptimer.o
                0x08005448                sl_sleeptimer_init
 .text.sleeptimer_hal_init_timer
                0x080054bc       0x6c ./simplicity_sdk_2025.6.0/platform/service/sleeptimer/src/sl_sleeptimer_hal_sysrtc.o
                0x080054bc                sleeptimer_hal_init_timer
 .text.sl_udelay_wait
                0x08005528       0x58 ./simplicity_sdk_2025.6.0/platform/service/udelay/src/sl_udelay.o
                0x08005528                sl_udelay_wait
 .text._DoInit  0x08005580       0x6c ./simplicity_sdk_2025.6.0/util/third_party/segger/systemview/SEGGER/SEGGER_RTT.o
 .text.SEGGER_RTT_ReadNoLock
                0x080055ec       0x94 ./simplicity_sdk_2025.6.0/util/third_party/segger/systemview/SEGGER/SEGGER_RTT.o
                0x080055ec                SEGGER_RTT_ReadNoLock
 .text.SEGGER_RTT_ConfigDownBuffer
                0x08005680       0x68 ./simplicity_sdk_2025.6.0/util/third_party/segger/systemview/SEGGER/SEGGER_RTT.o
                0x08005680                SEGGER_RTT_ConfigDownBuffer
 .text          0x080056e8      0x378 c:/siliconlabs/simplicitystudio/v5_3/developer/toolchains/gnu_arm/12.2.rel1_2023.7/bin/../lib/gcc/arm-none-eabi/12.2.1/thumb/v8-m.main+fp/hard\libgcc.a(_arm_addsubdf3.o)
                0x080056e8                __aeabi_drsub
                0x080056f0                __aeabi_dsub
                0x080056f0                __subdf3
                0x080056f4                __aeabi_dadd
                0x080056f4                __adddf3
                0x0800596c                __floatunsidf
                0x0800596c                __aeabi_ui2d
                0x0800598c                __floatsidf
                0x0800598c                __aeabi_i2d
                0x080059b0                __aeabi_f2d
                0x080059b0                __extendsfdf2
                0x080059f4                __floatundidf
                0x080059f4                __aeabi_ul2d
                0x08005a04                __floatdidf
                0x08005a04                __aeabi_l2d
 .text          0x08005a60       0x30 c:/siliconlabs/simplicitystudio/v5_3/developer/toolchains/gnu_arm/12.2.rel1_2023.7/bin/../lib/gcc/arm-none-eabi/12.2.1/thumb/v8-m.main+fp/hard\libgcc.a(_aeabi_uldivmod.o)
                0x08005a60                __aeabi_uldivmod
 .text.__udivmoddi4
                0x08005a90      0x2ec c:/siliconlabs/simplicitystudio/v5_3/developer/toolchains/gnu_arm/12.2.rel1_2023.7/bin/../lib/gcc/arm-none-eabi/12.2.1/thumb/v8-m.main+fp/hard\libgcc.a(_udivmoddi4.o)
                0x08005a90                __udivmoddi4
 .text          0x08005d7c        0x4 c:/siliconlabs/simplicitystudio/v5_3/developer/toolchains/gnu_arm/12.2.rel1_2023.7/bin/../lib/gcc/arm-none-eabi/12.2.1/thumb/v8-m.main+fp/hard\libgcc.a(_dvmd_tls.o)
                0x08005d7c                __aeabi_idiv0
                0x08005d7c                __aeabi_ldiv0
 .text.exit     0x08005d80       0x24 c:/siliconlabs/simplicitystudio/v5_3/developer/toolchains/gnu_arm/12.2.rel1_2023.7/bin/../lib/gcc/arm-none-eabi/12.2.1/thumb/v8-m.main+fp/hard\libc_nano.a(libc_a-exit.o)
                0x08005d80                exit
 .text.std      0x08005da4       0x6c c:/siliconlabs/simplicitystudio/v5_3/developer/toolchains/gnu_arm/12.2.rel1_2023.7/bin/../lib/gcc/arm-none-eabi/12.2.1/thumb/v8-m.main+fp/hard\libc_nano.a(libc_a-findfp.o)
 .text.stdio_exit_handler
                0x08005e10       0x18 c:/siliconlabs/simplicitystudio/v5_3/developer/toolchains/gnu_arm/12.2.rel1_2023.7/bin/../lib/gcc/arm-none-eabi/12.2.1/thumb/v8-m.main+fp/hard\libc_nano.a(libc_a-findfp.o)
 .text.cleanup_stdio
                0x08005e28       0x40 c:/siliconlabs/simplicitystudio/v5_3/developer/toolchains/gnu_arm/12.2.rel1_2023.7/bin/../lib/gcc/arm-none-eabi/12.2.1/thumb/v8-m.main+fp/hard\libc_nano.a(libc_a-findfp.o)
 .text.global_stdio_init.part.0
                0x08005e68       0x3c c:/siliconlabs/simplicitystudio/v5_3/developer/toolchains/gnu_arm/12.2.rel1_2023.7/bin/../lib/gcc/arm-none-eabi/12.2.1/thumb/v8-m.main+fp/hard\libc_nano.a(libc_a-findfp.o)
 .text.__sfp_lock_acquire
                0x08005ea4        0xc c:/siliconlabs/simplicitystudio/v5_3/developer/toolchains/gnu_arm/12.2.rel1_2023.7/bin/../lib/gcc/arm-none-eabi/12.2.1/thumb/v8-m.main+fp/hard\libc_nano.a(libc_a-findfp.o)
                0x08005ea4                __sfp_lock_acquire
 .text.__sfp_lock_release
                0x08005eb0        0xc c:/siliconlabs/simplicitystudio/v5_3/developer/toolchains/gnu_arm/12.2.rel1_2023.7/bin/../lib/gcc/arm-none-eabi/12.2.1/thumb/v8-m.main+fp/hard\libc_nano.a(libc_a-findfp.o)
                0x08005eb0                __sfp_lock_release
 .text.__sinit  0x08005ebc       0x30 c:/siliconlabs/simplicitystudio/v5_3/developer/toolchains/gnu_arm/12.2.rel1_2023.7/bin/../lib/gcc/arm-none-eabi/12.2.1/thumb/v8-m.main+fp/hard\libc_nano.a(libc_a-findfp.o)
                0x08005ebc                __sinit
 .text.printf   0x08005eec       0x24 c:/siliconlabs/simplicitystudio/v5_3/developer/toolchains/gnu_arm/12.2.rel1_2023.7/bin/../lib/gcc/arm-none-eabi/12.2.1/thumb/v8-m.main+fp/hard\libc_nano.a(libc_a-printf.o)
                0x08005eec                iprintf
                0x08005eec                printf
 .text.setvbuf  0x08005f10      0x168 c:/siliconlabs/simplicitystudio/v5_3/developer/toolchains/gnu_arm/12.2.rel1_2023.7/bin/../lib/gcc/arm-none-eabi/12.2.1/thumb/v8-m.main+fp/hard\libc_nano.a(libc_a-setvbuf.o)
                0x08005f10                setvbuf
 .text.snprintf
                0x08006078       0x68 c:/siliconlabs/simplicitystudio/v5_3/developer/toolchains/gnu_arm/12.2.rel1_2023.7/bin/../lib/gcc/arm-none-eabi/12.2.1/thumb/v8-m.main+fp/hard\libc_nano.a(libc_a-snprintf.o)
                0x08006078                sniprintf
                0x08006078                snprintf
 .text._close_r
                0x080060e0       0x20 c:/siliconlabs/simplicitystudio/v5_3/developer/toolchains/gnu_arm/12.2.rel1_2023.7/bin/../lib/gcc/arm-none-eabi/12.2.1/thumb/v8-m.main+fp/hard\libc_nano.a(libc_a-closer.o)
                0x080060e0                _close_r
 .text._lseek_r
                0x08006100       0x24 c:/siliconlabs/simplicitystudio/v5_3/developer/toolchains/gnu_arm/12.2.rel1_2023.7/bin/../lib/gcc/arm-none-eabi/12.2.1/thumb/v8-m.main+fp/hard\libc_nano.a(libc_a-lseekr.o)
                0x08006100                _lseek_r
 .text._read_r  0x08006124       0x24 c:/siliconlabs/simplicitystudio/v5_3/developer/toolchains/gnu_arm/12.2.rel1_2023.7/bin/../lib/gcc/arm-none-eabi/12.2.1/thumb/v8-m.main+fp/hard\libc_nano.a(libc_a-readr.o)
                0x08006124                _read_r
 .text._write_r
                0x08006148       0x24 c:/siliconlabs/simplicitystudio/v5_3/developer/toolchains/gnu_arm/12.2.rel1_2023.7/bin/../lib/gcc/arm-none-eabi/12.2.1/thumb/v8-m.main+fp/hard\libc_nano.a(libc_a-writer.o)
                0x08006148                _write_r
 .text.__libc_init_array
                0x0800616c       0x48 c:/siliconlabs/simplicitystudio/v5_3/developer/toolchains/gnu_arm/12.2.rel1_2023.7/bin/../lib/gcc/arm-none-eabi/12.2.1/thumb/v8-m.main+fp/hard\libc_nano.a(libc_a-init.o)
                0x0800616c                __libc_init_array
 .text._free_r  0x080061b4       0x94 c:/siliconlabs/simplicitystudio/v5_3/developer/toolchains/gnu_arm/12.2.rel1_2023.7/bin/../lib/gcc/arm-none-eabi/12.2.1/thumb/v8-m.main+fp/hard\libc_nano.a(libc_a-freer.o)
                0x080061b4                _free_r
 .text.malloc   0x08006248       0x10 c:/siliconlabs/simplicitystudio/v5_3/developer/toolchains/gnu_arm/12.2.rel1_2023.7/bin/../lib/gcc/arm-none-eabi/12.2.1/thumb/v8-m.main+fp/hard\libc_nano.a(libc_a-malloc.o)
                0x08006248                malloc
 .text.sbrk_aligned
                0x08006258       0x44 c:/siliconlabs/simplicitystudio/v5_3/developer/toolchains/gnu_arm/12.2.rel1_2023.7/bin/../lib/gcc/arm-none-eabi/12.2.1/thumb/v8-m.main+fp/hard\libc_nano.a(libc_a-mallocr.o)
 .text._malloc_r
                0x0800629c       0xf0 c:/siliconlabs/simplicitystudio/v5_3/developer/toolchains/gnu_arm/12.2.rel1_2023.7/bin/../lib/gcc/arm-none-eabi/12.2.1/thumb/v8-m.main+fp/hard\libc_nano.a(libc_a-mallocr.o)
                0x0800629c                _malloc_r
 .text.__malloc_lock
                0x0800638c        0xc c:/siliconlabs/simplicitystudio/v5_3/developer/toolchains/gnu_arm/12.2.rel1_2023.7/bin/../lib/gcc/arm-none-eabi/12.2.1/thumb/v8-m.main+fp/hard\libc_nano.a(libc_a-mlock.o)
                0x0800638c                __malloc_lock
 .text.__malloc_unlock
                0x08006398        0xc c:/siliconlabs/simplicitystudio/v5_3/developer/toolchains/gnu_arm/12.2.rel1_2023.7/bin/../lib/gcc/arm-none-eabi/12.2.1/thumb/v8-m.main+fp/hard\libc_nano.a(libc_a-mlock.o)
                0x08006398                __malloc_unlock
 .text._svfprintf_r
                0x080063a4      0x1f8 c:/siliconlabs/simplicitystudio/v5_3/developer/toolchains/gnu_arm/12.2.rel1_2023.7/bin/../lib/gcc/arm-none-eabi/12.2.1/thumb/v8-m.main+fp/hard\libc_nano.a(libc_a-nano-svfprintf.o)
                0x080063a4                _svfiprintf_r
                0x080063a4                _svfprintf_r
 .text._vfprintf_r
                0x0800659c      0x230 c:/siliconlabs/simplicitystudio/v5_3/developer/toolchains/gnu_arm/12.2.rel1_2023.7/bin/../lib/gcc/arm-none-eabi/12.2.1/thumb/v8-m.main+fp/hard\libc_nano.a(libc_a-nano-vfprintf.o)
                0x0800659c                _vfprintf_r
                0x0800659c                _vfiprintf_r
 .text._printf_i
                0x080067cc      0x258 c:/siliconlabs/simplicitystudio/v5_3/developer/toolchains/gnu_arm/12.2.rel1_2023.7/bin/../lib/gcc/arm-none-eabi/12.2.1/thumb/v8-m.main+fp/hard\libc_nano.a(libc_a-nano-vfprintf_i.o)
                0x080067cc                _printf_i
 .text.__swsetup_r
                0x08006a24       0xac c:/siliconlabs/simplicitystudio/v5_3/developer/toolchains/gnu_arm/12.2.rel1_2023.7/bin/../lib/gcc/arm-none-eabi/12.2.1/thumb/v8-m.main+fp/hard\libc_nano.a(libc_a-wsetup.o)
                0x08006a24                __swsetup_r
 .text._fstat_r
                0x08006ad0       0x24 c:/siliconlabs/simplicitystudio/v5_3/developer/toolchains/gnu_arm/12.2.rel1_2023.7/bin/../lib/gcc/arm-none-eabi/12.2.1/thumb/v8-m.main+fp/hard\libc_nano.a(libc_a-fstatr.o)
                0x08006ad0                _fstat_r
 .text._isatty_r
                0x08006af4       0x20 c:/siliconlabs/simplicitystudio/v5_3/developer/toolchains/gnu_arm/12.2.rel1_2023.7/bin/../lib/gcc/arm-none-eabi/12.2.1/thumb/v8-m.main+fp/hard\libc_nano.a(libc_a-isattyr.o)
                0x08006af4                _isatty_r
 .text._sbrk_r  0x08006b14       0x20 c:/siliconlabs/simplicitystudio/v5_3/developer/toolchains/gnu_arm/12.2.rel1_2023.7/bin/../lib/gcc/arm-none-eabi/12.2.1/thumb/v8-m.main+fp/hard\libc_nano.a(libc_a-sbrkr.o)
                0x08006b14                _sbrk_r
 .text.startup.main
                0x08006b34       0x34 ./main.o
                0x08006b34                main
 .text.initCMU  0x08006b68       0x16 ./motor_pwm.o
                0x08006b68                initCMU
 .text.initGPIO
                0x08006b7e       0x4e ./motor_pwm.o
                0x08006b7e                initGPIO
 .text.motor1_forward
                0x08006bcc       0x16 ./motor_pwm.o
                0x08006bcc                motor1_forward
 .text.motor1_backward
                0x08006be2       0x16 ./motor_pwm.o
                0x08006be2                motor1_backward
 .text.motor2_forward
                0x08006bf8       0x16 ./motor_pwm.o
                0x08006bf8                motor2_forward
 .text.motor2_backward
                0x08006c0e       0x16 ./motor_pwm.o
                0x08006c0e                motor2_backward
 .text.sl_board_default_init
                0x08006c24        0x2 ./autogen/sl_board_default_init.o
                0x08006c24                sl_board_default_init
 .text.sli_driver_permanent_allocation
                0x08006c26        0x2 ./autogen/sl_event_handler.o
                0x08006c26                sli_driver_permanent_allocation
 .text.sli_service_permanent_allocation
                0x08006c28        0x2 ./autogen/sl_event_handler.o
                0x08006c28                sli_service_permanent_allocation
 .text.sli_stack_permanent_allocation
                0x08006c2a        0x2 ./autogen/sl_event_handler.o
                0x08006c2a                sli_stack_permanent_allocation
 .text.sli_internal_permanent_allocation
                0x08006c2c        0x2 ./autogen/sl_event_handler.o
                0x08006c2c                sli_internal_permanent_allocation
 .text.sl_platform_init
                0x08006c2e       0x12 ./autogen/sl_event_handler.o
                0x08006c2e                sl_platform_init
 .text.sli_internal_init_early
                0x08006c40        0x2 ./autogen/sl_event_handler.o
                0x08006c40                sli_internal_init_early
 .text.sl_driver_init
                0x08006c42       0x1a ./autogen/sl_event_handler.o
                0x08006c42                sl_driver_init
 .text.sl_stack_init
                0x08006c5c        0x2 ./autogen/sl_event_handler.o
                0x08006c5c                sl_stack_init
 .text.sl_internal_app_init
                0x08006c5e        0x2 ./autogen/sl_event_handler.o
                0x08006c5e                sl_internal_app_init
 .text.sli_platform_process_action
                0x08006c60        0x2 ./autogen/sl_event_handler.o
                0x08006c60                sli_platform_process_action
 .text.sli_service_process_action
                0x08006c62        0x2 ./autogen/sl_event_handler.o
                0x08006c62                sli_service_process_action
 .text.sli_stack_process_action
                0x08006c64        0x2 ./autogen/sl_event_handler.o
                0x08006c64                sli_stack_process_action
 .text.sli_internal_app_process_action
                0x08006c66        0x2 ./autogen/sl_event_handler.o
                0x08006c66                sli_internal_app_process_action
 .text.sl_iostream_init_instances_stage_1
                0x08006c68        0xe ./autogen/sl_event_handler.o
                0x08006c68                sl_iostream_init_instances_stage_1
 .text.sl_service_init
                0x08006c76       0x12 ./autogen/sl_event_handler.o
                0x08006c76                sl_service_init
 .text.USART0_TX_IRQHandler
                0x08006c88        0x4 ./autogen/sl_iostream_init_usart_instances.o
                0x08006c88                USART0_TX_IRQHandler
 .text.sl_board_configure_vcom
                0x08006c8c        0x4 ./simplicity_sdk_2025.6.0/hardware/board/src/sl_board_control_gpio.o
                0x08006c8c                sl_board_configure_vcom
 .text.sli_cos_swo_itm_8_write.constprop.0.isra.0
                0x08006c90       0x78 ./simplicity_sdk_2025.6.0/hardware/driver/configuration_over_swo/src/sl_cos.o
 .text.sl_cos_send_config
                0x08006d08       0x12 ./simplicity_sdk_2025.6.0/hardware/driver/configuration_over_swo/src/sl_cos.o
                0x08006d08                sl_cos_send_config
 .text.sl_cos_config_vcom
                0x08006d1a       0x1c ./simplicity_sdk_2025.6.0/hardware/driver/configuration_over_swo/src/sl_cos.o
                0x08006d1a                sl_cos_config_vcom
 .text.Default_Handler
                0x08006d36        0x2 ./simplicity_sdk_2025.6.0/platform/Device/SiliconLabs/EFR32MG26/Source/startup_efr32mg26.o
                0x08006d36                ULFRCO_IRQHandler
                0x08006d36                AHB2AHB1_IRQHandler
                0x08006d36                SW2_IRQHandler
                0x08006d36                TIMER2_IRQHandler
                0x08006d36                DebugMon_Handler
                0x08006d36                TIMER5_IRQHandler
                0x08006d36                IADC_IRQHandler
                0x08006d36                EUSART0_TX_IRQHandler
                0x08006d36                I2C0_IRQHandler
                0x08006d36                LFXO_IRQHandler
                0x08006d36                HardFault_Handler
                0x08006d36                SMU_SECURE_IRQHandler
                0x08006d36                SysTick_Handler
                0x08006d36                SYSRTC_SEQ_IRQHandler
                0x08006d36                USART1_RX_IRQHandler
                0x08006d36                EMUEFP_IRQHandler
                0x08006d36                TIMER7_IRQHandler
                0x08006d36                EUSART2_TX_IRQHandler
                0x08006d36                PendSV_Handler
                0x08006d36                NMI_Handler
                0x08006d36                SYNTH_IRQHandler
                0x08006d36                HOSTMAILBOX_IRQHandler
                0x08006d36                HFXO0_IRQHandler
                0x08006d36                I2C1_IRQHandler
                0x08006d36                EUSART3_TX_IRQHandler
                0x08006d36                WDOG0_IRQHandler
                0x08006d36                TIMER3_IRQHandler
                0x08006d36                SYSCFG_IRQHandler
                0x08006d36                RFECA1_IRQHandler
                0x08006d36                EMUDG_IRQHandler
                0x08006d36                USART1_TX_IRQHandler
                0x08006d36                MSC_IRQHandler
                0x08006d36                DPLL0_IRQHandler
                0x08006d36                TIMER8_IRQHandler
                0x08006d36                UsageFault_Handler
                0x08006d36                WDOG1_IRQHandler
                0x08006d36                M33CTI1_IRQHandler
                0x08006d36                TIMER4_IRQHandler
                0x08006d36                TIMER9_IRQHandler
                0x08006d36                VDAC0_IRQHandler
                0x08006d36                TIMER6_IRQHandler
                0x08006d36                SEMBTX_IRQHandler
                0x08006d36                I2C2_IRQHandler
                0x08006d36                SW0_IRQHandler
                0x08006d36                TIMER0_IRQHandler
                0x08006d36                LCD_IRQHandler
                0x08006d36                MVP_IRQHandler
                0x08006d36                LETIMER0_IRQHandler
                0x08006d36                EUSART1_RX_IRQHandler
                0x08006d36                TIMER1_IRQHandler
                0x08006d36                HFRCO0_IRQHandler
                0x08006d36                SecureFault_Handler
                0x08006d36                BUFC_IRQHandler
                0x08006d36                DCDC_IRQHandler
                0x08006d36                MODEM_IRQHandler
                0x08006d36                USART2_RX_IRQHandler
                0x08006d36                Default_Handler
                0x08006d36                RAC_SEQ_IRQHandler
                0x08006d36                FRC_PRI_IRQHandler
                0x08006d36                EMU_IRQHandler
                0x08006d36                SW3_IRQHandler
                0x08006d36                KERNEL0_IRQHandler
                0x08006d36                FRC_IRQHandler
                0x08006d36                PCNT0_IRQHandler
                0x08006d36                KERNEL1_IRQHandler
                0x08006d36                AGC_IRQHandler
                0x08006d36                EUSART1_TX_IRQHandler
                0x08006d36                KEYSCAN_IRQHandler
                0x08006d36                sl_app_properties
                0x08006d36                HFRCOEM23_IRQHandler
                0x08006d36                BURTC_IRQHandler
                0x08006d36                SEMBRX_IRQHandler
                0x08006d36                RFECA0_IRQHandler
                0x08006d36                LFRCO_IRQHandler
                0x08006d36                I2C3_IRQHandler
                0x08006d36                VDAC1_IRQHandler
                0x08006d36                ACMP0_IRQHandler
                0x08006d36                MemManage_Handler
                0x08006d36                MPAHBRAM0_IRQHandler
                0x08006d36                AHB2AHB0_IRQHandler
                0x08006d36                SVC_Handler
                0x08006d36                EUSART3_RX_IRQHandler
                0x08006d36                EUSART2_RX_IRQHandler
                0x08006d36                SMU_S_PRIVILEGED_IRQHandler
                0x08006d36                SW1_IRQHandler
                0x08006d36                CMU_IRQHandler
                0x08006d36                EUSART0_RX_IRQHandler
                0x08006d36                RAC_RSM_IRQHandler
                0x08006d36                SETAMPERHOST_IRQHandler
                0x08006d36                AES_IRQHandler
                0x08006d36                M33CTI0_IRQHandler
                0x08006d36                ICACHE0_IRQHandler
                0x08006d36                SMU_NS_PRIVILEGED_IRQHandler
                0x08006d36                FPUEXH_IRQHandler
                0x08006d36                PROTIMER_IRQHandler
                0x08006d36                ACMP1_IRQHandler
                0x08006d36                BusFault_Handler
                0x08006d36                USART2_TX_IRQHandler
                0x08006d36                MPAHBRAM1_IRQHandler
 .text.CopyMemory
                0x08006d38       0x1a ./simplicity_sdk_2025.6.0/platform/Device/SiliconLabs/EFR32MG26/Source/startup_efr32mg26.o
                0x08006d38                CopyMemory
 .text.assertEFM
                0x08006d52        0x2 ./simplicity_sdk_2025.6.0/platform/common/src/sl_assert.o
                0x08006d52                assertEFM
 .text.sl_slist_init
                0x08006d54        0x6 ./simplicity_sdk_2025.6.0/platform/common/src/sl_slist.o
                0x08006d54                sl_slist_init
 .text._close   0x08006d5a        0x6 ./simplicity_sdk_2025.6.0/platform/common/src/sl_syscalls.o
                0x08006d5a                _close
 .text._exit    0x08006d60        0x2 ./simplicity_sdk_2025.6.0/platform/common/src/sl_syscalls.o
                0x08006d60                _exit
 .text._fstat   0x08006d62        0x4 ./simplicity_sdk_2025.6.0/platform/common/src/sl_syscalls.o
                0x08006d62                _fstat
 .text._isatty  0x08006d66        0x4 ./simplicity_sdk_2025.6.0/platform/common/src/sl_syscalls.o
                0x08006d66                _isatty
 .text._lseek   0x08006d6a        0x4 ./simplicity_sdk_2025.6.0/platform/common/src/sl_syscalls.o
                0x08006d6a                _lseek
 .text._read    0x08006d6e        0x4 ./simplicity_sdk_2025.6.0/platform/common/src/sl_syscalls.o
                0x08006d6e                _read
 .text._write   0x08006d72        0x4 ./simplicity_sdk_2025.6.0/platform/common/src/sl_syscalls.o
                0x08006d72                _write
 .text.sl_debug_swo_enable_itm
                0x08006d76       0x16 ./simplicity_sdk_2025.6.0/platform/driver/debug/src/sl_debug_swo.o
                0x08006d76                sl_debug_swo_enable_itm
 .text.sl_debug_swo_disable_itm
                0x08006d8c       0x18 ./simplicity_sdk_2025.6.0/platform/driver/debug/src/sl_debug_swo.o
                0x08006d8c                sl_debug_swo_disable_itm
 .text.DMADRV_PeripheralMemory
                0x08006da4       0x34 ./simplicity_sdk_2025.6.0/platform/emdrv/dmadrv/src/dmadrv.o
                0x08006da4                DMADRV_PeripheralMemory
 .text.gpioint_map_callback
                0x08006dd8        0x6 ./simplicity_sdk_2025.6.0/platform/emdrv/gpiointerrupt/src/gpiointerrupt.o
 .text.GPIOINT_Init
                0x08006dde        0x4 ./simplicity_sdk_2025.6.0/platform/emdrv/gpiointerrupt/src/gpiointerrupt.o
                0x08006dde                GPIOINT_Init
 .text.BUS_RegMaskedWrite
                0x08006de2       0x1e ./simplicity_sdk_2025.6.0/platform/emlib/src/em_cmu.o
 .text.waitStateMax
                0x08006e00       0x10 ./simplicity_sdk_2025.6.0/platform/emlib/src/em_cmu.o
 .text.CMU_UpdateWaitStates
                0x08006e10        0xc ./simplicity_sdk_2025.6.0/platform/emlib/src/em_cmu.o
                0x08006e10                CMU_UpdateWaitStates
 .text.pclkDivMax
                0x08006e1c        0xa ./simplicity_sdk_2025.6.0/platform/emlib/src/em_cmu.o
 .text.EMU_EFPEM01VScale
                0x08006e26        0x2 ./simplicity_sdk_2025.6.0/platform/emlib/src/em_emu.o
                0x08006e26                EMU_EFPEM01VScale
 .text.EMU_DCDCUpdatedHook
                0x08006e28        0x2 ./simplicity_sdk_2025.6.0/platform/emlib/src/em_emu.o
                0x08006e28                EMU_DCDCUpdatedHook
 .text.eusart_sync
                0x08006e2a        0x8 ./simplicity_sdk_2025.6.0/platform/emlib/src/em_eusart.o
 .text.EUSART_Disable
                0x08006e32       0x34 ./simplicity_sdk_2025.6.0/platform/emlib/src/em_eusart.o
 .text.EUSART_Spi_TxRx
                0x08006e66       0x14 ./simplicity_sdk_2025.6.0/platform/emlib/src/em_eusart.o
                0x08006e66                EUSART_Spi_TxRx
 .text.BUS_RegMaskedWrite
                0x08006e7a       0x1e ./simplicity_sdk_2025.6.0/platform/emlib/src/em_gpio.o
 .text.TIMER_SyncWait
                0x08006e98        0xe ./simplicity_sdk_2025.6.0/platform/emlib/src/em_timer.o
                0x08006e98                TIMER_SyncWait
 .text.USART_Tx
                0x08006ea6        0xa ./simplicity_sdk_2025.6.0/platform/emlib/src/em_usart.o
                0x08006ea6                USART_Tx
 .text.sl_hal_bus_reg_write_mask
                0x08006eb0       0x1e ./simplicity_sdk_2025.6.0/platform/peripheral/src/sl_hal_gpio.o
 .text.sl_hal_gpio_get_external_interrupt_number
                0x08006ece       0x34 ./simplicity_sdk_2025.6.0/platform/peripheral/src/sl_hal_gpio.o
                0x08006ece                sl_hal_gpio_get_external_interrupt_number
 .text.sl_clock_manager_runtime_init
                0x08006f02        0x4 ./simplicity_sdk_2025.6.0/platform/service/clock_manager/src/sl_clock_manager.o
                0x08006f02                sl_clock_manager_runtime_init
 .text.sli_clock_manager_hal_runtime_init
                0x08006f06        0x4 ./simplicity_sdk_2025.6.0/platform/service/clock_manager/src/sl_clock_manager_hal_s2.o
                0x08006f06                sli_clock_manager_hal_runtime_init
 .text.sl_clock_manager_init
                0x08006f0a        0x4 ./simplicity_sdk_2025.6.0/platform/service/clock_manager/src/sl_clock_manager_init.o
                0x08006f0a                sl_clock_manager_init
 .text.sl_iostream_write
                0x08006f0e       0x22 ./simplicity_sdk_2025.6.0/platform/service/iostream/src/sl_iostream.o
                0x08006f0e                sl_iostream_write
 .text.sli_iostream_swo_itm_8_write
                0x08006f30       0x7a ./simplicity_sdk_2025.6.0/platform/service/iostream/src/sl_iostream_swo_itm_8.o
                0x08006f30                sli_iostream_swo_itm_8_write
 .text.set_auto_cr_lf
                0x08006faa        0x6 ./simplicity_sdk_2025.6.0/platform/service/iostream/src/sl_iostream_uart.o
 .text.get_auto_cr_lf
                0x08006fb0        0x6 ./simplicity_sdk_2025.6.0/platform/service/iostream/src/sl_iostream_uart.o
 .text.__uart_async_rx_dma_callback
                0x08006fb6       0x70 ./simplicity_sdk_2025.6.0/platform/service/iostream/src/sl_iostream_uart.o
 .text.uart_write_async
                0x08007026       0x46 ./simplicity_sdk_2025.6.0/platform/service/iostream/src/sl_iostream_uart.o
 .text.sli_iostream_uart_unsubscribe_to_new_data
                0x0800706c       0x1c ./simplicity_sdk_2025.6.0/platform/service/iostream/src/sl_iostream_uart.o
                0x0800706c                sli_iostream_uart_unsubscribe_to_new_data
 .text.usart_rx
                0x08007088       0x14 ./simplicity_sdk_2025.6.0/platform/service/iostream/src/sl_iostream_usart.o
 .text.usart_deinit
                0x0800709c       0x76 ./simplicity_sdk_2025.6.0/platform/service/iostream/src/sl_iostream_usart.o
 .text.usart_tx
                0x08007112        0xe ./simplicity_sdk_2025.6.0/platform/service/iostream/src/sl_iostream_usart.o
 .text.vuart_read
                0x08007120       0x16 ./simplicity_sdk_2025.6.0/platform/service/iostream/src/sl_iostream_vuart.o
 .text.app_init_pre_clock
                0x08007136        0x2 ./simplicity_sdk_2025.6.0/platform/service/sl_main/src/sl_main_init.o
                0x08007136                app_init_pre_clock
 .text.app_init_early
                0x08007138        0x2 ./simplicity_sdk_2025.6.0/platform/service/sl_main/src/sl_main_init.o
                0x08007138                app_init_early
 .text.sl_main_second_stage_init
                0x0800713a       0x1a ./simplicity_sdk_2025.6.0/platform/service/sl_main/src/sl_main_init.o
                0x0800713a                sl_main_second_stage_init
 .text.sl_main_init
                0x08007154       0x2e ./simplicity_sdk_2025.6.0/platform/service/sl_main/src/sl_main_init.o
                0x08007154                sl_main_init
 .text.app_permanent_memory_alloc
                0x08007182        0x2 ./simplicity_sdk_2025.6.0/platform/service/sl_main/src/sl_main_init_memory.o
                0x08007182                app_permanent_memory_alloc
 .text.sli_allocate_permanent_memory
                0x08007184       0x18 ./simplicity_sdk_2025.6.0/platform/service/sl_main/src/sl_main_init_memory.o
                0x08007184                sli_allocate_permanent_memory
 .text.sl_main_process_action
                0x0800719c       0x16 ./simplicity_sdk_2025.6.0/platform/service/sl_main/src/sl_main_process_action.o
                0x0800719c                sl_main_process_action
 .text.SEGGER_RTT_Read
                0x080071b2       0x1c ./simplicity_sdk_2025.6.0/util/third_party/segger/systemview/SEGGER/SEGGER_RTT.o
                0x080071b2                SEGGER_RTT_Read
 .text.abs      0x080071ce        0x8 c:/siliconlabs/simplicitystudio/v5_3/developer/toolchains/gnu_arm/12.2.rel1_2023.7/bin/../lib/gcc/arm-none-eabi/12.2.1/thumb/v8-m.main+fp/hard\libc_nano.a(libc_a-abs.o)
                0x080071ce                abs
 .text._fwalk_sglue
                0x080071d6       0x3c c:/siliconlabs/simplicitystudio/v5_3/developer/toolchains/gnu_arm/12.2.rel1_2023.7/bin/../lib/gcc/arm-none-eabi/12.2.1/thumb/v8-m.main+fp/hard\libc_nano.a(libc_a-fwalk.o)
                0x080071d6                _fwalk_sglue
 .text.__sread  0x08007212       0x22 c:/siliconlabs/simplicitystudio/v5_3/developer/toolchains/gnu_arm/12.2.rel1_2023.7/bin/../lib/gcc/arm-none-eabi/12.2.1/thumb/v8-m.main+fp/hard\libc_nano.a(libc_a-stdio.o)
                0x08007212                __sread
 .text.__swrite
                0x08007234       0x38 c:/siliconlabs/simplicitystudio/v5_3/developer/toolchains/gnu_arm/12.2.rel1_2023.7/bin/../lib/gcc/arm-none-eabi/12.2.1/thumb/v8-m.main+fp/hard\libc_nano.a(libc_a-stdio.o)
                0x08007234                __swrite
 .text.__sseek  0x0800726c       0x24 c:/siliconlabs/simplicitystudio/v5_3/developer/toolchains/gnu_arm/12.2.rel1_2023.7/bin/../lib/gcc/arm-none-eabi/12.2.1/thumb/v8-m.main+fp/hard\libc_nano.a(libc_a-stdio.o)
                0x0800726c                __sseek
 .text.__sclose
                0x08007290        0x8 c:/siliconlabs/simplicitystudio/v5_3/developer/toolchains/gnu_arm/12.2.rel1_2023.7/bin/../lib/gcc/arm-none-eabi/12.2.1/thumb/v8-m.main+fp/hard\libc_nano.a(libc_a-stdio.o)
                0x08007290                __sclose
 .text.memset   0x08007298       0x10 c:/siliconlabs/simplicitystudio/v5_3/developer/toolchains/gnu_arm/12.2.rel1_2023.7/bin/../lib/gcc/arm-none-eabi/12.2.1/thumb/v8-m.main+fp/hard\libc_nano.a(libc_a-memset.o)
                0x08007298                memset
 .text.__retarget_lock_init_recursive
                0x080072a8        0x2 c:/siliconlabs/simplicitystudio/v5_3/developer/toolchains/gnu_arm/12.2.rel1_2023.7/bin/../lib/gcc/arm-none-eabi/12.2.1/thumb/v8-m.main+fp/hard\libc_nano.a(libc_a-lock.o)
                0x080072a8                __retarget_lock_init_recursive
 .text.__retarget_lock_acquire_recursive
                0x080072aa        0x2 c:/siliconlabs/simplicitystudio/v5_3/developer/toolchains/gnu_arm/12.2.rel1_2023.7/bin/../lib/gcc/arm-none-eabi/12.2.1/thumb/v8-m.main+fp/hard\libc_nano.a(libc_a-lock.o)
                0x080072aa                __retarget_lock_acquire_recursive
 .text.__retarget_lock_release_recursive
                0x080072ac        0x2 c:/siliconlabs/simplicitystudio/v5_3/developer/toolchains/gnu_arm/12.2.rel1_2023.7/bin/../lib/gcc/arm-none-eabi/12.2.1/thumb/v8-m.main+fp/hard\libc_nano.a(libc_a-lock.o)
                0x080072ac                __retarget_lock_release_recursive
 .text.memcpy   0x080072ae       0x1a c:/siliconlabs/simplicitystudio/v5_3/developer/toolchains/gnu_arm/12.2.rel1_2023.7/bin/../lib/gcc/arm-none-eabi/12.2.1/thumb/v8-m.main+fp/hard\libc_nano.a(libc_a-memcpy-stub.o)
                0x080072ae                memcpy
 .text          0x080072c8       0x10 c:/siliconlabs/simplicitystudio/v5_3/developer/toolchains/gnu_arm/12.2.rel1_2023.7/bin/../lib/gcc/arm-none-eabi/12.2.1/thumb/v8-m.main+fp/hard\libc_nano.a(libc_a-strlen.o)
                0x080072c8                strlen
 .text.__ssputs_r
                0x080072d8       0xb6 c:/siliconlabs/simplicitystudio/v5_3/developer/toolchains/gnu_arm/12.2.rel1_2023.7/bin/../lib/gcc/arm-none-eabi/12.2.1/thumb/v8-m.main+fp/hard\libc_nano.a(libc_a-nano-svfprintf.o)
                0x080072d8                __ssputs_r
 .text.__sfputc_r
                0x0800738e       0x2e c:/siliconlabs/simplicitystudio/v5_3/developer/toolchains/gnu_arm/12.2.rel1_2023.7/bin/../lib/gcc/arm-none-eabi/12.2.1/thumb/v8-m.main+fp/hard\libc_nano.a(libc_a-nano-vfprintf.o)
 .text.__sfputs_r
                0x080073bc       0x24 c:/siliconlabs/simplicitystudio/v5_3/developer/toolchains/gnu_arm/12.2.rel1_2023.7/bin/../lib/gcc/arm-none-eabi/12.2.1/thumb/v8-m.main+fp/hard\libc_nano.a(libc_a-nano-vfprintf.o)
                0x080073bc                __sfputs_r
 .text._printf_common
                0x080073e0       0xe4 c:/siliconlabs/simplicitystudio/v5_3/developer/toolchains/gnu_arm/12.2.rel1_2023.7/bin/../lib/gcc/arm-none-eabi/12.2.1/thumb/v8-m.main+fp/hard\libc_nano.a(libc_a-nano-vfprintf_i.o)
                0x080073e0                _printf_common
 .text.__sflush_r
                0x080074c4      0x106 c:/siliconlabs/simplicitystudio/v5_3/developer/toolchains/gnu_arm/12.2.rel1_2023.7/bin/../lib/gcc/arm-none-eabi/12.2.1/thumb/v8-m.main+fp/hard\libc_nano.a(libc_a-fflush.o)
                0x080074c4                __sflush_r
 .text._fflush_r
                0x080075ca       0x50 c:/siliconlabs/simplicitystudio/v5_3/developer/toolchains/gnu_arm/12.2.rel1_2023.7/bin/../lib/gcc/arm-none-eabi/12.2.1/thumb/v8-m.main+fp/hard\libc_nano.a(libc_a-fflush.o)
                0x080075ca                _fflush_r
 .text.__swhatbuf_r
                0x0800761a       0x4a c:/siliconlabs/simplicitystudio/v5_3/developer/toolchains/gnu_arm/12.2.rel1_2023.7/bin/../lib/gcc/arm-none-eabi/12.2.1/thumb/v8-m.main+fp/hard\libc_nano.a(libc_a-makebuf.o)
                0x0800761a                __swhatbuf_r
 .text.__smakebuf_r
                0x08007664       0x78 c:/siliconlabs/simplicitystudio/v5_3/developer/toolchains/gnu_arm/12.2.rel1_2023.7/bin/../lib/gcc/arm-none-eabi/12.2.1/thumb/v8-m.main+fp/hard\libc_nano.a(libc_a-makebuf.o)
                0x08007664                __smakebuf_r
 .text.__swbuf_r
                0x080076dc       0x7c c:/siliconlabs/simplicitystudio/v5_3/developer/toolchains/gnu_arm/12.2.rel1_2023.7/bin/../lib/gcc/arm-none-eabi/12.2.1/thumb/v8-m.main+fp/hard\libc_nano.a(libc_a-wbuf.o)
                0x080076dc                __swbuf_r
 .text.memmove  0x08007758       0x34 c:/siliconlabs/simplicitystudio/v5_3/developer/toolchains/gnu_arm/12.2.rel1_2023.7/bin/../lib/gcc/arm-none-eabi/12.2.1/thumb/v8-m.main+fp/hard\libc_nano.a(libc_a-memmove.o)
                0x08007758                memmove
 .text.memchr   0x0800778c       0x1c c:/siliconlabs/simplicitystudio/v5_3/developer/toolchains/gnu_arm/12.2.rel1_2023.7/bin/../lib/gcc/arm-none-eabi/12.2.1/thumb/v8-m.main+fp/hard\libc_nano.a(libc_a-memchr-stub.o)
                0x0800778c                memchr
 .text._realloc_r
                0x080077a8       0x5c c:/siliconlabs/simplicitystudio/v5_3/developer/toolchains/gnu_arm/12.2.rel1_2023.7/bin/../lib/gcc/arm-none-eabi/12.2.1/thumb/v8-m.main+fp/hard\libc_nano.a(libc_a-reallocr.o)
                0x080077a8                _realloc_r
 .text._malloc_usable_size_r
                0x08007804       0x10 c:/siliconlabs/simplicitystudio/v5_3/developer/toolchains/gnu_arm/12.2.rel1_2023.7/bin/../lib/gcc/arm-none-eabi/12.2.1/thumb/v8-m.main+fp/hard\libc_nano.a(libc_a-msizer.o)
                0x08007804                _malloc_usable_size_r
 *(SORT_BY_ALIGNMENT(text_*))
 text_system_timecritical19242
                0x08007814        0xc ./simplicity_sdk_2025.6.0/platform/Device/SiliconLabs/EFR32MG26/Source/system_efr32mg26.o
                0x08007814                SystemHFRCODPLLClockGet
 text_system_timecritical20245
                0x08007820       0x40 ./simplicity_sdk_2025.6.0/platform/Device/SiliconLabs/EFR32MG26/Source/system_efr32mg26.o
                0x08007820                SystemSYSCLKGet
 text_system_timecritical16198
                0x08007860       0x24 ./simplicity_sdk_2025.6.0/platform/Device/SiliconLabs/EFR32MG26/Source/system_efr32mg26.o
                0x08007860                SystemHCLKGet
 text_system_timecritical21247
                0x08007884        0x8 ./simplicity_sdk_2025.6.0/platform/Device/SiliconLabs/EFR32MG26/Source/system_efr32mg26.o
                0x08007884                SystemMaxCoreClockGet
 text_system_timecritical22249
                0x0800788c        0x8 ./simplicity_sdk_2025.6.0/platform/Device/SiliconLabs/EFR32MG26/Source/system_efr32mg26.o
                0x0800788c                SystemFSRCOClockGet
 text_system_timecritical23251
                0x08007894        0xc ./simplicity_sdk_2025.6.0/platform/Device/SiliconLabs/EFR32MG26/Source/system_efr32mg26.o
                0x08007894                SystemHFXOClockGet
 text_system_timecritical24254
                0x080078a0        0x8 ./simplicity_sdk_2025.6.0/platform/Device/SiliconLabs/EFR32MG26/Source/system_efr32mg26.o
                0x080078a0                SystemCLKIN0Get
 text_system_timecritical25256
                0x080078a8       0x90 ./simplicity_sdk_2025.6.0/platform/Device/SiliconLabs/EFR32MG26/Source/system_efr32mg26.o
                0x080078a8                SystemHFRCOEM23ClockGet
 text_system_timecritical26258
                0x08007938        0xc ./simplicity_sdk_2025.6.0/platform/Device/SiliconLabs/EFR32MG26/Source/system_efr32mg26.o
                0x08007938                SystemLFXOClockGet
 text_dmadrv_timecritical29166
                0x08007944       0x40 ./simplicity_sdk_2025.6.0/platform/emdrv/dmadrv/src/dmadrv.o
                0x08007944                DMADRV_StopTransfer
 text_dmadrv_timecritical32174
                0x08007984       0x44 ./simplicity_sdk_2025.6.0/platform/emdrv/dmadrv/src/dmadrv.o
                0x08007984                DMADRV_TransferDone
 text_dmadrv_timecritical33177
                0x080079c8       0x44 ./simplicity_sdk_2025.6.0/platform/emdrv/dmadrv/src/dmadrv.o
                0x080079c8                DMADRV_TransferRemainingCount
 text_hal_gpio_timecritical29429
                0x08007a0c       0x5c ./simplicity_sdk_2025.6.0/platform/peripheral/src/sl_hal_gpio.o
                0x08007a0c                sl_hal_gpio_set_pin
 text_hal_sysrtc_timecritical29237
                0x08007a68       0x14 ./simplicity_sdk_2025.6.0/platform/peripheral/src/sl_hal_sysrtc.o
                0x08007a68                sl_hal_sysrtc_wait_sync
 text_hal_sysrtc_timecritical31601
                0x08007a7c       0x24 ./simplicity_sdk_2025.6.0/platform/peripheral/src/sl_hal_sysrtc.o
                0x08007a7c                sl_hal_sysrtc_wait_sync_group
 text_hal_sysrtc_timecritical32634
                0x08007aa0       0x1c ./simplicity_sdk_2025.6.0/platform/peripheral/src/sl_hal_sysrtc.o
                0x08007aa0                sl_hal_sysrtc_enable_group_interrupts
 text_hal_sysrtc_timecritical33650
                0x08007abc       0x1c ./simplicity_sdk_2025.6.0/platform/peripheral/src/sl_hal_sysrtc.o
                0x08007abc                sl_hal_sysrtc_disable_group_interrupts
 text_hal_sysrtc_timecritical34666
                0x08007ad8       0x1c ./simplicity_sdk_2025.6.0/platform/peripheral/src/sl_hal_sysrtc.o
                0x08007ad8                sl_hal_sysrtc_clear_group_interrupts
 text_hal_sysrtc_timecritical35685
                0x08007af4       0x20 ./simplicity_sdk_2025.6.0/platform/peripheral/src/sl_hal_sysrtc.o
                0x08007af4                sl_hal_sysrtc_get_group_interrupts
 text_hal_sysrtc_timecritical36734
                0x08007b14       0x28 ./simplicity_sdk_2025.6.0/platform/peripheral/src/sl_hal_sysrtc.o
                0x08007b14                sl_hal_sysrtc_get_group_compare_channel_value
 text_hal_sysrtc_timecritical37751
                0x08007b3c       0x28 ./simplicity_sdk_2025.6.0/platform/peripheral/src/sl_hal_sysrtc.o
                0x08007b3c                sl_hal_sysrtc_set_group_compare_channel_value
 text_clock_manager_timecritical2674
                0x08007b64       0x60 ./simplicity_sdk_2025.6.0/platform/service/clock_manager/src/sl_clock_manager_hal_s2.o
                0x08007b64                sli_clock_manager_hal_enable_bus_clock
 text_sleeptimer_timecritical66121
                0x08007bc4       0x40 ./simplicity_sdk_2025.6.0/platform/service/sleeptimer/src/sl_sleeptimer.o
 text_sleeptimer_timecritical67125
                0x08007c04       0x3c ./simplicity_sdk_2025.6.0/platform/service/sleeptimer/src/sl_sleeptimer.o
 text_sleeptimer_timecritical69131
                0x08007c40       0x34 ./simplicity_sdk_2025.6.0/platform/service/sleeptimer/src/sl_sleeptimer.o
 text_sleeptimer_timecritical68128
                0x08007c74       0x64 ./simplicity_sdk_2025.6.0/platform/service/sleeptimer/src/sl_sleeptimer.o
 text_sleeptimer_timecritical38321
                0x08007cd8       0x34 ./simplicity_sdk_2025.6.0/platform/service/sleeptimer/src/sl_sleeptimer.o
                0x08007cd8                sl_sleeptimer_get_tick_count64
 text_sleeptimer_timecritical65151
                0x08007d0c      0x148 ./simplicity_sdk_2025.6.0/platform/service/sleeptimer/src/sl_sleeptimer.o
                0x08007d0c                process_timer_irq
 text_sleeptimer_timecritical6454
                0x08007e54       0x10 ./simplicity_sdk_2025.6.0/platform/service/sleeptimer/src/sl_sleeptimer_hal_sysrtc.o
                0x08007e54                sleeptimer_hal_get_counter
 text_sleeptimer_timecritical6885
                0x08007e64       0x18 ./simplicity_sdk_2025.6.0/platform/service/sleeptimer/src/sl_sleeptimer_hal_sysrtc.o
                0x08007e64                sleeptimer_hal_get_timer_frequency
 text_sleeptimer_timecritical6670
                0x08007e7c       0x70 ./simplicity_sdk_2025.6.0/platform/service/sleeptimer/src/sl_sleeptimer_hal_sysrtc.o
                0x08007e7c                sleeptimer_hal_set_compare
 text_sleeptimer_timecritical70101
                0x08007eec       0x24 ./simplicity_sdk_2025.6.0/platform/service/sleeptimer/src/sl_sleeptimer_hal_sysrtc.o
                0x08007eec                sleeptimer_hal_disable_int
 text_sleeptimer_timecritical71109
                0x08007f10       0x10 ./simplicity_sdk_2025.6.0/platform/service/sleeptimer/src/sl_sleeptimer_hal_sysrtc.o
                0x08007f10                sleeptimer_hal_set_int
 text_system_timecritical27261
                0x08007f20        0x6 ./simplicity_sdk_2025.6.0/platform/Device/SiliconLabs/EFR32MG26/Source/system_efr32mg26.o
                0x08007f20                SystemLFRCOClockGet
 text_system_timecritical28263
                0x08007f26        0x6 ./simplicity_sdk_2025.6.0/platform/Device/SiliconLabs/EFR32MG26/Source/system_efr32mg26.o
                0x08007f26                SystemULFRCOClockGet
 text_core_timecritical2307
                0x08007f2c        0xa ./simplicity_sdk_2025.6.0/platform/common/src/sl_core_cortexm.o
                0x08007f2c                CORE_ExitCritical
 text_core_timecritical4331
                0x08007f36        0x8 ./simplicity_sdk_2025.6.0/platform/common/src/sl_core_cortexm.o
                0x08007f36                CORE_EnterCritical
 text_core_timecritical7363
                0x08007f3e        0xa ./simplicity_sdk_2025.6.0/platform/common/src/sl_core_cortexm.o
                0x08007f3e                CORE_ExitAtomic
 text_core_timecritical9387
                0x08007f48        0xc ./simplicity_sdk_2025.6.0/platform/common/src/sl_core_cortexm.o
                0x08007f48                CORE_EnterAtomic
 text_clock_manager_timecritical1352
                0x08007f54        0xa ./simplicity_sdk_2025.6.0/platform/service/clock_manager/src/sl_clock_manager.o
                0x08007f54                sl_clock_manager_get_clock_branch_frequency
 text_clock_manager_timecritical2380
                0x08007f5e        0x6 ./simplicity_sdk_2025.6.0/platform/service/clock_manager/src/sl_clock_manager.o
                0x08007f5e                sl_clock_manager_enable_bus_clock
 text_clock_manager_timecritical3394
                0x08007f64        0x6 ./simplicity_sdk_2025.6.0/platform/service/clock_manager/src/sl_clock_manager.o
                0x08007f64                sl_clock_manager_disable_bus_clock
 text_clock_manager_timecritical2561
                0x08007f6a       0xca ./simplicity_sdk_2025.6.0/platform/service/clock_manager/src/sl_clock_manager_hal_s2.o
                0x08007f6a                sli_clock_manager_hal_get_clock_branch_frequency
 text_sleeptimer_timecritical5990
                0x08008034       0x22 ./simplicity_sdk_2025.6.0/platform/service/sleeptimer/src/sl_sleeptimer_hal_sysrtc.o
                0x08008034                sli_sleeptimer_hal_is_int_status_set
 text_sleeptimer_timecritical6562
                0x08008056        0x8 ./simplicity_sdk_2025.6.0/platform/service/sleeptimer/src/sl_sleeptimer_hal_sysrtc.o
                0x08008056                sleeptimer_hal_get_compare
 text_sleeptimer_timecritical6993
                0x0800805e       0x12 ./simplicity_sdk_2025.6.0/platform/service/sleeptimer/src/sl_sleeptimer_hal_sysrtc.o
                0x0800805e                sleeptimer_hal_enable_int
 text_sleeptimer_timecritical86325
                0x08008070       0x34 ./simplicity_sdk_2025.6.0/platform/service/sleeptimer/src/sl_sleeptimer_hal_sysrtc.o
                0x08008070                SYSRTC_APP_IRQHandler
                0x080080c0                . = ALIGN (0x20)
 *fill*         0x080080a4       0x1c 
                0x080080c0                linker_code_end = .
 *(.init)
 .init          0x080080c0        0x4 c:/siliconlabs/simplicitystudio/v5_3/developer/toolchains/gnu_arm/12.2.rel1_2023.7/bin/../lib/gcc/arm-none-eabi/12.2.1/thumb/v8-m.main+fp/hard/crti.o
                0x080080c0                _init
 .init          0x080080c4        0x8 c:/siliconlabs/simplicitystudio/v5_3/developer/toolchains/gnu_arm/12.2.rel1_2023.7/bin/../lib/gcc/arm-none-eabi/12.2.1/thumb/v8-m.main+fp/hard/crtn.o
 *(.fini)
 .fini          0x080080cc        0x4 c:/siliconlabs/simplicitystudio/v5_3/developer/toolchains/gnu_arm/12.2.rel1_2023.7/bin/../lib/gcc/arm-none-eabi/12.2.1/thumb/v8-m.main+fp/hard/crti.o
                0x080080cc                _fini
 .fini          0x080080d0        0x8 c:/siliconlabs/simplicitystudio/v5_3/developer/toolchains/gnu_arm/12.2.rel1_2023.7/bin/../lib/gcc/arm-none-eabi/12.2.1/thumb/v8-m.main+fp/hard/crtn.o
 *crtbegin.o(.ctors)
 *crtbegin?.o(.ctors)
 *(EXCLUDE_FILE(*crtend.o *crtend?.o) .ctors)
 *(SORT_BY_NAME(.ctors.*))
 *(.ctors)
 *crtbegin.o(.dtors)
 *crtbegin?.o(.dtors)
 *(EXCLUDE_FILE(*crtend.o *crtend?.o) .dtors)
 *(SORT_BY_NAME(.dtors.*))
 *(.dtors)
 *(.rodata*)
 .rodata.app_loop.str1.1
                0x080080d8       0x7b ./app.o
 .rodata.app_iostream_usart_process_action.str1.1
                0x08008153       0x18 ./app_iostream_usart.o
 .rodata.GPIO_PinOutSet.str1.1
                0x0800816b       0x54 ./motor_pwm.o
 .rodata.initTIMER.str1.1
                0x080081bf       0x55 ./motor_pwm.o
 *fill*         0x080081bf        0x1 
 .rodata.CSWTCH.26
                0x080081c0        0x8 ./motor_pwm.o
 .rodata.sl_iostream_usart_init_vcom.str1.1
                0x080081c8       0x2e ./autogen/sl_iostream_init_usart_instances.o
 .rodata.str1.1