Archive member included to satisfy reference by file (symbol)

c:/siliconlabs/simplicitystudio/v5_3/developer/toolchains/gnu_arm/12.2.rel1_2023.7/bin/../lib/gcc/arm-none-eabi/12.2.1/thumb/v8-m.main+fp/hard\libgcc.a(_arm_muldf3.o)
                              ./kinematics.o (__aeabi_dmul)
c:/siliconlabs/simplicitystudio/v5_3/developer/toolchains/gnu_arm/12.2.rel1_2023.7/bin/../lib/gcc/arm-none-eabi/12.2.1/thumb/v8-m.main+fp/hard\libgcc.a(_arm_addsubdf3.o)
                              ./app_iostream_usart.o (__aeabi_f2d)
c:/siliconlabs/simplicitystudio/v5_3/developer/toolchains/gnu_arm/12.2.rel1_2023.7/bin/../lib/gcc/arm-none-eabi/12.2.1/thumb/v8-m.main+fp/hard\libgcc.a(_arm_muldivdf3.o)
                              ./kinematics.o (__aeabi_ddiv)
c:/siliconlabs/simplicitystudio/v5_3/developer/toolchains/gnu_arm/12.2.rel1_2023.7/bin/../lib/gcc/arm-none-eabi/12.2.1/thumb/v8-m.main+fp/hard\libgcc.a(_arm_truncdfsf2.o)
                              ./kinematics.o (__aeabi_d2f)
c:/siliconlabs/simplicitystudio/v5_3/developer/toolchains/gnu_arm/12.2.rel1_2023.7/bin/../lib/gcc/arm-none-eabi/12.2.1/thumb/v8-m.main+fp/hard\libgcc.a(_aeabi_ldivmod.o)
                              ./simplicity_sdk_2025.6.0/platform/emlib/src/em_eusart.o (__aeabi_ldivmod)
c:/siliconlabs/simplicitystudio/v5_3/developer/toolchains/gnu_arm/12.2.rel1_2023.7/bin/../lib/gcc/arm-none-eabi/12.2.1/thumb/v8-m.main+fp/hard\libgcc.a(_aeabi_uldivmod.o)
                              ./simplicity_sdk_2025.6.0/platform/emlib/src/em_eusart.o (__aeabi_uldivmod)
c:/siliconlabs/simplicitystudio/v5_3/developer/toolchains/gnu_arm/12.2.rel1_2023.7/bin/../lib/gcc/arm-none-eabi/12.2.1/thumb/v8-m.main+fp/hard\libgcc.a(_udivmoddi4.o)
                              c:/siliconlabs/simplicitystudio/v5_3/developer/toolchains/gnu_arm/12.2.rel1_2023.7/bin/../lib/gcc/arm-none-eabi/12.2.1/thumb/v8-m.main+fp/hard\libgcc.a(_aeabi_ldivmod.o) (__udivmoddi4)
c:/siliconlabs/simplicitystudio/v5_3/developer/toolchains/gnu_arm/12.2.rel1_2023.7/bin/../lib/gcc/arm-none-eabi/12.2.1/thumb/v8-m.main+fp/hard\libgcc.a(_dvmd_tls.o)
                              c:/siliconlabs/simplicitystudio/v5_3/developer/toolchains/gnu_arm/12.2.rel1_2023.7/bin/../lib/gcc/arm-none-eabi/12.2.1/thumb/v8-m.main+fp/hard\libgcc.a(_aeabi_ldivmod.o) (__aeabi_ldiv0)
c:/siliconlabs/simplicitystudio/v5_3/developer/toolchains/gnu_arm/12.2.rel1_2023.7/bin/../lib/gcc/arm-none-eabi/12.2.1/thumb/v8-m.main+fp/hard\libc_nano.a(libc_a-exit.o)
                              c:/siliconlabs/simplicitystudio/v5_3/developer/toolchains/gnu_arm/12.2.rel1_2023.7/bin/../lib/gcc/arm-none-eabi/12.2.1/thumb/v8-m.main+fp/hard/crt0.o (exit)
c:/siliconlabs/simplicitystudio/v5_3/developer/toolchains/gnu_arm/12.2.rel1_2023.7/bin/../lib/gcc/arm-none-eabi/12.2.1/thumb/v8-m.main+fp/hard\libc_nano.a(libc_a-ctype_.o)
                              ./simplicity_sdk_2025.6.0/platform/common/src/sl_string.o (_ctype_)
c:/siliconlabs/simplicitystudio/v5_3/developer/toolchains/gnu_arm/12.2.rel1_2023.7/bin/../lib/gcc/arm-none-eabi/12.2.1/thumb/v8-m.main+fp/hard\libc_nano.a(libc_a-findfp.o)
                              c:/siliconlabs/simplicitystudio/v5_3/developer/toolchains/gnu_arm/12.2.rel1_2023.7/bin/../lib/gcc/arm-none-eabi/12.2.1/thumb/v8-m.main+fp/hard\libc_nano.a(libc_a-exit.o) (__stdio_exit_handler)
c:/siliconlabs/simplicitystudio/v5_3/developer/toolchains/gnu_arm/12.2.rel1_2023.7/bin/../lib/gcc/arm-none-eabi/12.2.1/thumb/v8-m.main+fp/hard\libc_nano.a(libc_a-fwalk.o)
                              c:/siliconlabs/simplicitystudio/v5_3/developer/toolchains/gnu_arm/12.2.rel1_2023.7/bin/../lib/gcc/arm-none-eabi/12.2.1/thumb/v8-m.main+fp/hard\libc_nano.a(libc_a-findfp.o) (_fwalk_sglue)
c:/siliconlabs/simplicitystudio/v5_3/developer/toolchains/gnu_arm/12.2.rel1_2023.7/bin/../lib/gcc/arm-none-eabi/12.2.1/thumb/v8-m.main+fp/hard\libc_nano.a(libc_a-setvbuf.o)
                              ./app_iostream_usart.o (setvbuf)
c:/siliconlabs/simplicitystudio/v5_3/developer/toolchains/gnu_arm/12.2.rel1_2023.7/bin/../lib/gcc/arm-none-eabi/12.2.1/thumb/v8-m.main+fp/hard\libc_nano.a(libc_a-snprintf.o)
                              ./app_iostream_usart.o (snprintf)
c:/siliconlabs/simplicitystudio/v5_3/developer/toolchains/gnu_arm/12.2.rel1_2023.7/bin/../lib/gcc/arm-none-eabi/12.2.1/thumb/v8-m.main+fp/hard\libc_nano.a(libc_a-stdio.o)
                              c:/siliconlabs/simplicitystudio/v5_3/developer/toolchains/gnu_arm/12.2.rel1_2023.7/bin/../lib/gcc/arm-none-eabi/12.2.1/thumb/v8-m.main+fp/hard\libc_nano.a(libc_a-findfp.o) (__sread)
c:/siliconlabs/simplicitystudio/v5_3/developer/toolchains/gnu_arm/12.2.rel1_2023.7/bin/../lib/gcc/arm-none-eabi/12.2.1/thumb/v8-m.main+fp/hard\libc_nano.a(libc_a-vprintf.o)
                              ./simplicity_sdk_2025.6.0/platform/service/iostream/src/sl_iostream.o (vprintf)
[...]
Memory Configuration

Name             Origin             Length             Attributes
FLASH            0x08000000         0x0031e000         xr
RAM              0x20000000         0x00080000         xrw
*default*        0x00000000         0xffffffff

Linker script and memory map

LOAD c:/siliconlabs/simplicitystudio/v5_3/developer/toolchains/gnu_arm/12.2.rel1_2023.7/bin/../lib/gcc/arm-none-eabi/12.2.1/thumb/v8-m.main+fp/hard/crti.o
LOAD c:/siliconlabs/simplicitystudio/v5_3/developer/toolchains/gnu_arm/12.2.rel1_2023.7/bin/../lib/gcc/arm-none-eabi/12.2.1/thumb/v8-m.main+fp/hard/crtbegin.o
LOAD c:/siliconlabs/simplicitystudio/v5_3/developer/toolchains/gnu_arm/12.2.rel1_2023.7/bin/../lib/gcc/arm-none-eabi/12.2.1/thumb/v8-m.main+fp/hard/crt0.o
START GROUP
LOAD ./app.o
LOAD ./app_iostream_usart.o
LOAD ./encoder.o
LOAD ./kinematics.o
LOAD ./main.o
LOAD ./motor_pwm.o
LOAD ./pid_position.o
LOAD ./autogen/sl_board_default_init.o
LOAD ./autogen/sl_event_handler.o
LOAD ./autogen/sl_iostream_handles.o
LOAD ./autogen/sl_iostream_init_usart_instances.o
LOAD ./autogen/sl_pwm_init.o
LOAD ./simplicity_sdk_2025.6.0/hardware/board/src/sl_board_control_gpio.o
LOAD ./simplicity_sdk_2025.6.0/hardware/board/src/sl_board_init.o
LOAD ./simplicity_sdk_2025.6.0/hardware/driver/configuration_over_swo/src/sl_cos.o
LOAD ./simplicity_sdk_2025.6.0/hardware/driver/mx25_flash_shutdown/src/sl_mx25_flash_shutdown_eusart/sl_mx25_flash_shutdown.o
LOAD ./simplicity_sdk_2025.6.0/platform/Device/SiliconLabs/EFR32MG26/Source/startup_efr32mg26.o
LOAD ./simplicity_sdk_2025.6.0/platform/Device/SiliconLabs/EFR32MG26/Source/system_efr32mg26.o
LOAD ./simplicity_sdk_2025.6.0/platform/common/src/sl_assert.o
LOAD ./simplicity_sdk_2025.6.0/platform/common/src/sl_core_cortexm.o
LOAD ./simplicity_sdk_2025.6.0/platform/common/src/sl_slist.o
LOAD ./simplicity_sdk_2025.6.0/platform/common/src/sl_string.o
LOAD ./simplicity_sdk_2025.6.0/platform/common/src/sl_syscalls.o
LOAD ./simplicity_sdk_2025.6.0/platform/driver/debug/src/sl_debug_swo.o
LOAD ./simplicity_sdk_2025.6.0/platform/driver/gpio/src/sl_gpio.o
LOAD ./simplicity_sdk_2025.6.0/platform/driver/pwm/src/sl_pwm.o
LOAD ./simplicity_sdk_2025.6.0/platform/emdrv/dmadrv/src/dmadrv.o
LOAD ./simplicity_sdk_2025.6.0/platform/emdrv/gpiointerrupt/src/gpiointerrupt.o
LOAD ./simplicity_sdk_2025.6.0/platform/emlib/src/em_burtc.o
LOAD ./simplicity_sdk_2025.6.0/platform/emlib/src/em_cmu.o
LOAD ./simplicity_sdk_2025.6.0/platform/emlib/src/em_emu.o
LOAD ./simplicity_sdk_2025.6.0/platform/emlib/src/em_eusart.o
LOAD ./simplicity_sdk_2025.6.0/platform/emlib/src/em_gpio.o
LOAD ./simplicity_sdk_2025.6.0/platform/emlib/src/em_ldma.o
LOAD ./simplicity_sdk_2025.6.0/platform/emlib/src/em_msc.o
LOAD ./simplicity_sdk_2025.6.0/platform/emlib/src/em_prs.o
LOAD ./simplicity_sdk_2025.6.0/platform/emlib/src/em_system.o
LOAD ./simplicity_sdk_2025.6.0/platform/emlib/src/em_timer.o
LOAD ./simplicity_sdk_2025.6.0/platform/emlib/src/em_usart.o
LOAD ./simplicity_sdk_2025.6.0/platform/peripheral/src/sl_hal_gpio.o
LOAD ./simplicity_sdk_2025.6.0/platform/peripheral/src/sl_hal_sysrtc.o
LOAD ./simplicity_sdk_2025.6.0/platform/service/clock_manager/src/sl_clock_manager.o
LOAD ./simplicity_sdk_2025.6.0/platform/service/clock_manager/src/sl_clock_manager_hal_s2.o
LOAD ./simplicity_sdk_2025.6.0/platform/service/clock_manager/src/sl_clock_manager_init.o
LOAD ./simplicity_sdk_2025.6.0/platform/service/clock_manager/src/sl_clock_manager_init_hal_s2.o
LOAD ./simplicity_sdk_2025.6.0/platform/service/device_init/src/sl_device_init_dcdc_s2.o
LOAD ./simplicity_sdk_2025.6.0/platform/service/device_init/src/sl_device_init_emu_s2.o
LOAD ./simplicity_sdk_2025.6.0/platform/service/device_manager/clocks/sl_device_clock_efr32xg26.o
LOAD ./simplicity_sdk_2025.6.0/platform/service/device_manager/devices/sl_device_peripheral_hal_efr32xg26.o
LOAD ./simplicity_sdk_2025.6.0/platform/service/device_manager/src/sl_device_clock.o
LOAD ./simplicity_sdk_2025.6.0/platform/service/device_manager/src/sl_device_gpio.o
LOAD ./simplicity_sdk_2025.6.0/platform/service/device_manager/src/sl_device_peripheral.o
LOAD ./simplicity_sdk_2025.6.0/platform/service/interrupt_manager/src/sl_interrupt_manager_cortexm.o
LOAD ./simplicity_sdk_2025.6.0/platform/service/iostream/src/sl_iostream.o
LOAD ./simplicity_sdk_2025.6.0/platform/service/iostream/src/sl_iostream_swo_itm_8.o
LOAD ./simplicity_sdk_2025.6.0/platform/service/iostream/src/sl_iostream_uart.o
LOAD ./simplicity_sdk_2025.6.0/platform/service/iostream/src/sl_iostream_usart.o
LOAD ./simplicity_sdk_2025.6.0/platform/service/iostream/src/sl_iostream_vuart.o
LOAD ./simplicity_sdk_2025.6.0/platform/service/memory_manager/src/sl_memory_manager_region.o
LOAD ./simplicity_sdk_2025.6.0/platform/service/sl_main/src/sl_main_init.o
LOAD ./simplicity_sdk_2025.6.0/platform/service/sl_main/src/sl_main_init_memory.o
LOAD ./simplicity_sdk_2025.6.0/platform/service/sl_main/src/sl_main_process_action.o
LOAD ./simplicity_sdk_2025.6.0/platform/service/sleeptimer/src/sl_sleeptimer.o
LOAD ./simplicity_sdk_2025.6.0/platform/service/sleeptimer/src/sl_sleeptimer_hal_burtc.o
LOAD ./simplicity_sdk_2025.6.0/platform/service/sleeptimer/src/sl_sleeptimer_hal_sysrtc.o
LOAD ./simplicity_sdk_2025.6.0/platform/service/sleeptimer/src/sl_sleeptimer_hal_timer.o
LOAD ./simplicity_sdk_2025.6.0/platform/service/udelay/src/sl_udelay.o
LOAD ./simplicity_sdk_2025.6.0/platform/service/udelay/src/sl_udelay_armv6m_gcc.o
LOAD ./simplicity_sdk_2025.6.0/util/third_party/segger/systemview/SEGGER/SEGGER_RTT.o
LOAD c:/siliconlabs/simplicitystudio/v5_3/developer/toolchains/gnu_arm/12.2.rel1_2023.7/bin/../lib/gcc/arm-none-eabi/12.2.1/thumb/v8-m.main+fp/hard\libgcc.a
LOAD c:/siliconlabs/simplicitystudio/v5_3/developer/toolchains/gnu_arm/12.2.rel1_2023.7/bin/../lib/gcc/arm-none-eabi/12.2.1/thumb/v8-m.main+fp/hard\libc_nano.a
LOAD c:/siliconlabs/simplicitystudio/v5_3/developer/toolchains/gnu_arm/12.2.rel1_2023.7/bin/../lib/gcc/arm-none-eabi/12.2.1/thumb/v8-m.main+fp/hard\libm.a
LOAD c:/siliconlabs/simplicitystudio/v5_3/developer/toolchains/gnu_arm/12.2.rel1_2023.7/bin/../lib/gcc/arm-none-eabi/12.2.1/thumb/v8-m.main+fp/hard\libnosys.a
END GROUP
START GROUP
LOAD c:/siliconlabs/simplicitystudio/v5_3/developer/toolchains/gnu_arm/12.2.rel1_2023.7/bin/../lib/gcc/arm-none-eabi/12.2.1/thumb/v8-m.main+fp/hard\libgcc.a
LOAD c:/siliconlabs/simplicitystudio/v5_3/developer/toolchains/gnu_arm/12.2.rel1_2023.7/bin/../lib/gcc/arm-none-eabi/12.2.1/thumb/v8-m.main+fp/hard\libc_nano.a
LOAD c:/siliconlabs/simplicitystudio/v5_3/developer/toolchains/gnu_arm/12.2.rel1_2023.7/bin/../lib/gcc/arm-none-eabi/12.2.1/thumb/v8-m.main+fp/hard\libnosys.a
END GROUP
START GROUP
LOAD c:/siliconlabs/simplicitystudio/v5_3/developer/toolchains/gnu_arm/12.2.rel1_2023.7/bin/../lib/gcc/arm-none-eabi/12.2.1/thumb/v8-m.main+fp/hard\libgcc.a
LOAD c:/siliconlabs/simplicitystudio/v5_3/developer/toolchains/gnu_arm/12.2.rel1_2023.7/bin/../lib/gcc/arm-none-eabi/12.2.1/thumb/v8-m.main+fp/hard\libg_nano.a
LOAD c:/siliconlabs/simplicitystudio/v5_3/developer/toolchains/gnu_arm/12.2.rel1_2023.7/bin/../lib/gcc/arm-none-eabi/12.2.1/thumb/v8-m.main+fp/hard\libc_nano.a
END GROUP
START GROUP
LOAD c:/siliconlabs/simplicitystudio/v5_3/developer/toolchains/gnu_arm/12.2.rel1_2023.7/bin/../lib/gcc/arm-none-eabi/12.2.1/thumb/v8-m.main+fp/hard\libgcc.a
LOAD c:/siliconlabs/simplicitystudio/v5_3/developer/toolchains/gnu_arm/12.2.rel1_2023.7/bin/../lib/gcc/arm-none-eabi/12.2.1/thumb/v8-m.main+fp/hard\libc_nano.a
END GROUP
LOAD c:/siliconlabs/simplicitystudio/v5_3/developer/toolchains/gnu_arm/12.2.rel1_2023.7/bin/../lib/gcc/arm-none-eabi/12.2.1/thumb/v8-m.main+fp/hard/crtend.o
LOAD c:/siliconlabs/simplicitystudio/v5_3/developer/toolchains/gnu_arm/12.2.rel1_2023.7/bin/../lib/gcc/arm-none-eabi/12.2.1/thumb/v8-m.main+fp/hard/crtn.o

.vectors        0x08000000      0x1b4
                0x08000000                linker_vectors_begin = .
 *(.vectors)
 .vectors       0x08000000      0x1b4 ./simplicity_sdk_2025.6.0/platform/Device/SiliconLabs/EFR32MG26/Source/startup_efr32mg26.o
                0x08000000                __Vectors
                0x080001b4                linker_vectors_end = .
                0x080001b4                __Vectors_End = .
                0x080001b4                __Vectors_Size = (__Vectors_End - __Vectors)
                0x080001b4                __lma_ramfuncs_start__ = .

.stack          0x20000000     0x1000
                0x20000000                . = ALIGN (0x8)
                0x20000000                __StackLimit = .
 *(.stack*)
 .stack         0x20000000     0x1000 ./simplicity_sdk_2025.6.0/platform/service/memory_manager/src/sl_memory_manager_region.o
                0x20001000                . = ALIGN (0x4)
                0x20001000                __StackTop = .
                0x20001000                PROVIDE (__stack = __StackTop)

.bss            0x20001000      0x5f8
                0x20001000                . = ALIGN (0x4)
                0x20001000                __bss_start__ = .
 *(SORT_BY_ALIGNMENT(.bss*))
 .bss.last_tick
                0x20001000        0x8 ./app.o
 .bss.last_send_tick
                0x20001008        0x8 ./app_iostream_usart.o
 .bss.object.0  0x20001010       0x18 c:/siliconlabs/simplicitystudio/v5_3/developer/toolchains/gnu_arm/12.2.rel1_2023.7/bin/../lib/gcc/arm-none-eabi/12.2.1/thumb/v8-m.main+fp/hard/crtbegin.o
 .bss.prev_enc2
                0x20001028        0x4 ./app.o
 .bss.prev_enc1
                0x2000102c        0x4 ./app.o
 .bss.encoderCount2
                0x20001030        0x4 ./encoder.o
                0x20001030                encoderCount2
 .bss.encoderCount1
                0x20001034        0x4 ./encoder.o
                0x20001034                encoderCount1
 .bss.lastEncoded2
                0x20001038        0x4 ./encoder.o
                0x20001038                lastEncoded2
 .bss.lastEncoded1
                0x2000103c        0x4 ./encoder.o
                0x2000103c                lastEncoded1
 .bss.robotPosition
                0x20001040       0x10 ./kinematics.o
                0x20001040                robotPosition
 .bss.dutyCycle2
                0x20001050        0x4 ./motor_pwm.o
                0x20001050                dutyCycle2
 .bss.dutyCycle1
                0x20001054        0x4 ./motor_pwm.o
                0x20001054                dutyCycle1
 .bss.sl_iostream_recommended_console_stream
                0x20001058        0x4 ./autogen/sl_iostream_handles.o
                0x20001058                sl_iostream_recommended_console_stream
 .bss.context_vcom
                0x2000105c       0xb4 ./autogen/sl_iostream_init_usart_instances.o
 .bss.sl_iostream_vcom
                0x20001110       0x1c ./autogen/sl_iostream_init_usart_instances.o
 .bss.gpio_interrupts
                0x2000112c      0x168 ./simplicity_sdk_2025.6.0/platform/driver/gpio/src/sl_gpio.o
 .bss.dmaXfer   0x20001294      0x100 ./simplicity_sdk_2025.6.0/platform/emdrv/dmadrv/src/dmadrv.o
 .bss.chTable   0x20001394       0x80 ./simplicity_sdk_2025.6.0/platform/emdrv/dmadrv/src/dmadrv.o
 .bss.sli_iostream_default
                0x20001414        0x4 ./simplicity_sdk_2025.6.0/platform/service/iostream/src/sl_iostream.o
 .bss.swo_itm_initialized
                0x20001418        0x4 ./simplicity_sdk_2025.6.0/platform/service/iostream/src/sl_iostream_swo_itm_8.o
 .bss.sl_iostream_vuart
                0x2000141c       0x10 ./simplicity_sdk_2025.6.0/platform/service/iostream/src/sl_iostream_vuart.o
 .bss.max_millisecond_conversion
                0x2000142c        0x4 ./simplicity_sdk_2025.6.0/platform/service/sleeptimer/src/sl_sleeptimer.o
 .bss.last_delta_update_count
                0x20001430        0x4 ./simplicity_sdk_2025.6.0/platform/service/sleeptimer/src/sl_sleeptimer.o
 .bss.timer_head
                0x20001434        0x4 ./simplicity_sdk_2025.6.0/platform/service/sleeptimer/src/sl_sleeptimer.o
 .bss.timer_frequency
                0x20001438        0x4 ./simplicity_sdk_2025.6.0/platform/service/sleeptimer/src/sl_sleeptimer.o
 .bss.overflow_counter
                0x2000143c        0x4 ./simplicity_sdk_2025.6.0/platform/service/sleeptimer/src/sl_sleeptimer.o
 .bss.__sf      0x20001440      0x138 c:/siliconlabs/simplicitystudio/v5_3/developer/toolchains/gnu_arm/12.2.rel1_2023.7/bin/../lib/gcc/arm-none-eabi/12.2.1/thumb/v8-m.main+fp/hard\libc_nano.a(libc_a-findfp.o)
                0x20001440                __sf
 .bss.__stdio_exit_handler
                0x20001578        0x4 c:/siliconlabs/simplicitystudio/v5_3/developer/toolchains/gnu_arm/12.2.rel1_2023.7/bin/../lib/gcc/arm-none-eabi/12.2.1/thumb/v8-m.main+fp/hard\libc_nano.a(libc_a-findfp.o)
                0x20001578                __stdio_exit_handler
 .bss.errno     0x2000157c        0x4 c:/siliconlabs/simplicitystudio/v5_3/developer/toolchains/gnu_arm/12.2.rel1_2023.7/bin/../lib/gcc/arm-none-eabi/12.2.1/thumb/v8-m.main+fp/hard\libc_nano.a(libc_a-reent.o)
                0x2000157c                errno
 .bss.__malloc_sbrk_start
                0x20001580        0x4 c:/siliconlabs/simplicitystudio/v5_3/developer/toolchains/gnu_arm/12.2.rel1_2023.7/bin/../lib/gcc/arm-none-eabi/12.2.1/thumb/v8-m.main+fp/hard\libc_nano.a(libc_a-mallocr.o)
                0x20001580                __malloc_sbrk_start
 .bss.__malloc_free_list
                0x20001584        0x4 c:/siliconlabs/simplicitystudio/v5_3/developer/toolchains/gnu_arm/12.2.rel1_2023.7/bin/../lib/gcc/arm-none-eabi/12.2.1/thumb/v8-m.main+fp/hard\libc_nano.a(libc_a-mallocr.o)
                0x20001584                __malloc_free_list
 .bss.completed.1
                0x20001588        0x1 c:/siliconlabs/simplicitystudio/v5_3/developer/toolchains/gnu_arm/12.2.rel1_2023.7/bin/../lib/gcc/arm-none-eabi/12.2.1/thumb/v8-m.main+fp/hard/crtbegin.o
 .bss.paused    0x20001589        0x1 ./app_iostream_usart.o
 .bss.odom_bfr  0x2000158a       0x20 ./app_iostream_usart.o
 .bss.rx_buffer_vcom
                0x200015aa       0x20 ./autogen/sl_iostream_init_usart_instances.o
 .bss.initialized
                0x200015ca        0x1 ./simplicity_sdk_2025.6.0/platform/emdrv/dmadrv/src/dmadrv.o
 .bss.pclkDiv   0x200015cb        0x1 ./simplicity_sdk_2025.6.0/platform/emlib/src/em_cmu.o
 .bss.vScaleEM01Config
                0x200015cc        0x1 ./simplicity_sdk_2025.6.0/platform/emlib/src/em_emu.o
 .bss.is_interrupt_manager_initialized
                0x200015cd        0x1 ./simplicity_sdk_2025.6.0/platform/service/interrupt_manager/src/sl_interrupt_manager_cortexm.o
 .bss.null_byte
                0x200015ce        0x1 ./simplicity_sdk_2025.6.0/platform/service/iostream/src/sl_iostream_uart.o
 .bss.seq_number
                0x200015cf        0x1 ./simplicity_sdk_2025.6.0/platform/service/iostream/src/sl_iostream_vuart.o
 .bss.rtt_buffer
                0x200015d0       0x20 ./simplicity_sdk_2025.6.0/platform/service/iostream/src/sl_iostream_vuart.o
 .bss.sleep_on_isr_exit
                0x200015f0        0x1 ./simplicity_sdk_2025.6.0/platform/service/sleeptimer/src/sl_sleeptimer.o
 .bss.next_timer_to_expire_is_power_manager
                0x200015f1        0x1 ./simplicity_sdk_2025.6.0/platform/service/sleeptimer/src/sl_sleeptimer.o
 .bss.is_sleeptimer_initialized
                0x200015f2        0x1 ./simplicity_sdk_2025.6.0/platform/service/sleeptimer/src/sl_sleeptimer.o
 .bss.__lock___malloc_recursive_mutex
                0x200015f3        0x1 c:/siliconlabs/simplicitystudio/v5_3/developer/toolchains/gnu_arm/12.2.rel1_2023.7/bin/../lib/gcc/arm-none-eabi/12.2.1/thumb/v8-m.main+fp/hard\libc_nano.a(libc_a-lock.o)
                0x200015f3                __lock___malloc_recursive_mutex
 .bss.__lock___sfp_recursive_mutex
                0x200015f4        0x1 c:/siliconlabs/simplicitystudio/v5_3/developer/toolchains/gnu_arm/12.2.rel1_2023.7/bin/../lib/gcc/arm-none-eabi/12.2.1/thumb/v8-m.main+fp/hard\libc_nano.a(libc_a-lock.o)
                0x200015f4                __lock___sfp_recursive_mutex
 *(COMMON)
                0x200015f8                . = ALIGN (0x4)
 *fill*         0x200015f5        0x3 
                0x200015f8                __bss_end__ = .

.noinit         0x200015f8        0x0
 *(.noinit*)
                0x200015f8                . = ALIGN (0x4)

text_application_ram
                0x200015f8        0x0 load address 0x080001b4
                0x200015f8                . = ALIGN (0x4)
                0x200015f8                __vma_ramfuncs_start__ = .
                0x200015f8                __text_application_ram_start__ = .
 *(text_application_ram)
                0x200015f8                . = ALIGN (0x4)
                0x200015f8                __vma_ramfuncs_end__ = .
                0x200015f8                __text_application_ram_end__ = .

.rodata         0x080001b4        0x0
                0x080001b4                __lma_ramfuncs_end__ = .
                0x080001b4                __rodata_start__ = .
                0x080001b4                __rodata_end__ = .

.text           0x080001c0     0x9e84
                0x080001c0                linker_code_begin = .
 *(SORT_BY_ALIGNMENT(.text*))
 .text          0x080001c0        0x8 ./simplicity_sdk_2025.6.0/platform/service/udelay/src/sl_udelay_armv6m_gcc.o
                0x080001c0                sli_delay_loop
 .text.update_position
                0x080001c8       0xfc ./kinematics.o
                0x080001c8                update_position
 .text.deregister_tm_clones
                0x080002c4       0x1c c:/siliconlabs/simplicitystudio/v5_3/developer/toolchains/gnu_arm/12.2.rel1_2023.7/bin/../lib/gcc/arm-none-eabi/12.2.1/thumb/v8-m.main+fp/hard/crtbegin.o
 .text.register_tm_clones
                0x080002e0       0x28 c:/siliconlabs/simplicitystudio/v5_3/developer/toolchains/gnu_arm/12.2.rel1_2023.7/bin/../lib/gcc/arm-none-eabi/12.2.1/thumb/v8-m.main+fp/hard/crtbegin.o
 .text.__do_global_dtors_aux
                0x08000308       0x28 c:/siliconlabs/simplicitystudio/v5_3/developer/toolchains/gnu_arm/12.2.rel1_2023.7/bin/../lib/gcc/arm-none-eabi/12.2.1/thumb/v8-m.main+fp/hard/crtbegin.o
 .text.frame_dummy
                0x08000330       0x24 c:/siliconlabs/simplicitystudio/v5_3/developer/toolchains/gnu_arm/12.2.rel1_2023.7/bin/../lib/gcc/arm-none-eabi/12.2.1/thumb/v8-m.main+fp/hard/crtbegin.o
 .text          0x08000354       0x7c c:/siliconlabs/simplicitystudio/v5_3/developer/toolchains/gnu_arm/12.2.rel1_2023.7/bin/../lib/gcc/arm-none-eabi/12.2.1/thumb/v8-m.main+fp/hard/crt0.o
                0x08000354                _stack_init
                0x0800035c                _start
                0x0800035c                _mainCRTStartup
 .text.app_init
                0x080003d0       0x18 ./app.o
                0x080003d0                app_init
 .text.app_process_action
                0x080003e8       0x4c ./app.o
                0x080003e8                app_process_action
 .text.app_iostream_usart_init
                0x08000434       0x48 ./app_iostream_usart.o
                0x08000434                app_iostream_usart_init
 .text.process_uart_command
                0x0800047c       0xe0 ./app_iostream_usart.o
                0x0800047c                process_uart_command
 .text.app_iostream_usart_process_action
                0x0800055c       0xb4 ./app_iostream_usart.o
                0x0800055c                app_iostream_usart_process_action
 .text.GPIO_PinInGet.constprop.0
                0x08000610       0x14 ./encoder.o
 .text.encoder_gpio_callback
                0x08000624       0xb0 ./encoder.o
                0x08000624                encoder_gpio_callback
 .text.encoder_init
                0x080006d4      0x12c ./encoder.o
                0x080006d4                encoder_init
 .text.encoder1_get_count
                0x08000800        0xc ./encoder.o
                0x08000800                encoder1_get_count
 .text.encoder2_get_count
                0x0800080c        0xc ./encoder.o
                0x0800080c                encoder2_get_count
 .text.GPIO_PinOutSet
                0x08000818       0x38 ./motor_pwm.o
 .text.GPIO_PinOutClear
                0x08000850       0x38 ./motor_pwm.o
 .text.initTIMER
                0x08000888      0x104 ./motor_pwm.o
                0x08000888                initTIMER
 .text.sl_iostream_set_console_instance
                0x0800098c       0x40 ./autogen/sl_iostream_handles.o
                0x0800098c                sl_iostream_set_console_instance
 .text.sl_iostream_usart_init_vcom
                0x080009cc       0xc8 ./autogen/sl_iostream_init_usart_instances.o
                0x080009cc                sl_iostream_usart_init_vcom
 .text.sl_iostream_usart_init_instances
                0x08000a94       0x1c ./autogen/sl_iostream_init_usart_instances.o
                0x08000a94                sl_iostream_usart_init_instances
 .text.USART0_RX_IRQHandler
                0x08000ab0        0xc ./autogen/sl_iostream_init_usart_instances.o
                0x08000ab0                USART0_RX_IRQHandler
 .text.sl_pwm_init_instances
                0x08000abc       0x34 ./autogen/sl_pwm_init.o
                0x08000abc                sl_pwm_init_instances
 .text.sl_board_init
                0x08000af0       0x18 ./simplicity_sdk_2025.6.0/hardware/board/src/sl_board_init.o
                0x08000af0                sl_board_init
 .text.sl_board_preinit
                0x08000b08        0xc ./simplicity_sdk_2025.6.0/hardware/board/src/sl_board_init.o
                0x08000b08                sl_board_preinit
 .text.sl_mx25_flash_shutdown
                0x08000b14      0x174 ./simplicity_sdk_2025.6.0/hardware/driver/mx25_flash_shutdown/src/sl_mx25_flash_shutdown_eusart/sl_mx25_flash_shutdown.o
                0x08000b14                sl_mx25_flash_shutdown
 .text.CopyToRam
                0x08000c88       0x1c ./simplicity_sdk_2025.6.0/platform/Device/SiliconLabs/EFR32MG26/Source/startup_efr32mg26.o
                0x08000c88                CopyToRam
 .text.Reset_Handler
                0x08000ca4       0x6c ./simplicity_sdk_2025.6.0/platform/Device/SiliconLabs/EFR32MG26/Source/startup_efr32mg26.o
                0x08000ca4                Reset_Handler
 .text.SystemInit
                0x08000d10       0x68 ./simplicity_sdk_2025.6.0/platform/Device/SiliconLabs/EFR32MG26/Source/system_efr32mg26.o
                0x08000d10                SystemInit
 .text.SystemHFRCODPLLClockSet
                0x08000d78        0xc ./simplicity_sdk_2025.6.0/platform/Device/SiliconLabs/EFR32MG26/Source/system_efr32mg26.o
                0x08000d78                SystemHFRCODPLLClockSet
 .text.SystemHFXOClockSet
                0x08000d84       0x20 ./simplicity_sdk_2025.6.0/platform/Device/SiliconLabs/EFR32MG26/Source/system_efr32mg26.o
                0x08000d84                SystemHFXOClockSet
 .text.sl_slist_push_back
                0x08000da4       0x24 ./simplicity_sdk_2025.6.0/platform/common/src/sl_slist.o
                0x08000da4                sl_slist_push_back
 .text.sl_slist_pop
                0x08000dc8       0x20 ./simplicity_sdk_2025.6.0/platform/common/src/sl_slist.o
                0x08000dc8                sl_slist_pop
 .text.sl_debug_swo_init
                0x08000de8       0xcc ./simplicity_sdk_2025.6.0/platform/driver/debug/src/sl_debug_swo.o
                0x08000de8                sl_debug_swo_init
 .text.sl_debug_swo_write_u8
                0x08000eb4       0x44 ./simplicity_sdk_2025.6.0/platform/driver/debug/src/sl_debug_swo.o
                0x08000eb4                sl_debug_swo_write_u8
 .text.sl_gpio_dispatch_interrupt
                0x08000ef8       0x5c ./simplicity_sdk_2025.6.0/platform/driver/gpio/src/sl_gpio.o
 .text.sl_gpio_init
                0x08000f54       0x38 ./simplicity_sdk_2025.6.0/platform/driver/gpio/src/sl_gpio.o
                0x08000f54                sl_gpio_init
 .text.sl_gpio_set_pin_mode
                0x08000f8c       0x88 ./simplicity_sdk_2025.6.0/platform/driver/gpio/src/sl_gpio.o
                0x08000f8c                sl_gpio_set_pin_mode
 .text.sl_gpio_set_pin
                0x08001014       0x60 ./simplicity_sdk_2025.6.0/platform/driver/gpio/src/sl_gpio.o
                0x08001014                sl_gpio_set_pin
 .text.sl_gpio_clear_pin
                0x08001074       0x64 ./simplicity_sdk_2025.6.0/platform/driver/gpio/src/sl_gpio.o
                0x08001074                sl_gpio_clear_pin
 .text.sl_gpio_configure_external_interrupt
                0x080010d8       0xe8 ./simplicity_sdk_2025.6.0/platform/driver/gpio/src/sl_gpio.o
                0x080010d8                sl_gpio_configure_external_interrupt
 .text.sl_gpio_configure_wakeup_em4_interrupt
                0x080011c0       0xc4 ./simplicity_sdk_2025.6.0/platform/driver/gpio/src/sl_gpio.o
                0x080011c0                sl_gpio_configure_wakeup_em4_interrupt
 .text.GPIO_EVEN_IRQHandler
                0x08001284       0x20 ./simplicity_sdk_2025.6.0/platform/driver/gpio/src/sl_gpio.o
                0x08001284                GPIO_EVEN_IRQHandler
 .text.GPIO_ODD_IRQHandler
                0x080012a4       0x20 ./simplicity_sdk_2025.6.0/platform/driver/gpio/src/sl_gpio.o
                0x080012a4                GPIO_ODD_IRQHandler
 .text.get_timer_clock
                0x080012c4       0xbc ./simplicity_sdk_2025.6.0/platform/driver/pwm/src/sl_pwm.o
 .text.TIMER_MaxCount
                0x08001380       0x80 ./simplicity_sdk_2025.6.0/platform/driver/pwm/src/sl_pwm.o
 .text.sl_pwm_init
                0x08001400      0x1ac ./simplicity_sdk_2025.6.0/platform/driver/pwm/src/sl_pwm.o
                0x08001400                sl_pwm_init
 .text.StartTransfer
                0x080015ac      0x17c ./simplicity_sdk_2025.6.0/platform/emdrv/dmadrv/src/dmadrv.o
 .text.DMADRV_AllocateChannel
                0x08001728       0x60 ./simplicity_sdk_2025.6.0/platform/emdrv/dmadrv/src/dmadrv.o
                0x08001728                DMADRV_AllocateChannel
 .text.DMADRV_DeInit
                0x08001788       0x44 ./simplicity_sdk_2025.6.0/platform/emdrv/dmadrv/src/dmadrv.o
                0x08001788                DMADRV_DeInit
 .text.DMADRV_FreeChannel
                0x080017cc       0x4c ./simplicity_sdk_2025.6.0/platform/emdrv/dmadrv/src/dmadrv.o
                0x080017cc                DMADRV_FreeChannel
 .text.DMADRV_Init
                0x08001818       0x68 ./simplicity_sdk_2025.6.0/platform/emdrv/dmadrv/src/dmadrv.o
                0x08001818                DMADRV_Init
 .text.DMADRV_LdmaStartTransfer
                0x08001880       0x4c ./simplicity_sdk_2025.6.0/platform/emdrv/dmadrv/src/dmadrv.o
                0x08001880                DMADRV_LdmaStartTransfer
 .text.DMADRV_PauseTransfer
                0x080018cc       0x40 ./simplicity_sdk_2025.6.0/platform/emdrv/dmadrv/src/dmadrv.o
                0x080018cc                DMADRV_PauseTransfer
 .text.DMADRV_ResumeTransfer
                0x0800190c       0x40 ./simplicity_sdk_2025.6.0/platform/emdrv/dmadrv/src/dmadrv.o
                0x0800190c                DMADRV_ResumeTransfer
 .text.LDMA_IRQHandler
                0x0800194c       0x74 ./simplicity_sdk_2025.6.0/platform/emdrv/dmadrv/src/dmadrv.o
                0x0800194c                LDMA_IRQHandler
 .text.GPIOINT_CallbackRegister
                0x080019c0       0x3c ./simplicity_sdk_2025.6.0/platform/emdrv/gpiointerrupt/src/gpiointerrupt.o
                0x080019c0                GPIOINT_CallbackRegister
 .text.EMU_VScaleGet
                0x080019fc       0x18 ./simplicity_sdk_2025.6.0/platform/emlib/src/em_cmu.o
 .text.dpllRefClkGet
                0x08001a14       0x48 ./simplicity_sdk_2025.6.0/platform/emlib/src/em_cmu.o
 .text.em23GrpaClkGet
                0x08001a5c       0x48 ./simplicity_sdk_2025.6.0/platform/emlib/src/em_cmu.o
 .text.em4GrpaClkGet
                0x08001aa4       0x48 ./simplicity_sdk_2025.6.0/platform/emlib/src/em_cmu.o
 .text.sysrtcClkGet
                0x08001aec       0x48 ./simplicity_sdk_2025.6.0/platform/emlib/src/em_cmu.o
 .text.traceClkGet
                0x08001b34       0x54 ./simplicity_sdk_2025.6.0/platform/emlib/src/em_cmu.o
 .text.em01GrpaClkGet
                0x08001b88       0x74 ./simplicity_sdk_2025.6.0/platform/emlib/src/em_cmu.o
 .text.em01GrpcClkGet
                0x08001bfc       0x70 ./simplicity_sdk_2025.6.0/platform/emlib/src/em_cmu.o
 .text.eusart0ClkGet
                0x08001c6c       0x74 ./simplicity_sdk_2025.6.0/platform/emlib/src/em_cmu.o
 .text.iadcClkGet
                0x08001ce0       0x60 ./simplicity_sdk_2025.6.0/platform/emlib/src/em_cmu.o
 .text.wdog0ClkGet
                0x08001d40       0x64 ./simplicity_sdk_2025.6.0/platform/emlib/src/em_cmu.o
 .text.wdog1ClkGet
                0x08001da4       0x64 ./simplicity_sdk_2025.6.0/platform/emlib/src/em_cmu.o
 .text.lcdClkGet
                0x08001e08       0x54 ./simplicity_sdk_2025.6.0/platform/emlib/src/em_cmu.o
 .text.vdac0ClkGet
                0x08001e5c       0x70 ./simplicity_sdk_2025.6.0/platform/emlib/src/em_cmu.o
 .text.vdac1ClkGet
                0x08001ecc       0x70 ./simplicity_sdk_2025.6.0/platform/emlib/src/em_cmu.o
 .text.pcnt0ClkGet
                0x08001f3c       0x4c ./simplicity_sdk_2025.6.0/platform/emlib/src/em_cmu.o
 .text.HFRCODPLLDevinfoGet
                0x08001f88      0x108 ./simplicity_sdk_2025.6.0/platform/emlib/src/em_cmu.o
 .text.CMU_ClockDivGet
                0x08002090       0x78 ./simplicity_sdk_2025.6.0/platform/emlib/src/em_cmu.o
                0x08002090                CMU_ClockDivGet
 .text.flashWaitStateControl
                0x08002108       0x58 ./simplicity_sdk_2025.6.0/platform/emlib/src/em_cmu.o
 .text.CMU_ClockEnable
                0x08002160       0x4c ./simplicity_sdk_2025.6.0/platform/emlib/src/em_cmu.o
                0x08002160                CMU_ClockEnable
 .text.CMU_ClockFreqGet
                0x080021ac      0x288 ./simplicity_sdk_2025.6.0/platform/emlib/src/em_cmu.o
                0x080021ac                CMU_ClockFreqGet
 .text.rhclkPrescOptimize
                0x08002434       0x20 ./simplicity_sdk_2025.6.0/platform/emlib/src/em_cmu.o
 .text.CMU_ClockSelectGet
                0x08002454      0x27c ./simplicity_sdk_2025.6.0/platform/emlib/src/em_cmu.o
                0x08002454                CMU_ClockSelectGet
 .text.sli_em_cmu_SYSTICEXTCLKENClear
                0x080026d0       0x30 ./simplicity_sdk_2025.6.0/platform/emlib/src/em_cmu.o
                0x080026d0                sli_em_cmu_SYSTICEXTCLKENClear
 .text.CMU_HFXOInit
                0x08002700      0x224 ./simplicity_sdk_2025.6.0/platform/emlib/src/em_cmu.o
                0x08002700                CMU_HFXOInit
 .text.CMU_HFXOCTuneDeltaGet
                0x08002924        0xc ./simplicity_sdk_2025.6.0/platform/emlib/src/em_cmu.o
                0x08002924                CMU_HFXOCTuneDeltaGet
 .text.CMU_LFXOInit
                0x08002930       0xc4 ./simplicity_sdk_2025.6.0/platform/emlib/src/em_cmu.o
                0x08002930                CMU_LFXOInit
 .text.CMU_LFXOPrecisionSet
                0x080029f4        0xc ./simplicity_sdk_2025.6.0/platform/emlib/src/em_cmu.o
                0x080029f4                CMU_LFXOPrecisionSet
 .text.CMU_HFXOPrecisionSet
                0x08002a00        0xc ./simplicity_sdk_2025.6.0/platform/emlib/src/em_cmu.o
                0x08002a00                CMU_HFXOPrecisionSet
 .text.CMU_LFRCOSetPrecision
                0x08002a0c       0x80 ./simplicity_sdk_2025.6.0/platform/emlib/src/em_cmu.o
                0x08002a0c                CMU_LFRCOSetPrecision
 .text.CMU_ClockDivSet
                0x08002a8c      0x12c ./simplicity_sdk_2025.6.0/platform/emlib/src/em_cmu.o
                0x08002a8c                CMU_ClockDivSet
 .text.sli_em_cmu_SYSCLKInitPreClockSelect
                0x08002bb8       0x30 ./simplicity_sdk_2025.6.0/platform/emlib/src/em_cmu.o
                0x08002bb8                sli_em_cmu_SYSCLKInitPreClockSelect
 .text.pclkDivOptimize
                0x08002be8       0x24 ./simplicity_sdk_2025.6.0/platform/emlib/src/em_cmu.o
 .text.sli_em_cmu_SYSCLKInitPostClockSelect
                0x08002c0c       0x40 ./simplicity_sdk_2025.6.0/platform/emlib/src/em_cmu.o
                0x08002c0c                sli_em_cmu_SYSCLKInitPostClockSelect
 .text.CMU_HFRCODPLLBandSet
                0x08002c4c      0x11c ./simplicity_sdk_2025.6.0/platform/emlib/src/em_cmu.o
                0x08002c4c                CMU_HFRCODPLLBandSet
 .text.CMU_HFRCOEM23BandSet
                0x08002d68      0x168 ./simplicity_sdk_2025.6.0/platform/emlib/src/em_cmu.o
                0x08002d68                CMU_HFRCOEM23BandSet
 .text.EMU_DCDCSync
                0x08002ed0       0x10 ./simplicity_sdk_2025.6.0/platform/emlib/src/em_emu.o
 .text.EMU_EM4Init
                0x08002ee0       0x14 ./simplicity_sdk_2025.6.0/platform/emlib/src/em_emu.o
                0x08002ee0                EMU_EM4Init
 .text.EMU_VScaleEM01
                0x08002ef4       0xa8 ./simplicity_sdk_2025.6.0/platform/emlib/src/em_emu.o
                0x08002ef4                EMU_VScaleEM01
 .text.EMU_VScaleEM01ByClock
                0x08002f9c       0x30 ./simplicity_sdk_2025.6.0/platform/emlib/src/em_emu.o
                0x08002f9c                EMU_VScaleEM01ByClock
 .text.EMU_DCDCModeSet
                0x08002fcc       0xac ./simplicity_sdk_2025.6.0/platform/emlib/src/em_emu.o
                0x08002fcc                EMU_DCDCModeSet
 .text.EMU_DCDCInit
                0x08003078       0x70 ./simplicity_sdk_2025.6.0/platform/emlib/src/em_emu.o
                0x08003078                EMU_DCDCInit
 .text.EMU_DCDCSetPFMXModePeakCurrent
                0x080030e8       0x6c ./simplicity_sdk_2025.6.0/platform/emlib/src/em_emu.o
                0x080030e8                EMU_DCDCSetPFMXModePeakCurrent
 .text.EUSART_ClockGet
                0x08003154       0x48 ./simplicity_sdk_2025.6.0/platform/emlib/src/em_eusart.o
 .text.EUSART_Reset
                0x0800319c       0x54 ./simplicity_sdk_2025.6.0/platform/emlib/src/em_eusart.o
                0x0800319c                EUSART_Reset
 .text.EUSART_Enable
                0x080031f0       0x7c ./simplicity_sdk_2025.6.0/platform/emlib/src/em_eusart.o
                0x080031f0                EUSART_Enable
 .text.EUSART_BaudrateSet
                0x0800326c      0x1c8 ./simplicity_sdk_2025.6.0/platform/emlib/src/em_eusart.o
                0x0800326c                EUSART_BaudrateSet
 .text.EUSART_SpiInit
                0x08003434      0x284 ./simplicity_sdk_2025.6.0/platform/emlib/src/em_eusart.o
                0x08003434                EUSART_SpiInit
 .text.BUS_RegBitWrite
                0x080036b8       0x2c ./simplicity_sdk_2025.6.0/platform/emlib/src/em_gpio.o
 .text.GPIO_PinOutSet
                0x080036e4       0x3c ./simplicity_sdk_2025.6.0/platform/emlib/src/em_gpio.o
 .text.GPIO_PinOutClear
                0x08003720       0x3c ./simplicity_sdk_2025.6.0/platform/emlib/src/em_gpio.o
 .text.GPIO_ExtIntConfig
                0x0800375c       0xe0 ./simplicity_sdk_2025.6.0/platform/emlib/src/em_gpio.o
                0x0800375c                GPIO_ExtIntConfig
 .text.GPIO_PinModeSet
                0x0800383c       0x94 ./simplicity_sdk_2025.6.0/platform/emlib/src/em_gpio.o
                0x0800383c                GPIO_PinModeSet
 .text.LDMA_DeInit
                0x080038d0       0x2c ./simplicity_sdk_2025.6.0/platform/emlib/src/em_ldma.o
                0x080038d0                LDMA_DeInit
 .text.LDMA_EnableChannelRequest
                0x080038fc       0x40 ./simplicity_sdk_2025.6.0/platform/emlib/src/em_ldma.o
                0x080038fc                LDMA_EnableChannelRequest
 .text.LDMA_Init
                0x0800393c       0x90 ./simplicity_sdk_2025.6.0/platform/emlib/src/em_ldma.o
                0x0800393c                LDMA_Init
 .text.LDMA_StartTransfer
                0x080039cc       0xf8 ./simplicity_sdk_2025.6.0/platform/emlib/src/em_ldma.o
                0x080039cc                LDMA_StartTransfer
 .text.LDMA_StopTransfer
                0x08003ac4       0x38 ./simplicity_sdk_2025.6.0/platform/emlib/src/em_ldma.o
                0x08003ac4                LDMA_StopTransfer
 .text.LDMA_TransferDone
                0x08003afc       0x44 ./simplicity_sdk_2025.6.0/platform/emlib/src/em_ldma.o
                0x08003afc                LDMA_TransferDone
 .text.LDMA_TransferRemainingCount
                0x08003b40       0x44 ./simplicity_sdk_2025.6.0/platform/emlib/src/em_ldma.o
                0x08003b40                LDMA_TransferRemainingCount
 .text.TIMER_Valid
                0x08003b84       0x5c ./simplicity_sdk_2025.6.0/platform/emlib/src/em_timer.o
 .text.timerPrsConfig
                0x08003be0       0xac ./simplicity_sdk_2025.6.0/platform/emlib/src/em_timer.o
 .text.TIMER_Init
                0x08003c8c       0x98 ./simplicity_sdk_2025.6.0/platform/emlib/src/em_timer.o
                0x08003c8c                TIMER_Init
 .text.TIMER_InitCC
                0x08003d24       0xac ./simplicity_sdk_2025.6.0/platform/emlib/src/em_timer.o
                0x08003d24                TIMER_InitCC
 .text.prsRxInput
                0x08003dd0       0x44 ./simplicity_sdk_2025.6.0/platform/emlib/src/em_usart.o
 .text.USART_BaudrateAsyncSet
                0x08003e14       0xe0 ./simplicity_sdk_2025.6.0/platform/emlib/src/em_usart.o
                0x08003e14                USART_BaudrateAsyncSet
 .text.USART_Enable
                0x08003ef4       0x4c ./simplicity_sdk_2025.6.0/platform/emlib/src/em_usart.o
                0x08003ef4                USART_Enable
 .text.USART_Reset
                0x08003f40       0x80 ./simplicity_sdk_2025.6.0/platform/emlib/src/em_usart.o
                0x08003f40                USART_Reset
 .text.USART_InitAsync
                0x08003fc0      0x11c ./simplicity_sdk_2025.6.0/platform/emlib/src/em_usart.o
                0x08003fc0                USART_InitAsync
 .text.sl_hal_gpio_clear_pin
                0x080040dc       0x5c ./simplicity_sdk_2025.6.0/platform/peripheral/src/sl_hal_gpio.o
                0x080040dc                sl_hal_gpio_clear_pin
 .text.sl_hal_gpio_get_enabled_pending_interrupts
                0x08004138       0x14 ./simplicity_sdk_2025.6.0/platform/peripheral/src/sl_hal_gpio.o
                0x08004138                sl_hal_gpio_get_enabled_pending_interrupts
 .text.sl_hal_gpio_get_em4_interrupt_number
                0x0800414c       0x80 ./simplicity_sdk_2025.6.0/platform/peripheral/src/sl_hal_gpio.o
                0x0800414c                sl_hal_gpio_get_em4_interrupt_number
 .text.sl_hal_gpio_set_pin_em4_retention
                0x080041cc       0x20 ./simplicity_sdk_2025.6.0/platform/peripheral/src/sl_hal_gpio.o
                0x080041cc                sl_hal_gpio_set_pin_em4_retention
 .text.sl_hal_gpio_set_pin_mode
                0x080041ec       0xd8 ./simplicity_sdk_2025.6.0/platform/peripheral/src/sl_hal_gpio.o
                0x080041ec                sl_hal_gpio_set_pin_mode
 .text.sl_hal_gpio_configure_external_interrupt
                0x080042c4      0x180 ./simplicity_sdk_2025.6.0/platform/peripheral/src/sl_hal_gpio.o
                0x080042c4                sl_hal_gpio_configure_external_interrupt
 .text.sl_hal_gpio_enable_pin_em4_wakeup
                0x08004444       0x68 ./simplicity_sdk_2025.6.0/platform/peripheral/src/sl_hal_gpio.o
                0x08004444                sl_hal_gpio_enable_pin_em4_wakeup
 .text.sl_hal_gpio_configure_wakeup_em4_external_interrupt
                0x080044ac       0x94 ./simplicity_sdk_2025.6.0/platform/peripheral/src/sl_hal_gpio.o
                0x080044ac                sl_hal_gpio_configure_wakeup_em4_external_interrupt
 .text.sl_hal_sysrtc_wait_ready
                0x08004540       0x1c ./simplicity_sdk_2025.6.0/platform/peripheral/src/sl_hal_sysrtc.o
                0x08004540                sl_hal_sysrtc_wait_ready
 .text.sl_hal_sysrtc_stop
                0x0800455c       0x28 ./simplicity_sdk_2025.6.0/platform/peripheral/src/sl_hal_sysrtc.o
                0x0800455c                sl_hal_sysrtc_stop
 .text.sl_hal_sysrtc_enable
                0x08004584       0x18 ./simplicity_sdk_2025.6.0/platform/peripheral/src/sl_hal_sysrtc.o
                0x08004584                sl_hal_sysrtc_enable
 .text.sl_hal_sysrtc_disable
                0x0800459c       0x1c ./simplicity_sdk_2025.6.0/platform/peripheral/src/sl_hal_sysrtc.o
                0x0800459c                sl_hal_sysrtc_disable
 .text.sl_hal_sysrtc_init
                0x080045b8       0x24 ./simplicity_sdk_2025.6.0/platform/peripheral/src/sl_hal_sysrtc.o
                0x080045b8                sl_hal_sysrtc_init
 .text.sl_hal_sysrtc_init_group
                0x080045dc       0x44 ./simplicity_sdk_2025.6.0/platform/peripheral/src/sl_hal_sysrtc.o
                0x080045dc                sl_hal_sysrtc_init_group
 .text.sli_clock_manager_hal_init
                0x08004620      0x27c ./simplicity_sdk_2025.6.0/platform/service/clock_manager/src/sl_clock_manager_init_hal_s2.o
                0x08004620                sli_clock_manager_hal_init
 .text.sl_device_init_dcdc
                0x0800489c       0x2c ./simplicity_sdk_2025.6.0/platform/service/device_init/src/sl_device_init_dcdc_s2.o
                0x0800489c                sl_device_init_dcdc
 .text.sl_device_init_emu
                0x080048c8       0x24 ./simplicity_sdk_2025.6.0/platform/service/device_init/src/sl_device_init_emu_s2.o
                0x080048c8                sl_device_init_emu
 .text.sl_interrupt_manager_disable_irq
                0x080048ec       0x3c ./simplicity_sdk_2025.6.0/platform/service/interrupt_manager/src/sl_interrupt_manager_cortexm.o
                0x080048ec                sl_interrupt_manager_disable_irq
 .text.sl_interrupt_manager_enable_irq
                0x08004928       0x34 ./simplicity_sdk_2025.6.0/platform/service/interrupt_manager/src/sl_interrupt_manager_cortexm.o
                0x08004928                sl_interrupt_manager_enable_irq
 .text.sl_interrupt_manager_is_irq_disabled
                0x0800495c       0x30 ./simplicity_sdk_2025.6.0/platform/service/interrupt_manager/src/sl_interrupt_manager_cortexm.o
                0x0800495c                sl_interrupt_manager_is_irq_disabled
 .text.sl_interrupt_manager_clear_irq_pending
                0x0800498c       0x1c ./simplicity_sdk_2025.6.0/platform/service/interrupt_manager/src/sl_interrupt_manager_cortexm.o
                0x0800498c                sl_interrupt_manager_clear_irq_pending
 .text.sl_interrupt_manager_set_irq_priority
                0x080049a8       0x54 ./simplicity_sdk_2025.6.0/platform/service/interrupt_manager/src/sl_interrupt_manager_cortexm.o
                0x080049a8                sl_interrupt_manager_set_irq_priority
 .text.sl_interrupt_manager_init
                0x080049fc       0x34 ./simplicity_sdk_2025.6.0/platform/service/interrupt_manager/src/sl_interrupt_manager_cortexm.o
                0x080049fc                sl_interrupt_manager_init
 .text.sl_iostream_set_default
                0x08004a30       0x18 ./simplicity_sdk_2025.6.0/platform/service/iostream/src/sl_iostream.o
                0x08004a30                sl_iostream_set_default
 .text.sl_iostream_get_default
                0x08004a48       0x18 ./simplicity_sdk_2025.6.0/platform/service/iostream/src/sl_iostream.o
                0x08004a48                sl_iostream_get_default
 .text.sli_iostream_swo_itm_8_init
                0x08004a60       0x1c ./simplicity_sdk_2025.6.0/platform/service/iostream/src/sl_iostream_swo_itm_8.o
                0x08004a60                sli_iostream_swo_itm_8_init
 .text.__rx_buffer_empty
                0x08004a7c       0x34 ./simplicity_sdk_2025.6.0/platform/service/iostream/src/sl_iostream_uart.o
 .text.__rx_buffer_full
                0x08004ab0       0x4c ./simplicity_sdk_2025.6.0/platform/service/iostream/src/sl_iostream_uart.o
 .text.__get_write_ptr
                0x08004afc       0x60 ./simplicity_sdk_2025.6.0/platform/service/iostream/src/sl_iostream_uart.o
 .text.__uart_async_start_write
                0x08004b5c       0x74 ./simplicity_sdk_2025.6.0/platform/service/iostream/src/sl_iostream_uart.o
 .text.set_new_data_detect
                0x08004bd0      0x174 ./simplicity_sdk_2025.6.0/platform/service/iostream/src/sl_iostream_uart.o
 .text.__uart_async_tx_dma_callback
                0x08004d44       0x40 ./simplicity_sdk_2025.6.0/platform/service/iostream/src/sl_iostream_uart.o
 .text.rx_buffer_empty
                0x08004d84       0x38 ./simplicity_sdk_2025.6.0/platform/service/iostream/src/sl_iostream_uart.o
 .text.uart_read
                0x08004dbc      0x2cc ./simplicity_sdk_2025.6.0/platform/service/iostream/src/sl_iostream_uart.o
 .text.uart_write
                0x08005088      0x124 ./simplicity_sdk_2025.6.0/platform/service/iostream/src/sl_iostream_uart.o
 .text.sli_iostream_uart_context_init
                0x080051ac      0x150 ./simplicity_sdk_2025.6.0/platform/service/iostream/src/sl_iostream_uart.o
                0x080051ac                sli_iostream_uart_context_init
 .text.uart_deinit
                0x080052fc       0x9c ./simplicity_sdk_2025.6.0/platform/service/iostream/src/sl_iostream_uart.o
 .text.sl_iostream_usart_init
                0x08005398      0x174 ./simplicity_sdk_2025.6.0/platform/service/iostream/src/sl_iostream_usart.o
                0x08005398                sl_iostream_usart_init
 .text.sl_iostream_usart_irq_handler
                0x0800550c        0xc ./simplicity_sdk_2025.6.0/platform/service/iostream/src/sl_iostream_usart.o
                0x0800550c                sl_iostream_usart_irq_handler
 .text.sl_iostream_vuart_init
                0x08005518       0x44 ./simplicity_sdk_2025.6.0/platform/service/iostream/src/sl_iostream_vuart.o
                0x08005518                sl_iostream_vuart_init
 .text.vuart_write
                0x0800555c       0x20 ./simplicity_sdk_2025.6.0/platform/service/iostream/src/sl_iostream_vuart.o
 .text._sbrk    0x0800557c       0x20 ./simplicity_sdk_2025.6.0/platform/service/memory_manager/src/sl_memory_manager_region.o
                0x0800557c                _sbrk
 .text.sl_sleeptimer_init
                0x0800559c       0x74 ./simplicity_sdk_2025.6.0/platform/service/sleeptimer/src/sl_sleeptimer.o
                0x0800559c                sl_sleeptimer_init
 .text.sleeptimer_hal_init_timer
                0x08005610       0x6c ./simplicity_sdk_2025.6.0/platform/service/sleeptimer/src/sl_sleeptimer_hal_sysrtc.o
                0x08005610                sleeptimer_hal_init_timer
 .text.sl_udelay_wait
                0x0800567c       0x58 ./simplicity_sdk_2025.6.0/platform/service/udelay/src/sl_udelay.o
                0x0800567c                sl_udelay_wait
 .text._DoInit  0x080056d4       0x6c ./simplicity_sdk_2025.6.0/util/third_party/segger/systemview/SEGGER/SEGGER_RTT.o
 .text.SEGGER_RTT_ReadNoLock
                0x08005740       0x94 ./simplicity_sdk_2025.6.0/util/third_party/segger/systemview/SEGGER/SEGGER_RTT.o
                0x08005740                SEGGER_RTT_ReadNoLock
 .text.SEGGER_RTT_ConfigDownBuffer
                0x080057d4       0x68 ./simplicity_sdk_2025.6.0/util/third_party/segger/systemview/SEGGER/SEGGER_RTT.o
                0x080057d4                SEGGER_RTT_ConfigDownBuffer
 .text          0x0800583c      0x378 c:/siliconlabs/simplicitystudio/v5_3/developer/toolchains/gnu_arm/12.2.rel1_2023.7/bin/../lib/gcc/arm-none-eabi/12.2.1/thumb/v8-m.main+fp/hard\libgcc.a(_arm_addsubdf3.o)
                0x0800583c                __aeabi_drsub
                0x08005844                __aeabi_dsub
                0x08005844                __subdf3
                0x08005848                __aeabi_dadd
                0x08005848                __adddf3
                0x08005ac0                __floatunsidf
                0x08005ac0                __aeabi_ui2d
                0x08005ae0                __floatsidf
                0x08005ae0                __aeabi_i2d
                0x08005b04                __aeabi_f2d
                0x08005b04                __extendsfdf2
                0x08005b48                __floatundidf
                0x08005b48                __aeabi_ul2d
                0x08005b58                __floatdidf
                0x08005b58                __aeabi_l2d
 .text          0x08005bb4      0x424 c:/siliconlabs/simplicitystudio/v5_3/developer/toolchains/gnu_arm/12.2.rel1_2023.7/bin/../lib/gcc/arm-none-eabi/12.2.1/thumb/v8-m.main+fp/hard\libgcc.a(_arm_muldivdf3.o)
                0x08005bb4                __aeabi_dmul
                0x08005bb4                __muldf3
                0x08005e08                __divdf3
                0x08005e08                __aeabi_ddiv
 .text          0x08005fd8       0xa0 c:/siliconlabs/simplicitystudio/v5_3/developer/toolchains/gnu_arm/12.2.rel1_2023.7/bin/../lib/gcc/arm-none-eabi/12.2.1/thumb/v8-m.main+fp/hard\libgcc.a(_arm_truncdfsf2.o)
                0x08005fd8                __truncdfsf2
                0x08005fd8                __aeabi_d2f
 .text          0x08006078       0x30 c:/siliconlabs/simplicitystudio/v5_3/developer/toolchains/gnu_arm/12.2.rel1_2023.7/bin/../lib/gcc/arm-none-eabi/12.2.1/thumb/v8-m.main+fp/hard\libgcc.a(_aeabi_uldivmod.o)
                0x08006078                __aeabi_uldivmod
 .text.__udivmoddi4
                0x080060a8      0x2ec c:/siliconlabs/simplicitystudio/v5_3/developer/toolchains/gnu_arm/12.2.rel1_2023.7/bin/../lib/gcc/arm-none-eabi/12.2.1/thumb/v8-m.main+fp/hard\libgcc.a(_udivmoddi4.o)
                0x080060a8                __udivmoddi4
 .text          0x08006394        0x4 c:/siliconlabs/simplicitystudio/v5_3/developer/toolchains/gnu_arm/12.2.rel1_2023.7/bin/../lib/gcc/arm-none-eabi/12.2.1/thumb/v8-m.main+fp/hard\libgcc.a(_dvmd_tls.o)
                0x08006394                __aeabi_idiv0
                0x08006394                __aeabi_ldiv0
 .text.exit     0x08006398       0x24 c:/siliconlabs/simplicitystudio/v5_3/developer/toolchains/gnu_arm/12.2.rel1_2023.7/bin/../lib/gcc/arm-none-eabi/12.2.1/thumb/v8-m.main+fp/hard\libc_nano.a(libc_a-exit.o)
                0x08006398                exit
 .text.std      0x080063bc       0x6c c:/siliconlabs/simplicitystudio/v5_3/developer/toolchains/gnu_arm/12.2.rel1_2023.7/bin/../lib/gcc/arm-none-eabi/12.2.1/thumb/v8-m.main+fp/hard\libc_nano.a(libc_a-findfp.o)
 .text.stdio_exit_handler
                0x08006428       0x18 c:/siliconlabs/simplicitystudio/v5_3/developer/toolchains/gnu_arm/12.2.rel1_2023.7/bin/../lib/gcc/arm-none-eabi/12.2.1/thumb/v8-m.main+fp/hard\libc_nano.a(libc_a-findfp.o)
 .text.cleanup_stdio
                0x08006440       0x40 c:/siliconlabs/simplicitystudio/v5_3/developer/toolchains/gnu_arm/12.2.rel1_2023.7/bin/../lib/gcc/arm-none-eabi/12.2.1/thumb/v8-m.main+fp/hard\libc_nano.a(libc_a-findfp.o)
 .text.global_stdio_init.part.0
                0x08006480       0x3c c:/siliconlabs/simplicitystudio/v5_3/developer/toolchains/gnu_arm/12.2.rel1_2023.7/bin/../lib/gcc/arm-none-eabi/12.2.1/thumb/v8-m.main+fp/hard\libc_nano.a(libc_a-findfp.o)
 .text.__sfp_lock_acquire
                0x080064bc        0xc c:/siliconlabs/simplicitystudio/v5_3/developer/toolchains/gnu_arm/12.2.rel1_2023.7/bin/../lib/gcc/arm-none-eabi/12.2.1/thumb/v8-m.main+fp/hard\libc_nano.a(libc_a-findfp.o)
                0x080064bc                __sfp_lock_acquire
 .text.__sfp_lock_release
                0x080064c8        0xc c:/siliconlabs/simplicitystudio/v5_3/developer/toolchains/gnu_arm/12.2.rel1_2023.7/bin/../lib/gcc/arm-none-eabi/12.2.1/thumb/v8-m.main+fp/hard\libc_nano.a(libc_a-findfp.o)
                0x080064c8                __sfp_lock_release
 .text.__sinit  0x080064d4       0x30 c:/siliconlabs/simplicitystudio/v5_3/developer/toolchains/gnu_arm/12.2.rel1_2023.7/bin/../lib/gcc/arm-none-eabi/12.2.1/thumb/v8-m.main+fp/hard\libc_nano.a(libc_a-findfp.o)
                0x080064d4                __sinit
 .text.setvbuf  0x08006504      0x168 c:/siliconlabs/simplicitystudio/v5_3/developer/toolchains/gnu_arm/12.2.rel1_2023.7/bin/../lib/gcc/arm-none-eabi/12.2.1/thumb/v8-m.main+fp/hard\libc_nano.a(libc_a-setvbuf.o)
                0x08006504                setvbuf
 .text.snprintf
                0x0800666c       0x68 c:/siliconlabs/simplicitystudio/v5_3/developer/toolchains/gnu_arm/12.2.rel1_2023.7/bin/../lib/gcc/arm-none-eabi/12.2.1/thumb/v8-m.main+fp/hard\libc_nano.a(libc_a-snprintf.o)
                0x0800666c                sniprintf
                0x0800666c                snprintf
 .text._close_r
                0x080066d4       0x20 c:/siliconlabs/simplicitystudio/v5_3/developer/toolchains/gnu_arm/12.2.rel1_2023.7/bin/../lib/gcc/arm-none-eabi/12.2.1/thumb/v8-m.main+fp/hard\libc_nano.a(libc_a-closer.o)
                0x080066d4                _close_r
 .text._lseek_r
                0x080066f4       0x24 c:/siliconlabs/simplicitystudio/v5_3/developer/toolchains/gnu_arm/12.2.rel1_2023.7/bin/../lib/gcc/arm-none-eabi/12.2.1/thumb/v8-m.main+fp/hard\libc_nano.a(libc_a-lseekr.o)
                0x080066f4                _lseek_r
 .text._read_r  0x08006718       0x24 c:/siliconlabs/simplicitystudio/v5_3/developer/toolchains/gnu_arm/12.2.rel1_2023.7/bin/../lib/gcc/arm-none-eabi/12.2.1/thumb/v8-m.main+fp/hard\libc_nano.a(libc_a-readr.o)
                0x08006718                _read_r
 .text._write_r
                0x0800673c       0x24 c:/siliconlabs/simplicitystudio/v5_3/developer/toolchains/gnu_arm/12.2.rel1_2023.7/bin/../lib/gcc/arm-none-eabi/12.2.1/thumb/v8-m.main+fp/hard\libc_nano.a(libc_a-writer.o)
                0x0800673c                _write_r
 .text.__libc_init_array
                0x08006760       0x48 c:/siliconlabs/simplicitystudio/v5_3/developer/toolchains/gnu_arm/12.2.rel1_2023.7/bin/../lib/gcc/arm-none-eabi/12.2.1/thumb/v8-m.main+fp/hard\libc_nano.a(libc_a-init.o)
                0x08006760                __libc_init_array
 .text._free_r  0x080067a8       0x94 c:/siliconlabs/simplicitystudio/v5_3/developer/toolchains/gnu_arm/12.2.rel1_2023.7/bin/../lib/gcc/arm-none-eabi/12.2.1/thumb/v8-m.main+fp/hard\libc_nano.a(libc_a-freer.o)
                0x080067a8                _free_r
 .text.malloc   0x0800683c       0x10 c:/siliconlabs/simplicitystudio/v5_3/developer/toolchains/gnu_arm/12.2.rel1_2023.7/bin/../lib/gcc/arm-none-eabi/12.2.1/thumb/v8-m.main+fp/hard\libc_nano.a(libc_a-malloc.o)
                0x0800683c                malloc
 .text.sbrk_aligned
                0x0800684c       0x44 c:/siliconlabs/simplicitystudio/v5_3/developer/toolchains/gnu_arm/12.2.rel1_2023.7/bin/../lib/gcc/arm-none-eabi/12.2.1/thumb/v8-m.main+fp/hard\libc_nano.a(libc_a-mallocr.o)
 .text._malloc_r
                0x08006890       0xf0 c:/siliconlabs/simplicitystudio/v5_3/developer/toolchains/gnu_arm/12.2.rel1_2023.7/bin/../lib/gcc/arm-none-eabi/12.2.1/thumb/v8-m.main+fp/hard\libc_nano.a(libc_a-mallocr.o)
                0x08006890                _malloc_r
 .text.__malloc_lock
                0x08006980        0xc c:/siliconlabs/simplicitystudio/v5_3/developer/toolchains/gnu_arm/12.2.rel1_2023.7/bin/../lib/gcc/arm-none-eabi/12.2.1/thumb/v8-m.main+fp/hard\libc_nano.a(libc_a-mlock.o)
                0x08006980                __malloc_lock
 .text.__malloc_unlock
                0x0800698c        0xc c:/siliconlabs/simplicitystudio/v5_3/developer/toolchains/gnu_arm/12.2.rel1_2023.7/bin/../lib/gcc/arm-none-eabi/12.2.1/thumb/v8-m.main+fp/hard\libc_nano.a(libc_a-mlock.o)
                0x0800698c                __malloc_unlock
 .text._svfprintf_r
                0x08006998      0x1f8 c:/siliconlabs/simplicitystudio/v5_3/developer/toolchains/gnu_arm/12.2.rel1_2023.7/bin/../lib/gcc/arm-none-eabi/12.2.1/thumb/v8-m.main+fp/hard\libc_nano.a(libc_a-nano-svfprintf.o)
                0x08006998                _svfiprintf_r
                0x08006998                _svfprintf_r
 .text._printf_i
                0x08006b90      0x258 c:/siliconlabs/simplicitystudio/v5_3/developer/toolchains/gnu_arm/12.2.rel1_2023.7/bin/../lib/gcc/arm-none-eabi/12.2.1/thumb/v8-m.main+fp/hard\libc_nano.a(libc_a-nano-vfprintf_i.o)
                0x08006b90                _printf_i
 .text._fstat_r
                0x08006de8       0x24 c:/siliconlabs/simplicitystudio/v5_3/developer/toolchains/gnu_arm/12.2.rel1_2023.7/bin/../lib/gcc/arm-none-eabi/12.2.1/thumb/v8-m.main+fp/hard\libc_nano.a(libc_a-fstatr.o)
                0x08006de8                _fstat_r
 .text._sbrk_r  0x08006e0c       0x20 c:/siliconlabs/simplicitystudio/v5_3/developer/toolchains/gnu_arm/12.2.rel1_2023.7/bin/../lib/gcc/arm-none-eabi/12.2.1/thumb/v8-m.main+fp/hard\libc_nano.a(libc_a-sbrkr.o)
                0x08006e0c                _sbrk_r
 .text.fmodf    0x08006e2c       0x48 c:/siliconlabs/simplicitystudio/v5_3/developer/toolchains/gnu_arm/12.2.rel1_2023.7/bin/../lib/gcc/arm-none-eabi/12.2.1/thumb/v8-m.main+fp/hard\libm.a(libm_a-wf_fmod.o)
                0x08006e2c                fmodf
 .text.cosf     0x08006e74       0x88 c:/siliconlabs/simplicitystudio/v5_3/developer/toolchains/gnu_arm/12.2.rel1_2023.7/bin/../lib/gcc/arm-none-eabi/12.2.1/thumb/v8-m.main+fp/hard\libm.a(libm_a-sf_cos.o)
                0x08006e74                cosf
 .text.sinf     0x08006efc       0x8c c:/siliconlabs/simplicitystudio/v5_3/developer/toolchains/gnu_arm/12.2.rel1_2023.7/bin/../lib/gcc/arm-none-eabi/12.2.1/thumb/v8-m.main+fp/hard\libm.a(libm_a-sf_sin.o)
                0x08006efc                sinf
 .text.__kernel_cosf
                0x08006f88      0x104 c:/siliconlabs/simplicitystudio/v5_3/developer/toolchains/gnu_arm/12.2.rel1_2023.7/bin/../lib/gcc/arm-none-eabi/12.2.1/thumb/v8-m.main+fp/hard\libm.a(libm_a-kf_cos.o)
                0x08006f88                __kernel_cosf
 .text.__kernel_sinf
                0x0800708c       0x90 c:/siliconlabs/simplicitystudio/v5_3/developer/toolchains/gnu_arm/12.2.rel1_2023.7/bin/../lib/gcc/arm-none-eabi/12.2.1/thumb/v8-m.main+fp/hard\libm.a(libm_a-kf_sin.o)
                0x0800708c                __kernel_sinf
 .text.__ieee754_fmodf
                0x0800711c      0x184 c:/siliconlabs/simplicitystudio/v5_3/developer/toolchains/gnu_arm/12.2.rel1_2023.7/bin/../lib/gcc/arm-none-eabi/12.2.1/thumb/v8-m.main+fp/hard\libm.a(libm_a-ef_fmod.o)
                0x0800711c                __ieee754_fmodf
 .text.__ieee754_rem_pio2f
                0x080072a0      0x278 c:/siliconlabs/simplicitystudio/v5_3/developer/toolchains/gnu_arm/12.2.rel1_2023.7/bin/../lib/gcc/arm-none-eabi/12.2.1/thumb/v8-m.main+fp/hard\libm.a(libm_a-ef_rem_pio2.o)
                0x080072a0                __ieee754_rem_pio2f
 .text.fabsf    0x08007518       0x10 c:/siliconlabs/simplicitystudio/v5_3/developer/toolchains/gnu_arm/12.2.rel1_2023.7/bin/../lib/gcc/arm-none-eabi/12.2.1/thumb/v8-m.main+fp/hard\libm.a(libm_a-sf_fabs.o)
                0x08007518                fabsf
 .text.__kernel_rem_pio2f
                0x08007528      0x670 c:/siliconlabs/simplicitystudio/v5_3/developer/toolchains/gnu_arm/12.2.rel1_2023.7/bin/../lib/gcc/arm-none-eabi/12.2.1/thumb/v8-m.main+fp/hard\libm.a(libm_a-kf_rem_pio2.o)
                0x08007528                __kernel_rem_pio2f
 .text.scalbnf  0x08007b98       0xe0 c:/siliconlabs/simplicitystudio/v5_3/developer/toolchains/gnu_arm/12.2.rel1_2023.7/bin/../lib/gcc/arm-none-eabi/12.2.1/thumb/v8-m.main+fp/hard\libm.a(libm_a-sf_scalbn.o)
                0x08007b98                scalbnf
 .text.floorf   0x08007c78        0x8 c:/siliconlabs/simplicitystudio/v5_3/developer/toolchains/gnu_arm/12.2.rel1_2023.7/bin/../lib/gcc/arm-none-eabi/12.2.1/thumb/v8-m.main+fp/hard\libm.a(libm_a-sf_floor.o)
                0x08007c78                floorf
 .text.__errno  0x08007c80        0xc c:/siliconlabs/simplicitystudio/v5_3/developer/toolchains/gnu_arm/12.2.rel1_2023.7/bin/../lib/gcc/arm-none-eabi/12.2.1/thumb/v8-m.main+fp/hard\libc_nano.a(libc_a-errno.o)
                0x08007c80                __errno
 .text.update_speed
                0x08007c8c        0x2 ./kinematics.o
                0x08007c8c                update_speed
 .text.startup.main
                0x08007c8e       0x2c ./main.o
                0x08007c8e                main
 .text.initCMU  0x08007cba       0x16 ./motor_pwm.o
                0x08007cba                initCMU
 .text.initGPIO
                0x08007cd0       0x4e ./motor_pwm.o
                0x08007cd0                initGPIO
 .text.motor1_forward
                0x08007d1e       0x16 ./motor_pwm.o
                0x08007d1e                motor1_forward
 .text.motor1_backward
                0x08007d34       0x16 ./motor_pwm.o
                0x08007d34                motor1_backward
 .text.motor2_forward
                0x08007d4a       0x16 ./motor_pwm.o
                0x08007d4a                motor2_forward
 .text.motor2_backward
                0x08007d60       0x16 ./motor_pwm.o
                0x08007d60                motor2_backward
 .text.sl_board_default_init
                0x08007d76        0x2 ./autogen/sl_board_default_init.o
                0x08007d76                sl_board_default_init
 .text.sli_driver_permanent_allocation
                0x08007d78        0x2 ./autogen/sl_event_handler.o
                0x08007d78                sli_driver_permanent_allocation
 .text.sli_service_permanent_allocation
                0x08007d7a        0x2 ./autogen/sl_event_handler.o
                0x08007d7a                sli_service_permanent_allocation
 .text.sli_stack_permanent_allocation
                0x08007d7c        0x2 ./autogen/sl_event_handler.o
                0x08007d7c                sli_stack_permanent_allocation
 .text.sli_internal_permanent_allocation
                0x08007d7e        0x2 ./autogen/sl_event_handler.o
                0x08007d7e                sli_internal_permanent_allocation
 .text.sl_platform_init
                0x08007d80       0x12 ./autogen/sl_event_handler.o
                0x08007d80                sl_platform_init
 .text.sli_internal_init_early
                0x08007d92        0x2 ./autogen/sl_event_handler.o
                0x08007d92                sli_internal_init_early
 .text.sl_driver_init
                0x08007d94       0x1a ./autogen/sl_event_handler.o
                0x08007d94                sl_driver_init
 .text.sl_stack_init
                0x08007dae        0x2 ./autogen/sl_event_handler.o
                0x08007dae                sl_stack_init
 .text.sl_internal_app_init
                0x08007db0        0x2 ./autogen/sl_event_handler.o
                0x08007db0                sl_internal_app_init
 .text.sli_platform_process_action
                0x08007db2        0x2 ./autogen/sl_event_handler.o
                0x08007db2                sli_platform_process_action
 .text.sli_service_process_action
                0x08007db4        0x2 ./autogen/sl_event_handler.o
                0x08007db4                sli_service_process_action
 .text.sli_stack_process_action
                0x08007db6        0x2 ./autogen/sl_event_handler.o
                0x08007db6                sli_stack_process_action
 .text.sli_internal_app_process_action
                0x08007db8        0x2 ./autogen/sl_event_handler.o
                0x08007db8                sli_internal_app_process_action
 .text.sl_iostream_init_instances_stage_1
                0x08007dba        0xe ./autogen/sl_event_handler.o
                0x08007dba                sl_iostream_init_instances_stage_1
 .text.sl_service_init
                0x08007dc8       0x12 ./autogen/sl_event_handler.o
                0x08007dc8                sl_service_init
 .text.USART0_TX_IRQHandler
                0x08007dda        0x4 ./autogen/sl_iostream_init_usart_instances.o
                0x08007dda                USART0_TX_IRQHandler
 .text.sl_board_configure_vcom
                0x08007dde        0x4 ./simplicity_sdk_2025.6.0/hardware/board/src/sl_board_control_gpio.o
                0x08007dde                sl_board_configure_vcom
 .text.sli_cos_swo_itm_8_write.constprop.0.isra.0
                0x08007de2       0x78 ./simplicity_sdk_2025.6.0/hardware/driver/configuration_over_swo/src/sl_cos.o
 .text.sl_cos_send_config
                0x08007e5a       0x12 ./simplicity_sdk_2025.6.0/hardware/driver/configuration_over_swo/src/sl_cos.o
                0x08007e5a                sl_cos_send_config
 .text.sl_cos_config_vcom
                0x08007e6c       0x1c ./simplicity_sdk_2025.6.0/hardware/driver/configuration_over_swo/src/sl_cos.o
                0x08007e6c                sl_cos_config_vcom
 .text.Default_Handler
                0x08007e88        0x2 ./simplicity_sdk_2025.6.0/platform/Device/SiliconLabs/EFR32MG26/Source/startup_efr32mg26.o
                0x08007e88                ULFRCO_IRQHandler
                0x08007e88                AHB2AHB1_IRQHandler
                0x08007e88                SW2_IRQHandler
                0x08007e88                TIMER2_IRQHandler
                0x08007e88                DebugMon_Handler
                0x08007e88                TIMER5_IRQHandler
                0x08007e88                IADC_IRQHandler
                0x08007e88                EUSART0_TX_IRQHandler
                0x08007e88                I2C0_IRQHandler
                0x08007e88                LFXO_IRQHandler
                0x08007e88                HardFault_Handler
                0x08007e88                SMU_SECURE_IRQHandler
                0x08007e88                SysTick_Handler
                0x08007e88                SYSRTC_SEQ_IRQHandler
                0x08007e88                USART1_RX_IRQHandler
                0x08007e88                EMUEFP_IRQHandler
                0x08007e88                TIMER7_IRQHandler
                0x08007e88                EUSART2_TX_IRQHandler
                0x08007e88                PendSV_Handler
                0x08007e88                NMI_Handler
                0x08007e88                SYNTH_IRQHandler
                0x08007e88                HOSTMAILBOX_IRQHandler
                0x08007e88                HFXO0_IRQHandler
                0x08007e88                I2C1_IRQHandler
                0x08007e88                EUSART3_TX_IRQHandler
                0x08007e88                WDOG0_IRQHandler
                0x08007e88                TIMER3_IRQHandler
                0x08007e88                SYSCFG_IRQHandler
                0x08007e88                RFECA1_IRQHandler
                0x08007e88                EMUDG_IRQHandler
                0x08007e88                USART1_TX_IRQHandler
                0x08007e88                MSC_IRQHandler
                0x08007e88                DPLL0_IRQHandler
                0x08007e88                TIMER8_IRQHandler
                0x08007e88                UsageFault_Handler
                0x08007e88                WDOG1_IRQHandler
                0x08007e88                M33CTI1_IRQHandler
                0x08007e88                TIMER4_IRQHandler
                0x08007e88                TIMER9_IRQHandler
                0x08007e88                VDAC0_IRQHandler
                0x08007e88                TIMER6_IRQHandler
                0x08007e88                SEMBTX_IRQHandler
                0x08007e88                I2C2_IRQHandler
                0x08007e88                SW0_IRQHandler
                0x08007e88                TIMER0_IRQHandler
                0x08007e88                LCD_IRQHandler
                0x08007e88                MVP_IRQHandler
                0x08007e88                LETIMER0_IRQHandler
                0x08007e88                EUSART1_RX_IRQHandler
                0x08007e88                TIMER1_IRQHandler
                0x08007e88                HFRCO0_IRQHandler
                0x08007e88                SecureFault_Handler
                0x08007e88                BUFC_IRQHandler
                0x08007e88                DCDC_IRQHandler
                0x08007e88                MODEM_IRQHandler
                0x08007e88                USART2_RX_IRQHandler
                0x08007e88                Default_Handler
                0x08007e88                RAC_SEQ_IRQHandler
                0x08007e88                FRC_PRI_IRQHandler
                0x08007e88                EMU_IRQHandler
                0x08007e88                SW3_IRQHandler
                0x08007e88                KERNEL0_IRQHandler
                0x08007e88                FRC_IRQHandler
                0x08007e88                PCNT0_IRQHandler
                0x08007e88                KERNEL1_IRQHandler
                0x08007e88                AGC_IRQHandler
                0x08007e88                EUSART1_TX_IRQHandler
                0x08007e88                KEYSCAN_IRQHandler
                0x08007e88                sl_app_properties
                0x08007e88                HFRCOEM23_IRQHandler
                0x08007e88                BURTC_IRQHandler
                0x08007e88                SEMBRX_IRQHandler
                0x08007e88                RFECA0_IRQHandler
                0x08007e88                LFRCO_IRQHandler
                0x08007e88                I2C3_IRQHandler
                0x08007e88                VDAC1_IRQHandler
                0x08007e88                ACMP0_IRQHandler
                0x08007e88                MemManage_Handler
                0x08007e88                MPAHBRAM0_IRQHandler
                0x08007e88                AHB2AHB0_IRQHandler
                0x08007e88                SVC_Handler
                0x08007e88                EUSART3_RX_IRQHandler
                0x08007e88                EUSART2_RX_IRQHandler
                0x08007e88                SMU_S_PRIVILEGED_IRQHandler
                0x08007e88                SW1_IRQHandler
                0x08007e88                CMU_IRQHandler
                0x08007e88                EUSART0_RX_IRQHandler
                0x08007e88                RAC_RSM_IRQHandler
                0x08007e88                SETAMPERHOST_IRQHandler
                0x08007e88                AES_IRQHandler
                0x08007e88                M33CTI0_IRQHandler
                0x08007e88                ICACHE0_IRQHandler
                0x08007e88                SMU_NS_PRIVILEGED_IRQHandler
                0x08007e88                FPUEXH_IRQHandler
                0x08007e88                PROTIMER_IRQHandler
                0x08007e88                ACMP1_IRQHandler
                0x08007e88                BusFault_Handler
                0x08007e88                USART2_TX_IRQHandler
                0x08007e88                MPAHBRAM1_IRQHandler
 .text.CopyMemory
                0x08007e8a       0x1a ./simplicity_sdk_2025.6.0/platform/Device/SiliconLabs/EFR32MG26/Source/startup_efr32mg26.o
                0x08007e8a                CopyMemory
 .text.assertEFM
                0x08007ea4        0x2 ./simplicity_sdk_2025.6.0/platform/common/src/sl_assert.o
                0x08007ea4                assertEFM
 .text.sl_slist_init
                0x08007ea6        0x6 ./simplicity_sdk_2025.6.0/platform/common/src/sl_slist.o
                0x08007ea6                sl_slist_init
 .text._close   0x08007eac        0x6 ./simplicity_sdk_2025.6.0/platform/common/src/sl_syscalls.o
                0x08007eac                _close
 .text._exit    0x08007eb2        0x2 ./simplicity_sdk_2025.6.0/platform/common/src/sl_syscalls.o
                0x08007eb2                _exit
 .text._fstat   0x08007eb4        0x4 ./simplicity_sdk_2025.6.0/platform/common/src/sl_syscalls.o
                0x08007eb4                _fstat
 .text._lseek   0x08007eb8        0x4 ./simplicity_sdk_2025.6.0/platform/common/src/sl_syscalls.o
                0x08007eb8                _lseek
 .text._read    0x08007ebc        0x4 ./simplicity_sdk_2025.6.0/platform/common/src/sl_syscalls.o
                0x08007ebc                _read
 .text._write   0x08007ec0        0x4 ./simplicity_sdk_2025.6.0/platform/common/src/sl_syscalls.o
                0x08007ec0                _write
 .text.sl_debug_swo_enable_itm
                0x08007ec4       0x16 ./simplicity_sdk_2025.6.0/platform/driver/debug/src/sl_debug_swo.o
                0x08007ec4                sl_debug_swo_enable_itm
 .text.sl_debug_swo_disable_itm
                0x08007eda       0x18 ./simplicity_sdk_2025.6.0/platform/driver/debug/src/sl_debug_swo.o
                0x08007eda                sl_debug_swo_disable_itm
 .text.DMADRV_PeripheralMemory
                0x08007ef2       0x34 ./simplicity_sdk_2025.6.0/platform/emdrv/dmadrv/src/dmadrv.o
                0x08007ef2                DMADRV_PeripheralMemory
 .text.gpioint_map_callback
                0x08007f26        0x6 ./simplicity_sdk_2025.6.0/platform/emdrv/gpiointerrupt/src/gpiointerrupt.o
 .text.GPIOINT_Init
                0x08007f2c        0x4 ./simplicity_sdk_2025.6.0/platform/emdrv/gpiointerrupt/src/gpiointerrupt.o
                0x08007f2c                GPIOINT_Init
 .text.BUS_RegMaskedWrite
                0x08007f30       0x1e ./simplicity_sdk_2025.6.0/platform/emlib/src/em_cmu.o
 .text.waitStateMax
                0x08007f4e       0x10 ./simplicity_sdk_2025.6.0/platform/emlib/src/em_cmu.o
 .text.CMU_UpdateWaitStates
                0x08007f5e        0xc ./simplicity_sdk_2025.6.0/platform/emlib/src/em_cmu.o
                0x08007f5e                CMU_UpdateWaitStates
 .text.pclkDivMax
                0x08007f6a        0xa ./simplicity_sdk_2025.6.0/platform/emlib/src/em_cmu.o
 .text.EMU_EFPEM01VScale
                0x08007f74        0x2 ./simplicity_sdk_2025.6.0/platform/emlib/src/em_emu.o
                0x08007f74                EMU_EFPEM01VScale
 .text.EMU_DCDCUpdatedHook
                0x08007f76        0x2 ./simplicity_sdk_2025.6.0/platform/emlib/src/em_emu.o
                0x08007f76                EMU_DCDCUpdatedHook
 .text.eusart_sync
                0x08007f78        0x8 ./simplicity_sdk_2025.6.0/platform/emlib/src/em_eusart.o
 .text.EUSART_Disable
                0x08007f80       0x34 ./simplicity_sdk_2025.6.0/platform/emlib/src/em_eusart.o
 .text.EUSART_Spi_TxRx
                0x08007fb4       0x14 ./simplicity_sdk_2025.6.0/platform/emlib/src/em_eusart.o
                0x08007fb4                EUSART_Spi_TxRx
 .text.BUS_RegMaskedWrite
                0x08007fc8       0x1e ./simplicity_sdk_2025.6.0/platform/emlib/src/em_gpio.o
 .text.TIMER_SyncWait
                0x08007fe6        0xe ./simplicity_sdk_2025.6.0/platform/emlib/src/em_timer.o
                0x08007fe6                TIMER_SyncWait
 .text.USART_Tx
                0x08007ff4        0xa ./simplicity_sdk_2025.6.0/platform/emlib/src/em_usart.o
                0x08007ff4                USART_Tx
 .text.sl_hal_bus_reg_write_mask
                0x08007ffe       0x1e ./simplicity_sdk_2025.6.0/platform/peripheral/src/sl_hal_gpio.o
 .text.sl_hal_gpio_get_external_interrupt_number
                0x0800801c       0x34 ./simplicity_sdk_2025.6.0/platform/peripheral/src/sl_hal_gpio.o
                0x0800801c                sl_hal_gpio_get_external_interrupt_number
 .text.sl_clock_manager_runtime_init
                0x08008050        0x4 ./simplicity_sdk_2025.6.0/platform/service/clock_manager/src/sl_clock_manager.o
                0x08008050                sl_clock_manager_runtime_init
 .text.sli_clock_manager_hal_runtime_init
                0x08008054        0x4 ./simplicity_sdk_2025.6.0/platform/service/clock_manager/src/sl_clock_manager_hal_s2.o
                0x08008054                sli_clock_manager_hal_runtime_init
 .text.sl_clock_manager_init
                0x08008058        0x4 ./simplicity_sdk_2025.6.0/platform/service/clock_manager/src/sl_clock_manager_init.o
                0x08008058                sl_clock_manager_init
 .text.sl_iostream_write
                0x0800805c       0x22 ./simplicity_sdk_2025.6.0/platform/service/iostream/src/sl_iostream.o
                0x0800805c                sl_iostream_write
 .text.sl_iostream_read
                0x0800807e       0x30 ./simplicity_sdk_2025.6.0/platform/service/iostream/src/sl_iostream.o
                0x0800807e                sl_iostream_read
 .text.sli_iostream_swo_itm_8_write
                0x080080ae       0x7a ./simplicity_sdk_2025.6.0/platform/service/iostream/src/sl_iostream_swo_itm_8.o
                0x080080ae                sli_iostream_swo_itm_8_write
 .text.set_auto_cr_lf
                0x08008128        0x6 ./simplicity_sdk_2025.6.0/platform/service/iostream/src/sl_iostream_uart.o
 .text.get_auto_cr_lf
                0x0800812e        0x6 ./simplicity_sdk_2025.6.0/platform/service/iostream/src/sl_iostream_uart.o
 .text.__uart_async_rx_dma_callback
                0x08008134       0x70 ./simplicity_sdk_2025.6.0/platform/service/iostream/src/sl_iostream_uart.o
 .text.uart_write_async
                0x080081a4       0x46 ./simplicity_sdk_2025.6.0/platform/service/iostream/src/sl_iostream_uart.o
 .text.sli_iostream_uart_unsubscribe_to_new_data
                0x080081ea       0x1c ./simplicity_sdk_2025.6.0/platform/service/iostream/src/sl_iostream_uart.o
                0x080081ea                sli_iostream_uart_unsubscribe_to_new_data
 .text.usart_rx
                0x08008206       0x14 ./simplicity_sdk_2025.6.0/platform/service/iostream/src/sl_iostream_usart.o
 .text.usart_deinit
                0x0800821a       0x76 ./simplicity_sdk_2025.6.0/platform/service/iostream/src/sl_iostream_usart.o
 .text.usart_tx
                0x08008290        0xe ./simplicity_sdk_2025.6.0/platform/service/iostream/src/sl_iostream_usart.o
 .text.vuart_read
                0x0800829e       0x16 ./simplicity_sdk_2025.6.0/platform/service/iostream/src/sl_iostream_vuart.o
 .text.app_init_pre_clock
                0x080082b4        0x2 ./simplicity_sdk_2025.6.0/platform/service/sl_main/src/sl_main_init.o
                0x080082b4                app_init_pre_clock
 .text.app_init_early
                0x080082b6        0x2 ./simplicity_sdk_2025.6.0/platform/service/sl_main/src/sl_main_init.o
                0x080082b6                app_init_early
 .text.sl_main_second_stage_init
                0x080082b8       0x1a ./simplicity_sdk_2025.6.0/platform/service/sl_main/src/sl_main_init.o
                0x080082b8                sl_main_second_stage_init
 .text.sl_main_init
                0x080082d2       0x2e ./simplicity_sdk_2025.6.0/platform/service/sl_main/src/sl_main_init.o
                0x080082d2                sl_main_init
 .text.app_permanent_memory_alloc
                0x08008300        0x2 ./simplicity_sdk_2025.6.0/platform/service/sl_main/src/sl_main_init_memory.o
                0x08008300                app_permanent_memory_alloc
 .text.sli_allocate_permanent_memory
                0x08008302       0x18 ./simplicity_sdk_2025.6.0/platform/service/sl_main/src/sl_main_init_memory.o
                0x08008302                sli_allocate_permanent_memory
 .text.sl_main_process_action
                0x0800831a       0x16 ./simplicity_sdk_2025.6.0/platform/service/sl_main/src/sl_main_process_action.o
                0x0800831a                sl_main_process_action
 .text.SEGGER_RTT_Read
                0x08008330       0x1c ./simplicity_sdk_2025.6.0/util/third_party/segger/systemview/SEGGER/SEGGER_RTT.o
                0x08008330                SEGGER_RTT_Read
 .text._fwalk_sglue
                0x0800834c       0x3c c:/siliconlabs/simplicitystudio/v5_3/developer/toolchains/gnu_arm/12.2.rel1_2023.7/bin/../lib/gcc/arm-none-eabi/12.2.1/thumb/v8-m.main+fp/hard\libc_nano.a(libc_a-fwalk.o)
                0x0800834c                _fwalk_sglue
 .text.__sread  0x08008388       0x22 c:/siliconlabs/simplicitystudio/v5_3/developer/toolchains/gnu_arm/12.2.rel1_2023.7/bin/../lib/gcc/arm-none-eabi/12.2.1/thumb/v8-m.main+fp/hard\libc_nano.a(libc_a-stdio.o)
                0x08008388                __sread
 .text.__swrite
                0x080083aa       0x38 c:/siliconlabs/simplicitystudio/v5_3/developer/toolchains/gnu_arm/12.2.rel1_2023.7/bin/../lib/gcc/arm-none-eabi/12.2.1/thumb/v8-m.main+fp/hard\libc_nano.a(libc_a-stdio.o)
                0x080083aa                __swrite
 .text.__sseek  0x080083e2       0x24 c:/siliconlabs/simplicitystudio/v5_3/developer/toolchains/gnu_arm/12.2.rel1_2023.7/bin/../lib/gcc/arm-none-eabi/12.2.1/thumb/v8-m.main+fp/hard\libc_nano.a(libc_a-stdio.o)
                0x080083e2                __sseek
 .text.__sclose
                0x08008406        0x8 c:/siliconlabs/simplicitystudio/v5_3/developer/toolchains/gnu_arm/12.2.rel1_2023.7/bin/../lib/gcc/arm-none-eabi/12.2.1/thumb/v8-m.main+fp/hard\libc_nano.a(libc_a-stdio.o)
                0x08008406                __sclose
 .text.memset   0x0800840e       0x10 c:/siliconlabs/simplicitystudio/v5_3/developer/toolchains/gnu_arm/12.2.rel1_2023.7/bin/../lib/gcc/arm-none-eabi/12.2.1/thumb/v8-m.main+fp/hard\libc_nano.a(libc_a-memset.o)
                0x0800840e                memset
 .text.__retarget_lock_init_recursive
                0x0800841e        0x2 c:/siliconlabs/simplicitystudio/v5_3/developer/toolchains/gnu_arm/12.2.rel1_2023.7/bin/../lib/gcc/arm-none-eabi/12.2.1/thumb/v8-m.main+fp/hard\libc_nano.a(libc_a-lock.o)
                0x0800841e                __retarget_lock_init_recursive
 .text.__retarget_lock_acquire_recursive
                0x08008420        0x2 c:/siliconlabs/simplicitystudio/v5_3/developer/toolchains/gnu_arm/12.2.rel1_2023.7/bin/../lib/gcc/arm-none-eabi/12.2.1/thumb/v8-m.main+fp/hard\libc_nano.a(libc_a-lock.o)
                0x08008420                __retarget_lock_acquire_recursive
 .text.__retarget_lock_release_recursive
                0x08008422        0x2 c:/siliconlabs/simplicitystudio/v5_3/developer/toolchains/gnu_arm/12.2.rel1_2023.7/bin/../lib/gcc/arm-none-eabi/12.2.1/thumb/v8-m.main+fp/hard\libc_nano.a(libc_a-lock.o)
                0x08008422                __retarget_lock_release_recursive
 .text.memcpy   0x08008424       0x1a c:/siliconlabs/simplicitystudio/v5_3/developer/toolchains/gnu_arm/12.2.rel1_2023.7/bin/../lib/gcc/arm-none-eabi/12.2.1/thumb/v8-m.main+fp/hard\libc_nano.a(libc_a-memcpy-stub.o)
                0x08008424                memcpy
 .text          0x0800843e       0x10 c:/siliconlabs/simplicitystudio/v5_3/developer/toolchains/gnu_arm/12.2.rel1_2023.7/bin/../lib/gcc/arm-none-eabi/12.2.1/thumb/v8-m.main+fp/hard\libc_nano.a(libc_a-strlen.o)
                0x0800843e                strlen
 .text.__ssputs_r
                0x0800844e       0xb6 c:/siliconlabs/simplicitystudio/v5_3/developer/toolchains/gnu_arm/12.2.rel1_2023.7/bin/../lib/gcc/arm-none-eabi/12.2.1/thumb/v8-m.main+fp/hard\libc_nano.a(libc_a-nano-svfprintf.o)
                0x0800844e                __ssputs_r
 .text._printf_common
                0x08008504       0xe4 c:/siliconlabs/simplicitystudio/v5_3/developer/toolchains/gnu_arm/12.2.rel1_2023.7/bin/../lib/gcc/arm-none-eabi/12.2.1/thumb/v8-m.main+fp/hard\libc_nano.a(libc_a-nano-vfprintf_i.o)
                0x08008504                _printf_common
 .text.__sflush_r
                0x080085e8      0x106 c:/siliconlabs/simplicitystudio/v5_3/developer/toolchains/gnu_arm/12.2.rel1_2023.7/bin/../lib/gcc/arm-none-eabi/12.2.1/thumb/v8-m.main+fp/hard\libc_nano.a(libc_a-fflush.o)
                0x080085e8                __sflush_r
 .text._fflush_r
                0x080086ee       0x50 c:/siliconlabs/simplicitystudio/v5_3/developer/toolchains/gnu_arm/12.2.rel1_2023.7/bin/../lib/gcc/arm-none-eabi/12.2.1/thumb/v8-m.main+fp/hard\libc_nano.a(libc_a-fflush.o)
                0x080086ee                _fflush_r
 .text.__swhatbuf_r
                0x0800873e       0x4a c:/siliconlabs/simplicitystudio/v5_3/developer/toolchains/gnu_arm/12.2.rel1_2023.7/bin/../lib/gcc/arm-none-eabi/12.2.1/thumb/v8-m.main+fp/hard\libc_nano.a(libc_a-makebuf.o)
                0x0800873e                __swhatbuf_r
 .text.memmove  0x08008788       0x34 c:/siliconlabs/simplicitystudio/v5_3/developer/toolchains/gnu_arm/12.2.rel1_2023.7/bin/../lib/gcc/arm-none-eabi/12.2.1/thumb/v8-m.main+fp/hard\libc_nano.a(libc_a-memmove.o)
                0x08008788                memmove
 .text.memchr   0x080087bc       0x1c c:/siliconlabs/simplicitystudio/v5_3/developer/toolchains/gnu_arm/12.2.rel1_2023.7/bin/../lib/gcc/arm-none-eabi/12.2.1/thumb/v8-m.main+fp/hard\libc_nano.a(libc_a-memchr-stub.o)
                0x080087bc                memchr
 .text._realloc_r
                0x080087d8       0x5c c:/siliconlabs/simplicitystudio/v5_3/developer/toolchains/gnu_arm/12.2.rel1_2023.7/bin/../lib/gcc/arm-none-eabi/12.2.1/thumb/v8-m.main+fp/hard\libc_nano.a(libc_a-reallocr.o)
                0x080087d8                _realloc_r
 .text._malloc_usable_size_r
                0x08008834       0x10 c:/siliconlabs/simplicitystudio/v5_3/developer/toolchains/gnu_arm/12.2.rel1_2023.7/bin/../lib/gcc/arm-none-eabi/12.2.1/thumb/v8-m.main+fp/hard\libc_nano.a(libc_a-msizer.o)
                0x08008834                _malloc_usable_size_r
 *(SORT_BY_ALIGNMENT(text_*))
 text_system_timecritical19242
                0x08008844        0xc ./simplicity_sdk_2025.6.0/platform/Device/SiliconLabs/EFR32MG26/Source/system_efr32mg26.o
                0x08008844                SystemHFRCODPLLClockGet
 text_system_timecritical20245
                0x08008850       0x40 ./simplicity_sdk_2025.6.0/platform/Device/SiliconLabs/EFR32MG26/Source/system_efr32mg26.o
                0x08008850                SystemSYSCLKGet
 text_system_timecritical16198
                0x08008890       0x24 ./simplicity_sdk_2025.6.0/platform/Device/SiliconLabs/EFR32MG26/Source/system_efr32mg26.o
                0x08008890                SystemHCLKGet
 text_system_timecritical21247
                0x080088b4        0x8 ./simplicity_sdk_2025.6.0/platform/Device/SiliconLabs/EFR32MG26/Source/system_efr32mg26.o
                0x080088b4                SystemMaxCoreClockGet
 text_system_timecritical22249
                0x080088bc        0x8 ./simplicity_sdk_2025.6.0/platform/Device/SiliconLabs/EFR32MG26/Source/system_efr32mg26.o
                0x080088bc                SystemFSRCOClockGet
 text_system_timecritical23251
                0x080088c4        0xc ./simplicity_sdk_2025.6.0/platform/Device/SiliconLabs/EFR32MG26/Source/system_efr32mg26.o
                0x080088c4                SystemHFXOClockGet
 text_system_timecritical24254
                0x080088d0        0x8 ./simplicity_sdk_2025.6.0/platform/Device/SiliconLabs/EFR32MG26/Source/system_efr32mg26.o
                0x080088d0                SystemCLKIN0Get
 text_system_timecritical25256
                0x080088d8       0x90 ./simplicity_sdk_2025.6.0/platform/Device/SiliconLabs/EFR32MG26/Source/system_efr32mg26.o
                0x080088d8                SystemHFRCOEM23ClockGet
 text_system_timecritical26258
                0x08008968        0xc ./simplicity_sdk_2025.6.0/platform/Device/SiliconLabs/EFR32MG26/Source/system_efr32mg26.o
                0x08008968                SystemLFXOClockGet
 text_dmadrv_timecritical29166
                0x08008974       0x40 ./simplicity_sdk_2025.6.0/platform/emdrv/dmadrv/src/dmadrv.o
                0x08008974                DMADRV_StopTransfer
 text_dmadrv_timecritical32174
                0x080089b4       0x44 ./simplicity_sdk_2025.6.0/platform/emdrv/dmadrv/src/dmadrv.o
                0x080089b4                DMADRV_TransferDone
 text_dmadrv_timecritical33177
                0x080089f8       0x44 ./simplicity_sdk_2025.6.0/platform/emdrv/dmadrv/src/dmadrv.o
                0x080089f8                DMADRV_TransferRemainingCount
 text_hal_gpio_timecritical29429
                0x08008a3c       0x5c ./simplicity_sdk_2025.6.0/platform/peripheral/src/sl_hal_gpio.o
                0x08008a3c                sl_hal_gpio_set_pin
 text_hal_sysrtc_timecritical29237
                0x08008a98       0x14 ./simplicity_sdk_2025.6.0/platform/peripheral/src/sl_hal_sysrtc.o
                0x08008a98                sl_hal_sysrtc_wait_sync
 text_hal_sysrtc_timecritical31601
                0x08008aac       0x24 ./simplicity_sdk_2025.6.0/platform/peripheral/src/sl_hal_sysrtc.o
                0x08008aac                sl_hal_sysrtc_wait_sync_group
 text_hal_sysrtc_timecritical32634
                0x08008ad0       0x1c ./simplicity_sdk_2025.6.0/platform/peripheral/src/sl_hal_sysrtc.o
                0x08008ad0                sl_hal_sysrtc_enable_group_interrupts
 text_hal_sysrtc_timecritical33650
                0x08008aec       0x1c ./simplicity_sdk_2025.6.0/platform/peripheral/src/sl_hal_sysrtc.o
                0x08008aec                sl_hal_sysrtc_disable_group_interrupts
 text_hal_sysrtc_timecritical34666
                0x08008b08       0x1c ./simplicity_sdk_2025.6.0/platform/peripheral/src/sl_hal_sysrtc.o
                0x08008b08                sl_hal_sysrtc_clear_group_interrupts
 text_hal_sysrtc_timecritical35685
                0x08008b24       0x20 ./simplicity_sdk_2025.6.0/platform/peripheral/src/sl_hal_sysrtc.o
                0x08008b24                sl_hal_sysrtc_get_group_interrupts
 text_hal_sysrtc_timecritical36734
                0x08008b44       0x28 ./simplicity_sdk_2025.6.0/platform/peripheral/src/sl_hal_sysrtc.o
                0x08008b44                sl_hal_sysrtc_get_group_compare_channel_value
 text_hal_sysrtc_timecritical37751
                0x08008b6c       0x28 ./simplicity_sdk_2025.6.0/platform/peripheral/src/sl_hal_sysrtc.o
                0x08008b6c                sl_hal_sysrtc_set_group_compare_channel_value
 text_clock_manager_timecritical2674
                0x08008b94       0x60 ./simplicity_sdk_2025.6.0/platform/service/clock_manager/src/sl_clock_manager_hal_s2.o
                0x08008b94                sli_clock_manager_hal_enable_bus_clock
 text_sleeptimer_timecritical66121
                0x08008bf4       0x40 ./simplicity_sdk_2025.6.0/platform/service/sleeptimer/src/sl_sleeptimer.o
 text_sleeptimer_timecritical67125
                0x08008c34       0x3c ./simplicity_sdk_2025.6.0/platform/service/sleeptimer/src/sl_sleeptimer.o
 text_sleeptimer_timecritical69131
                0x08008c70       0x34 ./simplicity_sdk_2025.6.0/platform/service/sleeptimer/src/sl_sleeptimer.o
 text_sleeptimer_timecritical68128
                0x08008ca4       0x64 ./simplicity_sdk_2025.6.0/platform/service/sleeptimer/src/sl_sleeptimer.o
 text_sleeptimer_timecritical38321
                0x08008d08       0x34 ./simplicity_sdk_2025.6.0/platform/service/sleeptimer/src/sl_sleeptimer.o
                0x08008d08                sl_sleeptimer_get_tick_count64
 text_sleeptimer_timecritical42727
                0x08008d3c       0x44 ./simplicity_sdk_2025.6.0/platform/service/sleeptimer/src/sl_sleeptimer.o
                0x08008d3c                sl_sleeptimer_tick_to_ms
 text_sleeptimer_timecritical65151
                0x08008d80      0x148 ./simplicity_sdk_2025.6.0/platform/service/sleeptimer/src/sl_sleeptimer.o
                0x08008d80                process_timer_irq
 text_sleeptimer_timecritical6454
                0x08008ec8       0x10 ./simplicity_sdk_2025.6.0/platform/service/sleeptimer/src/sl_sleeptimer_hal_sysrtc.o
                0x08008ec8                sleeptimer_hal_get_counter
 text_sleeptimer_timecritical6885
                0x08008ed8       0x18 ./simplicity_sdk_2025.6.0/platform/service/sleeptimer/src/sl_sleeptimer_hal_sysrtc.o
                0x08008ed8                sleeptimer_hal_get_timer_frequency
 text_sleeptimer_timecritical6670
                0x08008ef0       0x70 ./simplicity_sdk_2025.6.0/platform/service/sleeptimer/src/sl_sleeptimer_hal_sysrtc.o
                0x08008ef0                sleeptimer_hal_set_compare
 text_sleeptimer_timecritical70101
                0x08008f60       0x24 ./simplicity_sdk_2025.6.0/platform/service/sleeptimer/src/sl_sleeptimer_hal_sysrtc.o
                0x08008f60                sleeptimer_hal_disable_int
 text_sleeptimer_timecritical71109
                0x08008f84       0x10 ./simplicity_sdk_2025.6.0/platform/service/sleeptimer/src/sl_sleeptimer_hal_sysrtc.o
                0x08008f84                sleeptimer_hal_set_int
 text_system_timecritical27261
                0x08008f94        0x6 ./simplicity_sdk_2025.6.0/platform/Device/SiliconLabs/EFR32MG26/Source/system_efr32mg26.o
                0x08008f94                SystemLFRCOClockGet
 text_system_timecritical28263
                0x08008f9a        0x6 ./simplicity_sdk_2025.6.0/platform/Device/SiliconLabs/EFR32MG26/Source/system_efr32mg26.o
                0x08008f9a                SystemULFRCOClockGet
 text_core_timecritical2307
                0x08008fa0        0xa ./simplicity_sdk_2025.6.0/platform/common/src/sl_core_cortexm.o
                0x08008fa0                CORE_ExitCritical
 text_core_timecritical4331
                0x08008faa        0x8 ./simplicity_sdk_2025.6.0/platform/common/src/sl_core_cortexm.o
                0x08008faa                CORE_EnterCritical
 text_core_timecritical7363
                0x08008fb2        0xa ./simplicity_sdk_2025.6.0/platform/common/src/sl_core_cortexm.o
                0x08008fb2                CORE_ExitAtomic
 text_core_timecritical9387
                0x08008fbc        0xc ./simplicity_sdk_2025.6.0/platform/common/src/sl_core_cortexm.o
                0x08008fbc                CORE_EnterAtomic
 text_clock_manager_timecritical1352
                0x08008fc8        0xa ./simplicity_sdk_2025.6.0/platform/service/clock_manager/src/sl_clock_manager.o
                0x08008fc8                sl_clock_manager_get_clock_branch_frequency
 text_clock_manager_timecritical2380
                0x08008fd2        0x6 ./simplicity_sdk_2025.6.0/platform/service/clock_manager/src/sl_clock_manager.o
                0x08008fd2                sl_clock_manager_enable_bus_clock
 text_clock_manager_timecritical3394
                0x08008fd8        0x6 ./simplicity_sdk_2025.6.0/platform/service/clock_manager/src/sl_clock_manager.o
                0x08008fd8                sl_clock_manager_disable_bus_clock
 text_clock_manager_timecritical2561
                0x08008fde       0xca ./simplicity_sdk_2025.6.0/platform/service/clock_manager/src/sl_clock_manager_hal_s2.o
                0x08008fde                sli_clock_manager_hal_get_clock_branch_frequency
 text_sleeptimer_timecritical5990
                0x080090a8       0x22 ./simplicity_sdk_2025.6.0/platform/service/sleeptimer/src/sl_sleeptimer_hal_sysrtc.o
                0x080090a8                sli_sleeptimer_hal_is_int_status_set
 text_sleeptimer_timecritical6562
                0x080090ca        0x8 ./simplicity_sdk_2025.6.0/platform/service/sleeptimer/src/sl_sleeptimer_hal_sysrtc.o