Archive member included to satisfy reference by file (symbol)

c:/siliconlabs/simplicitystudio/v5/developer/toolchains/gnu_arm/12.2.rel1_2023.7/bin/../lib/gcc/arm-none-eabi/12.2.1/thumb/v8-m.main+fp/hard\libgcc.a(_arm_addsubdf3.o)
                              ./libs/odometry/odometry.o (__aeabi_dsub)
c:/siliconlabs/simplicitystudio/v5/developer/toolchains/gnu_arm/12.2.rel1_2023.7/bin/../lib/gcc/arm-none-eabi/12.2.1/thumb/v8-m.main+fp/hard\libgcc.a(_arm_muldivdf3.o)
                              ./libs/odometry/odometry.o (__aeabi_ddiv)
c:/siliconlabs/simplicitystudio/v5/developer/toolchains/gnu_arm/12.2.rel1_2023.7/bin/../lib/gcc/arm-none-eabi/12.2.1/thumb/v8-m.main+fp/hard\libgcc.a(_arm_cmpdf2.o)
                              ./libs/odometry/odometry.o (__aeabi_dcmplt)
c:/siliconlabs/simplicitystudio/v5/developer/toolchains/gnu_arm/12.2.rel1_2023.7/bin/../lib/gcc/arm-none-eabi/12.2.1/thumb/v8-m.main+fp/hard\libgcc.a(_arm_truncdfsf2.o)
                              ./libs/odometry/odometry.o (__aeabi_d2f)
c:/siliconlabs/simplicitystudio/v5/developer/toolchains/gnu_arm/12.2.rel1_2023.7/bin/../lib/gcc/arm-none-eabi/12.2.1/thumb/v8-m.main+fp/hard\libgcc.a(_aeabi_ldivmod.o)
                              ./simplicity_sdk_2025.6.0/platform/emlib/src/em_eusart.o (__aeabi_ldivmod)
c:/siliconlabs/simplicitystudio/v5/developer/toolchains/gnu_arm/12.2.rel1_2023.7/bin/../lib/gcc/arm-none-eabi/12.2.1/thumb/v8-m.main+fp/hard\libgcc.a(_aeabi_uldivmod.o)
                              ./simplicity_sdk_2025.6.0/platform/emlib/src/em_eusart.o (__aeabi_uldivmod)
c:/siliconlabs/simplicitystudio/v5/developer/toolchains/gnu_arm/12.2.rel1_2023.7/bin/../lib/gcc/arm-none-eabi/12.2.1/thumb/v8-m.main+fp/hard\libgcc.a(_udivmoddi4.o)
                              c:/siliconlabs/simplicitystudio/v5/developer/toolchains/gnu_arm/12.2.rel1_2023.7/bin/../lib/gcc/arm-none-eabi/12.2.1/thumb/v8-m.main+fp/hard\libgcc.a(_aeabi_ldivmod.o) (__udivmoddi4)
c:/siliconlabs/simplicitystudio/v5/developer/toolchains/gnu_arm/12.2.rel1_2023.7/bin/../lib/gcc/arm-none-eabi/12.2.1/thumb/v8-m.main+fp/hard\libgcc.a(_dvmd_tls.o)
                              c:/siliconlabs/simplicitystudio/v5/developer/toolchains/gnu_arm/12.2.rel1_2023.7/bin/../lib/gcc/arm-none-eabi/12.2.1/thumb/v8-m.main+fp/hard\libgcc.a(_aeabi_ldivmod.o) (__aeabi_ldiv0)
c:/siliconlabs/simplicitystudio/v5/developer/toolchains/gnu_arm/12.2.rel1_2023.7/bin/../lib/gcc/arm-none-eabi/12.2.1/thumb/v8-m.main+fp/hard\libc_nano.a(libc_a-exit.o)
                              c:/siliconlabs/simplicitystudio/v5/developer/toolchains/gnu_arm/12.2.rel1_2023.7/bin/../lib/gcc/arm-none-eabi/12.2.1/thumb/v8-m.main+fp/hard/crt0.o (exit)
c:/siliconlabs/simplicitystudio/v5/developer/toolchains/gnu_arm/12.2.rel1_2023.7/bin/../lib/gcc/arm-none-eabi/12.2.1/thumb/v8-m.main+fp/hard\libc_nano.a(libc_a-ctype_.o)
                              ./simplicity_sdk_2025.6.0/platform/common/src/sl_string.o (_ctype_)
c:/siliconlabs/simplicitystudio/v5/developer/toolchains/gnu_arm/12.2.rel1_2023.7/bin/../lib/gcc/arm-none-eabi/12.2.1/thumb/v8-m.main+fp/hard\libc_nano.a(libc_a-findfp.o)
                              c:/siliconlabs/simplicitystudio/v5/developer/toolchains/gnu_arm/12.2.rel1_2023.7/bin/../lib/gcc/arm-none-eabi/12.2.1/thumb/v8-m.main+fp/hard\libc_nano.a(libc_a-exit.o) (__stdio_exit_handler)
c:/siliconlabs/simplicitystudio/v5/developer/toolchains/gnu_arm/12.2.rel1_2023.7/bin/../lib/gcc/arm-none-eabi/12.2.1/thumb/v8-m.main+fp/hard\libc_nano.a(libc_a-fwalk.o)
                              c:/siliconlabs/simplicitystudio/v5/developer/toolchains/gnu_arm/12.2.rel1_2023.7/bin/../lib/gcc/arm-none-eabi/12.2.1/thumb/v8-m.main+fp/hard\libc_nano.a(libc_a-findfp.o) (_fwalk_sglue)
c:/siliconlabs/simplicitystudio/v5/developer/toolchains/gnu_arm/12.2.rel1_2023.7/bin/../lib/gcc/arm-none-eabi/12.2.1/thumb/v8-m.main+fp/hard\libc_nano.a(libc_a-setvbuf.o)
                              ./libs/uart/uart.o (setvbuf)
c:/siliconlabs/simplicitystudio/v5/developer/toolchains/gnu_arm/12.2.rel1_2023.7/bin/../lib/gcc/arm-none-eabi/12.2.1/thumb/v8-m.main+fp/hard\libc_nano.a(libc_a-snprintf.o)
                              ./libs/odometry/odometry.o (snprintf)
c:/siliconlabs/simplicitystudio/v5/developer/toolchains/gnu_arm/12.2.rel1_2023.7/bin/../lib/gcc/arm-none-eabi/12.2.1/thumb/v8-m.main+fp/hard\libc_nano.a(libc_a-sprintf.o)
                              ./libs/imu/icm40627.o (sprintf)
c:/siliconlabs/simplicitystudio/v5/developer/toolchains/gnu_arm/12.2.rel1_2023.7/bin/../lib/gcc/arm-none-eabi/12.2.1/thumb/v8-m.main+fp/hard\libc_nano.a(libc_a-stdio.o)
                              c:/siliconlabs/simplicitystudio/v5/developer/toolchains/gnu_arm/12.2.rel1_2023.7/bin/../lib/gcc/arm-none-eabi/12.2.1/thumb/v8-m.main+fp/hard\libc_nano.a(libc_a-findfp.o) (__sread)
c:/siliconlabs/simplicitystudio/v5/developer/toolchains/gnu_arm/12.2.rel1_2023.7/bin/../lib/gcc/arm-none-eabi/12.2.1/thumb/v8-m.main+fp/hard\libc_nano.a(libc_a-vprintf.o)
[...]
Memory Configuration

Name             Origin             Length             Attributes
FLASH            0x08000000         0x0031e000         xr
RAM              0x20000000         0x00080000         xrw
*default*        0x00000000         0xffffffff

Linker script and memory map

LOAD c:/siliconlabs/simplicitystudio/v5/developer/toolchains/gnu_arm/12.2.rel1_2023.7/bin/../lib/gcc/arm-none-eabi/12.2.1/thumb/v8-m.main+fp/hard/crti.o
LOAD c:/siliconlabs/simplicitystudio/v5/developer/toolchains/gnu_arm/12.2.rel1_2023.7/bin/../lib/gcc/arm-none-eabi/12.2.1/thumb/v8-m.main+fp/hard/crtbegin.o
LOAD c:/siliconlabs/simplicitystudio/v5/developer/toolchains/gnu_arm/12.2.rel1_2023.7/bin/../lib/gcc/arm-none-eabi/12.2.1/thumb/v8-m.main+fp/hard/crt0.o
START GROUP
LOAD ./autogen/sl_board_default_init.o
LOAD ./autogen/sl_event_handler.o
LOAD ./autogen/sl_iostream_handles.o
LOAD ./autogen/sl_iostream_init_usart_instances.o
LOAD ./libs/encoder/encoder.o
LOAD ./libs/imu/icm40627.o
LOAD ./libs/motor_control/motor_control.o
LOAD ./libs/motor_control/pid.o
LOAD ./libs/odometry/odometry.o
LOAD ./libs/uart/uart.o
LOAD ./main.o
LOAD ./simplicity_sdk_2025.6.0/hardware/board/src/sl_board_control_gpio.o
LOAD ./simplicity_sdk_2025.6.0/hardware/board/src/sl_board_init.o
LOAD ./simplicity_sdk_2025.6.0/hardware/driver/configuration_over_swo/src/sl_cos.o
LOAD ./simplicity_sdk_2025.6.0/hardware/driver/icm40627/src/sl_icm40627.o
LOAD ./simplicity_sdk_2025.6.0/hardware/driver/imu/src/sl_imu_dcm.o
LOAD ./simplicity_sdk_2025.6.0/hardware/driver/imu/src/sl_imu_fuse.o
LOAD ./simplicity_sdk_2025.6.0/hardware/driver/imu/src/sl_imu_icm40627.o
LOAD ./simplicity_sdk_2025.6.0/hardware/driver/imu/src/sl_imu_math.o
LOAD ./simplicity_sdk_2025.6.0/hardware/driver/mx25_flash_shutdown/src/sl_mx25_flash_shutdown_eusart/sl_mx25_flash_shutdown.o
LOAD ./simplicity_sdk_2025.6.0/platform/Device/SiliconLabs/EFR32MG26/Source/startup_efr32mg26.o
LOAD ./simplicity_sdk_2025.6.0/platform/Device/SiliconLabs/EFR32MG26/Source/system_efr32mg26.o
LOAD ./simplicity_sdk_2025.6.0/platform/common/src/sl_assert.o
LOAD ./simplicity_sdk_2025.6.0/platform/common/src/sl_core_cortexm.o
LOAD ./simplicity_sdk_2025.6.0/platform/common/src/sl_slist.o
LOAD ./simplicity_sdk_2025.6.0/platform/common/src/sl_string.o
LOAD ./simplicity_sdk_2025.6.0/platform/common/src/sl_syscalls.o
LOAD ./simplicity_sdk_2025.6.0/platform/driver/debug/src/sl_debug_swo.o
LOAD ./simplicity_sdk_2025.6.0/platform/driver/gpio/src/sl_gpio.o
LOAD ./simplicity_sdk_2025.6.0/platform/emdrv/dmadrv/src/dmadrv.o
LOAD ./simplicity_sdk_2025.6.0/platform/emdrv/gpiointerrupt/src/gpiointerrupt.o
LOAD ./simplicity_sdk_2025.6.0/platform/emlib/src/em_burtc.o
LOAD ./simplicity_sdk_2025.6.0/platform/emlib/src/em_cmu.o
LOAD ./simplicity_sdk_2025.6.0/platform/emlib/src/em_emu.o
LOAD ./simplicity_sdk_2025.6.0/platform/emlib/src/em_eusart.o
LOAD ./simplicity_sdk_2025.6.0/platform/emlib/src/em_gpio.o
LOAD ./simplicity_sdk_2025.6.0/platform/emlib/src/em_ldma.o
LOAD ./simplicity_sdk_2025.6.0/platform/emlib/src/em_msc.o
LOAD ./simplicity_sdk_2025.6.0/platform/emlib/src/em_prs.o
LOAD ./simplicity_sdk_2025.6.0/platform/emlib/src/em_system.o
LOAD ./simplicity_sdk_2025.6.0/platform/emlib/src/em_timer.o
LOAD ./simplicity_sdk_2025.6.0/platform/emlib/src/em_usart.o
LOAD ./simplicity_sdk_2025.6.0/platform/peripheral/src/sl_hal_gpio.o
LOAD ./simplicity_sdk_2025.6.0/platform/peripheral/src/sl_hal_sysrtc.o
LOAD ./simplicity_sdk_2025.6.0/platform/service/clock_manager/src/sl_clock_manager.o
LOAD ./simplicity_sdk_2025.6.0/platform/service/clock_manager/src/sl_clock_manager_hal_s2.o
LOAD ./simplicity_sdk_2025.6.0/platform/service/clock_manager/src/sl_clock_manager_init.o
LOAD ./simplicity_sdk_2025.6.0/platform/service/clock_manager/src/sl_clock_manager_init_hal_s2.o
LOAD ./simplicity_sdk_2025.6.0/platform/service/device_init/src/sl_device_init_dcdc_s2.o
LOAD ./simplicity_sdk_2025.6.0/platform/service/device_init/src/sl_device_init_emu_s2.o
LOAD ./simplicity_sdk_2025.6.0/platform/service/device_manager/clocks/sl_device_clock_efr32xg26.o
LOAD ./simplicity_sdk_2025.6.0/platform/service/device_manager/devices/sl_device_peripheral_hal_efr32xg26.o
LOAD ./simplicity_sdk_2025.6.0/platform/service/device_manager/src/sl_device_clock.o
LOAD ./simplicity_sdk_2025.6.0/platform/service/device_manager/src/sl_device_gpio.o
LOAD ./simplicity_sdk_2025.6.0/platform/service/device_manager/src/sl_device_peripheral.o
LOAD ./simplicity_sdk_2025.6.0/platform/service/interrupt_manager/src/sl_interrupt_manager_cortexm.o
LOAD ./simplicity_sdk_2025.6.0/platform/service/iostream/src/sl_iostream.o
LOAD ./simplicity_sdk_2025.6.0/platform/service/iostream/src/sl_iostream_uart.o
LOAD ./simplicity_sdk_2025.6.0/platform/service/iostream/src/sl_iostream_usart.o
LOAD ./simplicity_sdk_2025.6.0/platform/service/memory_manager/src/sl_memory_manager_region.o
LOAD ./simplicity_sdk_2025.6.0/platform/service/sl_main/src/sl_main_init.o
LOAD ./simplicity_sdk_2025.6.0/platform/service/sl_main/src/sl_main_init_memory.o
LOAD ./simplicity_sdk_2025.6.0/platform/service/sl_main/src/sl_main_process_action.o
LOAD ./simplicity_sdk_2025.6.0/platform/service/sleeptimer/src/sl_sleeptimer.o
LOAD ./simplicity_sdk_2025.6.0/platform/service/sleeptimer/src/sl_sleeptimer_hal_burtc.o
LOAD ./simplicity_sdk_2025.6.0/platform/service/sleeptimer/src/sl_sleeptimer_hal_sysrtc.o
LOAD ./simplicity_sdk_2025.6.0/platform/service/sleeptimer/src/sl_sleeptimer_hal_timer.o
LOAD ./simplicity_sdk_2025.6.0/platform/service/udelay/src/sl_udelay.o
LOAD ./simplicity_sdk_2025.6.0/platform/service/udelay/src/sl_udelay_armv6m_gcc.o
LOAD ./src/app.o
LOAD c:/siliconlabs/simplicitystudio/v5/developer/toolchains/gnu_arm/12.2.rel1_2023.7/bin/../lib/gcc/arm-none-eabi/12.2.1/thumb/v8-m.main+fp/hard\libgcc.a
LOAD c:/siliconlabs/simplicitystudio/v5/developer/toolchains/gnu_arm/12.2.rel1_2023.7/bin/../lib/gcc/arm-none-eabi/12.2.1/thumb/v8-m.main+fp/hard\libc_nano.a
LOAD c:/siliconlabs/simplicitystudio/v5/developer/toolchains/gnu_arm/12.2.rel1_2023.7/bin/../lib/gcc/arm-none-eabi/12.2.1/thumb/v8-m.main+fp/hard\libm.a
LOAD c:/siliconlabs/simplicitystudio/v5/developer/toolchains/gnu_arm/12.2.rel1_2023.7/bin/../lib/gcc/arm-none-eabi/12.2.1/thumb/v8-m.main+fp/hard\libnosys.a
END GROUP
START GROUP
LOAD c:/siliconlabs/simplicitystudio/v5/developer/toolchains/gnu_arm/12.2.rel1_2023.7/bin/../lib/gcc/arm-none-eabi/12.2.1/thumb/v8-m.main+fp/hard\libgcc.a
LOAD c:/siliconlabs/simplicitystudio/v5/developer/toolchains/gnu_arm/12.2.rel1_2023.7/bin/../lib/gcc/arm-none-eabi/12.2.1/thumb/v8-m.main+fp/hard\libc_nano.a
LOAD c:/siliconlabs/simplicitystudio/v5/developer/toolchains/gnu_arm/12.2.rel1_2023.7/bin/../lib/gcc/arm-none-eabi/12.2.1/thumb/v8-m.main+fp/hard\libnosys.a
END GROUP
START GROUP
LOAD c:/siliconlabs/simplicitystudio/v5/developer/toolchains/gnu_arm/12.2.rel1_2023.7/bin/../lib/gcc/arm-none-eabi/12.2.1/thumb/v8-m.main+fp/hard\libgcc.a
LOAD c:/siliconlabs/simplicitystudio/v5/developer/toolchains/gnu_arm/12.2.rel1_2023.7/bin/../lib/gcc/arm-none-eabi/12.2.1/thumb/v8-m.main+fp/hard\libg_nano.a
LOAD c:/siliconlabs/simplicitystudio/v5/developer/toolchains/gnu_arm/12.2.rel1_2023.7/bin/../lib/gcc/arm-none-eabi/12.2.1/thumb/v8-m.main+fp/hard\libc_nano.a
END GROUP
START GROUP
LOAD c:/siliconlabs/simplicitystudio/v5/developer/toolchains/gnu_arm/12.2.rel1_2023.7/bin/../lib/gcc/arm-none-eabi/12.2.1/thumb/v8-m.main+fp/hard\libgcc.a
LOAD c:/siliconlabs/simplicitystudio/v5/developer/toolchains/gnu_arm/12.2.rel1_2023.7/bin/../lib/gcc/arm-none-eabi/12.2.1/thumb/v8-m.main+fp/hard\libc_nano.a
END GROUP
LOAD c:/siliconlabs/simplicitystudio/v5/developer/toolchains/gnu_arm/12.2.rel1_2023.7/bin/../lib/gcc/arm-none-eabi/12.2.1/thumb/v8-m.main+fp/hard/crtend.o
LOAD c:/siliconlabs/simplicitystudio/v5/developer/toolchains/gnu_arm/12.2.rel1_2023.7/bin/../lib/gcc/arm-none-eabi/12.2.1/thumb/v8-m.main+fp/hard/crtn.o

.vectors        0x08000000      0x1b4
                0x08000000                linker_vectors_begin = .
 *(.vectors)
 .vectors       0x08000000      0x1b4 ./simplicity_sdk_2025.6.0/platform/Device/SiliconLabs/EFR32MG26/Source/startup_efr32mg26.o
                0x08000000                __Vectors
                0x080001b4                linker_vectors_end = .
                0x080001b4                __Vectors_End = .
                0x080001b4                __Vectors_Size = (__Vectors_End - __Vectors)
                0x080001b4                __lma_ramfuncs_start__ = .

.stack          0x20000000     0x1000
                0x20000000                . = ALIGN (0x8)
                0x20000000                __StackLimit = .
 *(.stack*)
 .stack         0x20000000     0x1000 ./simplicity_sdk_2025.6.0/platform/service/memory_manager/src/sl_memory_manager_region.o
                0x20001000                . = ALIGN (0x4)
                0x20001000                __StackTop = .
                0x20001000                PROVIDE (__stack = __StackTop)

.bss            0x20001000      0x630
                0x20001000                . = ALIGN (0x4)
                0x20001000                __bss_start__ = .
 *(SORT_BY_ALIGNMENT(.bss*))
 .bss.last_tick.0
                0x20001000        0x8 ./libs/encoder/encoder.o
 .bss.last_send_tick
                0x20001008        0x8 ./libs/uart/uart.o
 .bss.object.0  0x20001010       0x18 c:/siliconlabs/simplicitystudio/v5/developer/toolchains/gnu_arm/12.2.rel1_2023.7/bin/../lib/gcc/arm-none-eabi/12.2.1/thumb/v8-m.main+fp/hard/crtbegin.o
 .bss.sl_iostream_recommended_console_stream
                0x20001028        0x4 ./autogen/sl_iostream_handles.o
                0x20001028                sl_iostream_recommended_console_stream
 .bss.context_vcom
                0x2000102c       0xb4 ./autogen/sl_iostream_init_usart_instances.o
 .bss.sl_iostream_vcom
                0x200010e0       0x1c ./autogen/sl_iostream_init_usart_instances.o
 .bss.speed2_mps
                0x200010fc        0x4 ./libs/encoder/encoder.o
 .bss.speed1_mps
                0x20001100        0x4 ./libs/encoder/encoder.o
 .bss.encoderCount2
                0x20001104        0x4 ./libs/encoder/encoder.o
                0x20001104                encoderCount2
 .bss.encoderCount1
                0x20001108        0x4 ./libs/encoder/encoder.o
                0x20001108                encoderCount1
 .bss.lastEncoderCount2
                0x2000110c        0x4 ./libs/encoder/encoder.o
                0x2000110c                lastEncoderCount2
 .bss.lastEncoderCount1
                0x20001110        0x4 ./libs/encoder/encoder.o
                0x20001110                lastEncoderCount1
 .bss.lastEncoded2
                0x20001114        0x4 ./libs/encoder/encoder.o
                0x20001114                lastEncoded2
 .bss.lastEncoded1
                0x20001118        0x4 ./libs/encoder/encoder.o
                0x20001118                lastEncoded1
 .bss.gyro_bias
                0x2000111c        0xc ./libs/imu/icm40627.o
                0x2000111c                gyro_bias
 .bss.accel_bias
                0x20001128        0xc ./libs/imu/icm40627.o
                0x20001128                accel_bias
 .bss.targetSpeed2
                0x20001134        0x4 ./libs/motor_control/motor_control.o
                0x20001134                targetSpeed2
 .bss.targetSpeed1
                0x20001138        0x4 ./libs/motor_control/motor_control.o
                0x20001138                targetSpeed1
 .bss.timerTop  0x2000113c        0x4 ./libs/motor_control/motor_control.o
 .bss.pid2      0x20001140       0x20 ./libs/motor_control/motor_control.o
 .bss.pid1      0x20001160       0x20 ./libs/motor_control/motor_control.o
 .bss.dutyCycle2
                0x20001180        0x4 ./libs/motor_control/motor_control.o
                0x20001180                dutyCycle2
 .bss.dutyCycle1
                0x20001184        0x4 ./libs/motor_control/motor_control.o
                0x20001184                dutyCycle1
 .bss.odom      0x20001188       0x34 ./libs/odometry/odometry.o
 .bss.gpio_interrupts
                0x200011bc      0x168 ./simplicity_sdk_2025.6.0/platform/driver/gpio/src/sl_gpio.o
 .bss.dmaXfer   0x20001324      0x100 ./simplicity_sdk_2025.6.0/platform/emdrv/dmadrv/src/dmadrv.o
 .bss.chTable   0x20001424       0x80 ./simplicity_sdk_2025.6.0/platform/emdrv/dmadrv/src/dmadrv.o
 .bss.sli_iostream_default
                0x200014a4        0x4 ./simplicity_sdk_2025.6.0/platform/service/iostream/src/sl_iostream.o
 .bss.max_millisecond_conversion
                0x200014a8        0x4 ./simplicity_sdk_2025.6.0/platform/service/sleeptimer/src/sl_sleeptimer.o
 .bss.last_delta_update_count
                0x200014ac        0x4 ./simplicity_sdk_2025.6.0/platform/service/sleeptimer/src/sl_sleeptimer.o
 .bss.timer_head
                0x200014b0        0x4 ./simplicity_sdk_2025.6.0/platform/service/sleeptimer/src/sl_sleeptimer.o
 .bss.timer_frequency
                0x200014b4        0x4 ./simplicity_sdk_2025.6.0/platform/service/sleeptimer/src/sl_sleeptimer.o
 .bss.overflow_counter
                0x200014b8        0x4 ./simplicity_sdk_2025.6.0/platform/service/sleeptimer/src/sl_sleeptimer.o
 .bss.__sf      0x200014bc      0x138 c:/siliconlabs/simplicitystudio/v5/developer/toolchains/gnu_arm/12.2.rel1_2023.7/bin/../lib/gcc/arm-none-eabi/12.2.1/thumb/v8-m.main+fp/hard\libc_nano.a(libc_a-findfp.o)
                0x200014bc                __sf
 .bss.__stdio_exit_handler
                0x200015f4        0x4 c:/siliconlabs/simplicitystudio/v5/developer/toolchains/gnu_arm/12.2.rel1_2023.7/bin/../lib/gcc/arm-none-eabi/12.2.1/thumb/v8-m.main+fp/hard\libc_nano.a(libc_a-findfp.o)
                0x200015f4                __stdio_exit_handler
 .bss.errno     0x200015f8        0x4 c:/siliconlabs/simplicitystudio/v5/developer/toolchains/gnu_arm/12.2.rel1_2023.7/bin/../lib/gcc/arm-none-eabi/12.2.1/thumb/v8-m.main+fp/hard\libc_nano.a(libc_a-reent.o)
                0x200015f8                errno
 .bss.__malloc_sbrk_start
                0x200015fc        0x4 c:/siliconlabs/simplicitystudio/v5/developer/toolchains/gnu_arm/12.2.rel1_2023.7/bin/../lib/gcc/arm-none-eabi/12.2.1/thumb/v8-m.main+fp/hard\libc_nano.a(libc_a-mallocr.o)
                0x200015fc                __malloc_sbrk_start
 .bss.__malloc_free_list
                0x20001600        0x4 c:/siliconlabs/simplicitystudio/v5/developer/toolchains/gnu_arm/12.2.rel1_2023.7/bin/../lib/gcc/arm-none-eabi/12.2.1/thumb/v8-m.main+fp/hard\libc_nano.a(libc_a-mallocr.o)
                0x20001600                __malloc_free_list
 .bss.completed.1
                0x20001604        0x1 c:/siliconlabs/simplicitystudio/v5/developer/toolchains/gnu_arm/12.2.rel1_2023.7/bin/../lib/gcc/arm-none-eabi/12.2.1/thumb/v8-m.main+fp/hard/crtbegin.o
 .bss.rx_buffer_vcom
                0x20001605       0x20 ./autogen/sl_iostream_init_usart_instances.o
 .bss.initialized
                0x20001625        0x1 ./simplicity_sdk_2025.6.0/platform/emdrv/dmadrv/src/dmadrv.o
 .bss.pclkDiv   0x20001626        0x1 ./simplicity_sdk_2025.6.0/platform/emlib/src/em_cmu.o
 .bss.vScaleEM01Config
                0x20001627        0x1 ./simplicity_sdk_2025.6.0/platform/emlib/src/em_emu.o
 .bss.is_interrupt_manager_initialized
                0x20001628        0x1 ./simplicity_sdk_2025.6.0/platform/service/interrupt_manager/src/sl_interrupt_manager_cortexm.o
 .bss.null_byte
                0x20001629        0x1 ./simplicity_sdk_2025.6.0/platform/service/iostream/src/sl_iostream_uart.o
 .bss.sleep_on_isr_exit
                0x2000162a        0x1 ./simplicity_sdk_2025.6.0/platform/service/sleeptimer/src/sl_sleeptimer.o
 .bss.next_timer_to_expire_is_power_manager
                0x2000162b        0x1 ./simplicity_sdk_2025.6.0/platform/service/sleeptimer/src/sl_sleeptimer.o
 .bss.is_sleeptimer_initialized
                0x2000162c        0x1 ./simplicity_sdk_2025.6.0/platform/service/sleeptimer/src/sl_sleeptimer.o
 .bss.__lock___malloc_recursive_mutex
                0x2000162d        0x1 c:/siliconlabs/simplicitystudio/v5/developer/toolchains/gnu_arm/12.2.rel1_2023.7/bin/../lib/gcc/arm-none-eabi/12.2.1/thumb/v8-m.main+fp/hard\libc_nano.a(libc_a-lock.o)
                0x2000162d                __lock___malloc_recursive_mutex
 .bss.__lock___sfp_recursive_mutex
                0x2000162e        0x1 c:/siliconlabs/simplicitystudio/v5/developer/toolchains/gnu_arm/12.2.rel1_2023.7/bin/../lib/gcc/arm-none-eabi/12.2.1/thumb/v8-m.main+fp/hard\libc_nano.a(libc_a-lock.o)
                0x2000162e                __lock___sfp_recursive_mutex
 *(COMMON)
                0x20001630                . = ALIGN (0x4)
 *fill*         0x2000162f        0x1 
                0x20001630                __bss_end__ = .

.noinit         0x20001630        0x0
 *(.noinit*)
                0x20001630                . = ALIGN (0x4)

text_application_ram
                0x20001630        0x0 load address 0x080001b4
                0x20001630                . = ALIGN (0x4)
                0x20001630                __vma_ramfuncs_start__ = .
                0x20001630                __text_application_ram_start__ = .
 *(text_application_ram)
                0x20001630                . = ALIGN (0x4)
                0x20001630                __vma_ramfuncs_end__ = .
                0x20001630                __text_application_ram_end__ = .

.rodata         0x080001b4        0x0
                0x080001b4                __lma_ramfuncs_end__ = .
                0x080001b4                __rodata_start__ = .
                0x080001b4                __rodata_end__ = .

.text           0x080001c0     0xb010
                0x080001c0                linker_code_begin = .
 *(SORT_BY_ALIGNMENT(.text*))
 .text          0x080001c0        0x8 ./simplicity_sdk_2025.6.0/platform/service/udelay/src/sl_udelay_armv6m_gcc.o
                0x080001c0                sli_delay_loop
 .text.odometry_update
                0x080001c8      0x194 ./libs/odometry/odometry.o
                0x080001c8                odometry_update
 *fill*         0x0800035c        0x4 
 .text.odometry_send_uart
                0x08000360      0x168 ./libs/odometry/odometry.o
                0x08000360                odometry_send_uart
 .text.deregister_tm_clones
                0x080004c8       0x1c c:/siliconlabs/simplicitystudio/v5/developer/toolchains/gnu_arm/12.2.rel1_2023.7/bin/../lib/gcc/arm-none-eabi/12.2.1/thumb/v8-m.main+fp/hard/crtbegin.o
 .text.register_tm_clones
                0x080004e4       0x28 c:/siliconlabs/simplicitystudio/v5/developer/toolchains/gnu_arm/12.2.rel1_2023.7/bin/../lib/gcc/arm-none-eabi/12.2.1/thumb/v8-m.main+fp/hard/crtbegin.o
 .text.__do_global_dtors_aux
                0x0800050c       0x28 c:/siliconlabs/simplicitystudio/v5/developer/toolchains/gnu_arm/12.2.rel1_2023.7/bin/../lib/gcc/arm-none-eabi/12.2.1/thumb/v8-m.main+fp/hard/crtbegin.o
 .text.frame_dummy
                0x08000534       0x24 c:/siliconlabs/simplicitystudio/v5/developer/toolchains/gnu_arm/12.2.rel1_2023.7/bin/../lib/gcc/arm-none-eabi/12.2.1/thumb/v8-m.main+fp/hard/crtbegin.o
 .text          0x08000558       0x7c c:/siliconlabs/simplicitystudio/v5/developer/toolchains/gnu_arm/12.2.rel1_2023.7/bin/../lib/gcc/arm-none-eabi/12.2.1/thumb/v8-m.main+fp/hard/crt0.o
                0x08000558                _stack_init
                0x08000560                _start
                0x08000560                _mainCRTStartup
 .text.sl_iostream_set_console_instance
                0x080005d4       0x24 ./autogen/sl_iostream_handles.o
                0x080005d4                sl_iostream_set_console_instance
 .text.sl_iostream_usart_init_vcom
                0x080005f8       0xc8 ./autogen/sl_iostream_init_usart_instances.o
                0x080005f8                sl_iostream_usart_init_vcom
 .text.sl_iostream_usart_init_instances
                0x080006c0       0x1c ./autogen/sl_iostream_init_usart_instances.o
                0x080006c0                sl_iostream_usart_init_instances
 .text.USART0_RX_IRQHandler
                0x080006dc        0xc ./autogen/sl_iostream_init_usart_instances.o
                0x080006dc                USART0_RX_IRQHandler
 .text.GPIO_PinInGet.constprop.0
                0x080006e8       0x14 ./libs/encoder/encoder.o
 .text.encoder_gpio_callback
                0x080006fc       0xb0 ./libs/encoder/encoder.o
                0x080006fc                encoder_gpio_callback
 .text.encoder_update_speed
                0x080007ac       0xc4 ./libs/encoder/encoder.o
                0x080007ac                encoder_update_speed
 .text.encoder_init
                0x08000870      0x12c ./libs/encoder/encoder.o
                0x08000870                encoder_init
 .text.encoder1_get_speed_mps
                0x0800099c        0xc ./libs/encoder/encoder.o
                0x0800099c                encoder1_get_speed_mps
 .text.encoder2_get_speed_mps
                0x080009a8        0xc ./libs/encoder/encoder.o
                0x080009a8                encoder2_get_speed_mps
 .text.float_to_str.constprop.0
                0x080009b4       0x90 ./libs/imu/icm40627.o
 .text.imu_init
                0x08000a44       0x34 ./libs/imu/icm40627.o
                0x08000a44                imu_init
 .text.imu_read
                0x08000a78       0x8c ./libs/imu/icm40627.o
                0x08000a78                imu_read
 .text.GPIO_PinOutSet
                0x08000b04       0x38 ./libs/motor_control/motor_control.o
 .text.GPIO_PinOutClear
                0x08000b3c       0x38 ./libs/motor_control/motor_control.o
 .text.TIMER_CompareSet.constprop.0
                0x08000b74       0x28 ./libs/motor_control/motor_control.o
 .text.initTIMER
                0x08000b9c       0xf8 ./libs/motor_control/motor_control.o
                0x08000b9c                initTIMER
 .text.motor_control_init
                0x08000c94       0x7c ./libs/motor_control/motor_control.o
                0x08000c94                motor_control_init
 .text.motor_control_update
                0x08000d10      0x150 ./libs/motor_control/motor_control.o
                0x08000d10                motor_control_update
 .text.read_wheel_velocity
                0x08000e60       0x98 ./libs/motor_control/motor_control.o
                0x08000e60                read_wheel_velocity
 .text.get_motor1_set_target_speed
                0x08000ef8        0xc ./libs/motor_control/motor_control.o
                0x08000ef8                get_motor1_set_target_speed
 .text.get_motor2_set_target_speed
                0x08000f04        0xc ./libs/motor_control/motor_control.o
                0x08000f04                get_motor2_set_target_speed
 .text.odometry_init
                0x08000f10       0x20 ./libs/odometry/odometry.o
                0x08000f10                odometry_init
 .text.float_to_str
                0x08000f30       0x98 ./libs/odometry/odometry.o
                0x08000f30                float_to_str
 .text.app_iostream_usart_init
                0x08000fc8       0x44 ./libs/uart/uart.o
                0x08000fc8                app_iostream_usart_init
 .text.uart_send
                0x0800100c       0x44 ./libs/uart/uart.o
                0x0800100c                uart_send
 .text.sl_board_init
                0x08001050       0x18 ./simplicity_sdk_2025.6.0/hardware/board/src/sl_board_init.o
                0x08001050                sl_board_init
 .text.sl_board_preinit
                0x08001068        0xc ./simplicity_sdk_2025.6.0/hardware/board/src/sl_board_init.o
                0x08001068                sl_board_preinit
 .text.sl_icm40627_spi_init
                0x08001074       0xc8 ./simplicity_sdk_2025.6.0/hardware/driver/icm40627/src/sl_icm40627.o
                0x08001074                sl_icm40627_spi_init
 .text.sl_icm40627_select_register_bank
                0x0800113c       0x2c ./simplicity_sdk_2025.6.0/hardware/driver/icm40627/src/sl_icm40627.o
                0x0800113c                sl_icm40627_select_register_bank
 .text.sl_icm40627_read_register
                0x08001168       0x48 ./simplicity_sdk_2025.6.0/hardware/driver/icm40627/src/sl_icm40627.o
                0x08001168                sl_icm40627_read_register
 .text.sl_icm40627_accel_get_resolution
                0x080011b0       0x5c ./simplicity_sdk_2025.6.0/hardware/driver/icm40627/src/sl_icm40627.o
                0x080011b0                sl_icm40627_accel_get_resolution
 .text.sl_icm40627_gyro_get_resolution
                0x0800120c       0x98 ./simplicity_sdk_2025.6.0/hardware/driver/icm40627/src/sl_icm40627.o
                0x0800120c                sl_icm40627_gyro_get_resolution
 .text.sl_icm40627_write_register
                0x080012a4       0x38 ./simplicity_sdk_2025.6.0/hardware/driver/icm40627/src/sl_icm40627.o
                0x080012a4                sl_icm40627_write_register
 .text.sl_mx25_flash_shutdown
                0x080012dc      0x174 ./simplicity_sdk_2025.6.0/hardware/driver/mx25_flash_shutdown/src/sl_mx25_flash_shutdown_eusart/sl_mx25_flash_shutdown.o
                0x080012dc                sl_mx25_flash_shutdown
 .text.CopyToRam
                0x08001450       0x1c ./simplicity_sdk_2025.6.0/platform/Device/SiliconLabs/EFR32MG26/Source/startup_efr32mg26.o
                0x08001450                CopyToRam
 .text.Reset_Handler
                0x0800146c       0x6c ./simplicity_sdk_2025.6.0/platform/Device/SiliconLabs/EFR32MG26/Source/startup_efr32mg26.o
                0x0800146c                Reset_Handler
 .text.SystemInit
                0x080014d8       0x68 ./simplicity_sdk_2025.6.0/platform/Device/SiliconLabs/EFR32MG26/Source/system_efr32mg26.o
                0x080014d8                SystemInit
 .text.SystemHFRCODPLLClockSet
                0x08001540        0xc ./simplicity_sdk_2025.6.0/platform/Device/SiliconLabs/EFR32MG26/Source/system_efr32mg26.o
                0x08001540                SystemHFRCODPLLClockSet
 .text.SystemHFXOClockSet
                0x0800154c       0x20 ./simplicity_sdk_2025.6.0/platform/Device/SiliconLabs/EFR32MG26/Source/system_efr32mg26.o
                0x0800154c                SystemHFXOClockSet
 .text.sl_slist_push_back
                0x0800156c       0x24 ./simplicity_sdk_2025.6.0/platform/common/src/sl_slist.o
                0x0800156c                sl_slist_push_back
 .text.sl_slist_pop
                0x08001590       0x20 ./simplicity_sdk_2025.6.0/platform/common/src/sl_slist.o
                0x08001590                sl_slist_pop
 .text.sl_debug_swo_init
                0x080015b0       0xcc ./simplicity_sdk_2025.6.0/platform/driver/debug/src/sl_debug_swo.o
                0x080015b0                sl_debug_swo_init
 .text.sl_debug_swo_write_u8
                0x0800167c       0x44 ./simplicity_sdk_2025.6.0/platform/driver/debug/src/sl_debug_swo.o
                0x0800167c                sl_debug_swo_write_u8
 .text.sl_gpio_dispatch_interrupt
                0x080016c0       0x5c ./simplicity_sdk_2025.6.0/platform/driver/gpio/src/sl_gpio.o
 .text.sl_gpio_init
                0x0800171c       0x38 ./simplicity_sdk_2025.6.0/platform/driver/gpio/src/sl_gpio.o
                0x0800171c                sl_gpio_init
 .text.sl_gpio_set_pin_mode
                0x08001754       0x88 ./simplicity_sdk_2025.6.0/platform/driver/gpio/src/sl_gpio.o
                0x08001754                sl_gpio_set_pin_mode
 .text.sl_gpio_set_pin
                0x080017dc       0x60 ./simplicity_sdk_2025.6.0/platform/driver/gpio/src/sl_gpio.o
                0x080017dc                sl_gpio_set_pin
 .text.sl_gpio_clear_pin
                0x0800183c       0x64 ./simplicity_sdk_2025.6.0/platform/driver/gpio/src/sl_gpio.o
                0x0800183c                sl_gpio_clear_pin
 .text.sl_gpio_configure_external_interrupt
                0x080018a0       0xe8 ./simplicity_sdk_2025.6.0/platform/driver/gpio/src/sl_gpio.o
                0x080018a0                sl_gpio_configure_external_interrupt
 .text.sl_gpio_configure_wakeup_em4_interrupt
                0x08001988       0xc4 ./simplicity_sdk_2025.6.0/platform/driver/gpio/src/sl_gpio.o
                0x08001988                sl_gpio_configure_wakeup_em4_interrupt
 .text.GPIO_EVEN_IRQHandler
                0x08001a4c       0x20 ./simplicity_sdk_2025.6.0/platform/driver/gpio/src/sl_gpio.o
                0x08001a4c                GPIO_EVEN_IRQHandler
 .text.GPIO_ODD_IRQHandler
                0x08001a6c       0x20 ./simplicity_sdk_2025.6.0/platform/driver/gpio/src/sl_gpio.o
                0x08001a6c                GPIO_ODD_IRQHandler
 .text.StartTransfer
                0x08001a8c      0x17c ./simplicity_sdk_2025.6.0/platform/emdrv/dmadrv/src/dmadrv.o
 .text.DMADRV_AllocateChannel
                0x08001c08       0x60 ./simplicity_sdk_2025.6.0/platform/emdrv/dmadrv/src/dmadrv.o
                0x08001c08                DMADRV_AllocateChannel
 .text.DMADRV_DeInit
                0x08001c68       0x44 ./simplicity_sdk_2025.6.0/platform/emdrv/dmadrv/src/dmadrv.o
                0x08001c68                DMADRV_DeInit
 .text.DMADRV_FreeChannel
                0x08001cac       0x4c ./simplicity_sdk_2025.6.0/platform/emdrv/dmadrv/src/dmadrv.o
                0x08001cac                DMADRV_FreeChannel
 .text.DMADRV_Init
                0x08001cf8       0x68 ./simplicity_sdk_2025.6.0/platform/emdrv/dmadrv/src/dmadrv.o
                0x08001cf8                DMADRV_Init
 .text.DMADRV_LdmaStartTransfer
                0x08001d60       0x4c ./simplicity_sdk_2025.6.0/platform/emdrv/dmadrv/src/dmadrv.o
                0x08001d60                DMADRV_LdmaStartTransfer
 .text.DMADRV_PauseTransfer
                0x08001dac       0x40 ./simplicity_sdk_2025.6.0/platform/emdrv/dmadrv/src/dmadrv.o
                0x08001dac                DMADRV_PauseTransfer
 .text.DMADRV_ResumeTransfer
                0x08001dec       0x40 ./simplicity_sdk_2025.6.0/platform/emdrv/dmadrv/src/dmadrv.o
                0x08001dec                DMADRV_ResumeTransfer
 .text.LDMA_IRQHandler
                0x08001e2c       0x74 ./simplicity_sdk_2025.6.0/platform/emdrv/dmadrv/src/dmadrv.o
                0x08001e2c                LDMA_IRQHandler
 .text.GPIOINT_CallbackRegister
                0x08001ea0       0x3c ./simplicity_sdk_2025.6.0/platform/emdrv/gpiointerrupt/src/gpiointerrupt.o
                0x08001ea0                GPIOINT_CallbackRegister
 .text.EMU_VScaleGet
                0x08001edc       0x18 ./simplicity_sdk_2025.6.0/platform/emlib/src/em_cmu.o
 .text.dpllRefClkGet
                0x08001ef4       0x48 ./simplicity_sdk_2025.6.0/platform/emlib/src/em_cmu.o
 .text.em23GrpaClkGet
                0x08001f3c       0x48 ./simplicity_sdk_2025.6.0/platform/emlib/src/em_cmu.o
 .text.em4GrpaClkGet
                0x08001f84       0x48 ./simplicity_sdk_2025.6.0/platform/emlib/src/em_cmu.o
 .text.sysrtcClkGet
                0x08001fcc       0x48 ./simplicity_sdk_2025.6.0/platform/emlib/src/em_cmu.o
 .text.traceClkGet
                0x08002014       0x54 ./simplicity_sdk_2025.6.0/platform/emlib/src/em_cmu.o
 .text.em01GrpaClkGet
                0x08002068       0x74 ./simplicity_sdk_2025.6.0/platform/emlib/src/em_cmu.o
 .text.em01GrpcClkGet
                0x080020dc       0x70 ./simplicity_sdk_2025.6.0/platform/emlib/src/em_cmu.o
 .text.eusart0ClkGet
                0x0800214c       0x74 ./simplicity_sdk_2025.6.0/platform/emlib/src/em_cmu.o
 .text.iadcClkGet
                0x080021c0       0x60 ./simplicity_sdk_2025.6.0/platform/emlib/src/em_cmu.o
 .text.wdog0ClkGet
                0x08002220       0x64 ./simplicity_sdk_2025.6.0/platform/emlib/src/em_cmu.o
 .text.wdog1ClkGet
                0x08002284       0x64 ./simplicity_sdk_2025.6.0/platform/emlib/src/em_cmu.o
 .text.lcdClkGet
                0x080022e8       0x54 ./simplicity_sdk_2025.6.0/platform/emlib/src/em_cmu.o
 .text.vdac0ClkGet
                0x0800233c       0x70 ./simplicity_sdk_2025.6.0/platform/emlib/src/em_cmu.o
 .text.vdac1ClkGet
                0x080023ac       0x70 ./simplicity_sdk_2025.6.0/platform/emlib/src/em_cmu.o
 .text.pcnt0ClkGet
                0x0800241c       0x4c ./simplicity_sdk_2025.6.0/platform/emlib/src/em_cmu.o
 .text.HFRCODPLLDevinfoGet
                0x08002468      0x108 ./simplicity_sdk_2025.6.0/platform/emlib/src/em_cmu.o
 .text.CMU_ClockDivGet
                0x08002570       0x78 ./simplicity_sdk_2025.6.0/platform/emlib/src/em_cmu.o
                0x08002570                CMU_ClockDivGet
 .text.flashWaitStateControl
                0x080025e8       0x58 ./simplicity_sdk_2025.6.0/platform/emlib/src/em_cmu.o
 .text.CMU_ClockEnable
                0x08002640       0x4c ./simplicity_sdk_2025.6.0/platform/emlib/src/em_cmu.o
                0x08002640                CMU_ClockEnable
 .text.CMU_ClockFreqGet
                0x0800268c      0x288 ./simplicity_sdk_2025.6.0/platform/emlib/src/em_cmu.o
                0x0800268c                CMU_ClockFreqGet
 .text.rhclkPrescOptimize
                0x08002914       0x20 ./simplicity_sdk_2025.6.0/platform/emlib/src/em_cmu.o
 .text.CMU_ClockSelectGet
                0x08002934      0x27c ./simplicity_sdk_2025.6.0/platform/emlib/src/em_cmu.o
                0x08002934                CMU_ClockSelectGet
 .text.sli_em_cmu_SYSTICEXTCLKENClear
                0x08002bb0       0x30 ./simplicity_sdk_2025.6.0/platform/emlib/src/em_cmu.o
                0x08002bb0                sli_em_cmu_SYSTICEXTCLKENClear
 .text.CMU_HFXOInit
                0x08002be0      0x224 ./simplicity_sdk_2025.6.0/platform/emlib/src/em_cmu.o
                0x08002be0                CMU_HFXOInit
 .text.CMU_HFXOCTuneDeltaGet
                0x08002e04        0xc ./simplicity_sdk_2025.6.0/platform/emlib/src/em_cmu.o
                0x08002e04                CMU_HFXOCTuneDeltaGet
 .text.CMU_LFXOInit
                0x08002e10       0xc4 ./simplicity_sdk_2025.6.0/platform/emlib/src/em_cmu.o
                0x08002e10                CMU_LFXOInit
 .text.CMU_LFXOPrecisionSet
                0x08002ed4        0xc ./simplicity_sdk_2025.6.0/platform/emlib/src/em_cmu.o
                0x08002ed4                CMU_LFXOPrecisionSet
 .text.CMU_HFXOPrecisionSet
                0x08002ee0        0xc ./simplicity_sdk_2025.6.0/platform/emlib/src/em_cmu.o
                0x08002ee0                CMU_HFXOPrecisionSet
 .text.CMU_LFRCOSetPrecision
                0x08002eec       0x80 ./simplicity_sdk_2025.6.0/platform/emlib/src/em_cmu.o
                0x08002eec                CMU_LFRCOSetPrecision
 .text.CMU_ClockDivSet
                0x08002f6c      0x12c ./simplicity_sdk_2025.6.0/platform/emlib/src/em_cmu.o
                0x08002f6c                CMU_ClockDivSet
 .text.sli_em_cmu_SYSCLKInitPreClockSelect
                0x08003098       0x30 ./simplicity_sdk_2025.6.0/platform/emlib/src/em_cmu.o
                0x08003098                sli_em_cmu_SYSCLKInitPreClockSelect
 .text.pclkDivOptimize
                0x080030c8       0x24 ./simplicity_sdk_2025.6.0/platform/emlib/src/em_cmu.o
 .text.sli_em_cmu_SYSCLKInitPostClockSelect
                0x080030ec       0x40 ./simplicity_sdk_2025.6.0/platform/emlib/src/em_cmu.o
                0x080030ec                sli_em_cmu_SYSCLKInitPostClockSelect
 .text.CMU_HFRCODPLLBandSet
                0x0800312c      0x11c ./simplicity_sdk_2025.6.0/platform/emlib/src/em_cmu.o
                0x0800312c                CMU_HFRCODPLLBandSet
 .text.CMU_HFRCOEM23BandSet
                0x08003248      0x168 ./simplicity_sdk_2025.6.0/platform/emlib/src/em_cmu.o
                0x08003248                CMU_HFRCOEM23BandSet
 .text.EMU_DCDCSync
                0x080033b0       0x10 ./simplicity_sdk_2025.6.0/platform/emlib/src/em_emu.o
 .text.EMU_EM4Init
                0x080033c0       0x14 ./simplicity_sdk_2025.6.0/platform/emlib/src/em_emu.o
                0x080033c0                EMU_EM4Init
 .text.EMU_VScaleEM01
                0x080033d4       0xa8 ./simplicity_sdk_2025.6.0/platform/emlib/src/em_emu.o
                0x080033d4                EMU_VScaleEM01
 .text.EMU_VScaleEM01ByClock
                0x0800347c       0x30 ./simplicity_sdk_2025.6.0/platform/emlib/src/em_emu.o
                0x0800347c                EMU_VScaleEM01ByClock
 .text.EMU_DCDCModeSet
                0x080034ac       0xac ./simplicity_sdk_2025.6.0/platform/emlib/src/em_emu.o
                0x080034ac                EMU_DCDCModeSet
 .text.EMU_DCDCInit
                0x08003558       0x70 ./simplicity_sdk_2025.6.0/platform/emlib/src/em_emu.o
                0x08003558                EMU_DCDCInit
 .text.EMU_DCDCSetPFMXModePeakCurrent
                0x080035c8       0x6c ./simplicity_sdk_2025.6.0/platform/emlib/src/em_emu.o
                0x080035c8                EMU_DCDCSetPFMXModePeakCurrent
 .text.EUSART_ClockGet
                0x08003634       0x48 ./simplicity_sdk_2025.6.0/platform/emlib/src/em_eusart.o
 .text.EUSART_Reset
                0x0800367c       0x54 ./simplicity_sdk_2025.6.0/platform/emlib/src/em_eusart.o
                0x0800367c                EUSART_Reset
 .text.EUSART_Enable
                0x080036d0       0x7c ./simplicity_sdk_2025.6.0/platform/emlib/src/em_eusart.o
                0x080036d0                EUSART_Enable
 .text.EUSART_BaudrateSet
                0x0800374c      0x1c8 ./simplicity_sdk_2025.6.0/platform/emlib/src/em_eusart.o
                0x0800374c                EUSART_BaudrateSet
 .text.EUSART_SpiInit
                0x08003914      0x284 ./simplicity_sdk_2025.6.0/platform/emlib/src/em_eusart.o
                0x08003914                EUSART_SpiInit
 .text.BUS_RegBitWrite
                0x08003b98       0x2c ./simplicity_sdk_2025.6.0/platform/emlib/src/em_gpio.o
 .text.GPIO_PinOutSet
                0x08003bc4       0x3c ./simplicity_sdk_2025.6.0/platform/emlib/src/em_gpio.o
 .text.GPIO_PinOutClear
                0x08003c00       0x3c ./simplicity_sdk_2025.6.0/platform/emlib/src/em_gpio.o
 .text.GPIO_ExtIntConfig
                0x08003c3c       0xe0 ./simplicity_sdk_2025.6.0/platform/emlib/src/em_gpio.o
                0x08003c3c                GPIO_ExtIntConfig
 .text.GPIO_PinModeSet
                0x08003d1c       0x94 ./simplicity_sdk_2025.6.0/platform/emlib/src/em_gpio.o
                0x08003d1c                GPIO_PinModeSet
 .text.LDMA_DeInit
                0x08003db0       0x2c ./simplicity_sdk_2025.6.0/platform/emlib/src/em_ldma.o
                0x08003db0                LDMA_DeInit
 .text.LDMA_EnableChannelRequest
                0x08003ddc       0x40 ./simplicity_sdk_2025.6.0/platform/emlib/src/em_ldma.o
                0x08003ddc                LDMA_EnableChannelRequest
 .text.LDMA_Init
                0x08003e1c       0x90 ./simplicity_sdk_2025.6.0/platform/emlib/src/em_ldma.o
                0x08003e1c                LDMA_Init
 .text.LDMA_StartTransfer
                0x08003eac       0xf8 ./simplicity_sdk_2025.6.0/platform/emlib/src/em_ldma.o
                0x08003eac                LDMA_StartTransfer
 .text.LDMA_StopTransfer
                0x08003fa4       0x38 ./simplicity_sdk_2025.6.0/platform/emlib/src/em_ldma.o
                0x08003fa4                LDMA_StopTransfer
 .text.LDMA_TransferDone
                0x08003fdc       0x44 ./simplicity_sdk_2025.6.0/platform/emlib/src/em_ldma.o
                0x08003fdc                LDMA_TransferDone
 .text.LDMA_TransferRemainingCount
                0x08004020       0x44 ./simplicity_sdk_2025.6.0/platform/emlib/src/em_ldma.o
                0x08004020                LDMA_TransferRemainingCount
 .text.TIMER_Valid
                0x08004064       0x5c ./simplicity_sdk_2025.6.0/platform/emlib/src/em_timer.o
 .text.timerPrsConfig
                0x080040c0       0xac ./simplicity_sdk_2025.6.0/platform/emlib/src/em_timer.o
 .text.TIMER_Init
                0x0800416c       0x98 ./simplicity_sdk_2025.6.0/platform/emlib/src/em_timer.o
                0x0800416c                TIMER_Init
 .text.TIMER_InitCC
                0x08004204       0xac ./simplicity_sdk_2025.6.0/platform/emlib/src/em_timer.o
                0x08004204                TIMER_InitCC
 .text.prsRxInput
                0x080042b0       0x44 ./simplicity_sdk_2025.6.0/platform/emlib/src/em_usart.o
 .text.USART_BaudrateAsyncSet
                0x080042f4       0xe0 ./simplicity_sdk_2025.6.0/platform/emlib/src/em_usart.o
                0x080042f4                USART_BaudrateAsyncSet
 .text.USART_Enable
                0x080043d4       0x4c ./simplicity_sdk_2025.6.0/platform/emlib/src/em_usart.o
                0x080043d4                USART_Enable
 .text.USART_Reset
                0x08004420       0x80 ./simplicity_sdk_2025.6.0/platform/emlib/src/em_usart.o
                0x08004420                USART_Reset
 .text.USART_InitAsync
                0x080044a0      0x11c ./simplicity_sdk_2025.6.0/platform/emlib/src/em_usart.o
                0x080044a0                USART_InitAsync
 .text.sl_hal_gpio_clear_pin
                0x080045bc       0x5c ./simplicity_sdk_2025.6.0/platform/peripheral/src/sl_hal_gpio.o
                0x080045bc                sl_hal_gpio_clear_pin
 .text.sl_hal_gpio_get_enabled_pending_interrupts
                0x08004618       0x14 ./simplicity_sdk_2025.6.0/platform/peripheral/src/sl_hal_gpio.o
                0x08004618                sl_hal_gpio_get_enabled_pending_interrupts
 .text.sl_hal_gpio_get_em4_interrupt_number
                0x0800462c       0x80 ./simplicity_sdk_2025.6.0/platform/peripheral/src/sl_hal_gpio.o
                0x0800462c                sl_hal_gpio_get_em4_interrupt_number
 .text.sl_hal_gpio_set_pin_em4_retention
                0x080046ac       0x20 ./simplicity_sdk_2025.6.0/platform/peripheral/src/sl_hal_gpio.o
                0x080046ac                sl_hal_gpio_set_pin_em4_retention
 .text.sl_hal_gpio_set_pin_mode
                0x080046cc       0xd8 ./simplicity_sdk_2025.6.0/platform/peripheral/src/sl_hal_gpio.o
                0x080046cc                sl_hal_gpio_set_pin_mode
 .text.sl_hal_gpio_configure_external_interrupt
                0x080047a4      0x180 ./simplicity_sdk_2025.6.0/platform/peripheral/src/sl_hal_gpio.o
                0x080047a4                sl_hal_gpio_configure_external_interrupt
 .text.sl_hal_gpio_enable_pin_em4_wakeup
                0x08004924       0x68 ./simplicity_sdk_2025.6.0/platform/peripheral/src/sl_hal_gpio.o
                0x08004924                sl_hal_gpio_enable_pin_em4_wakeup
 .text.sl_hal_gpio_configure_wakeup_em4_external_interrupt
                0x0800498c       0x94 ./simplicity_sdk_2025.6.0/platform/peripheral/src/sl_hal_gpio.o
                0x0800498c                sl_hal_gpio_configure_wakeup_em4_external_interrupt
 .text.sl_hal_sysrtc_wait_ready
                0x08004a20       0x1c ./simplicity_sdk_2025.6.0/platform/peripheral/src/sl_hal_sysrtc.o
                0x08004a20                sl_hal_sysrtc_wait_ready
 .text.sl_hal_sysrtc_stop
                0x08004a3c       0x28 ./simplicity_sdk_2025.6.0/platform/peripheral/src/sl_hal_sysrtc.o
                0x08004a3c                sl_hal_sysrtc_stop
 .text.sl_hal_sysrtc_enable
                0x08004a64       0x18 ./simplicity_sdk_2025.6.0/platform/peripheral/src/sl_hal_sysrtc.o
                0x08004a64                sl_hal_sysrtc_enable
 .text.sl_hal_sysrtc_disable
                0x08004a7c       0x1c ./simplicity_sdk_2025.6.0/platform/peripheral/src/sl_hal_sysrtc.o
                0x08004a7c                sl_hal_sysrtc_disable
 .text.sl_hal_sysrtc_init
                0x08004a98       0x24 ./simplicity_sdk_2025.6.0/platform/peripheral/src/sl_hal_sysrtc.o
                0x08004a98                sl_hal_sysrtc_init
 .text.sl_hal_sysrtc_init_group
                0x08004abc       0x44 ./simplicity_sdk_2025.6.0/platform/peripheral/src/sl_hal_sysrtc.o
                0x08004abc                sl_hal_sysrtc_init_group
 .text.sli_clock_manager_hal_init
                0x08004b00      0x27c ./simplicity_sdk_2025.6.0/platform/service/clock_manager/src/sl_clock_manager_init_hal_s2.o
                0x08004b00                sli_clock_manager_hal_init
 .text.sl_device_init_dcdc
                0x08004d7c       0x2c ./simplicity_sdk_2025.6.0/platform/service/device_init/src/sl_device_init_dcdc_s2.o
                0x08004d7c                sl_device_init_dcdc
 .text.sl_device_init_emu
                0x08004da8       0x24 ./simplicity_sdk_2025.6.0/platform/service/device_init/src/sl_device_init_emu_s2.o
                0x08004da8                sl_device_init_emu
 .text.sl_interrupt_manager_disable_irq
                0x08004dcc       0x3c ./simplicity_sdk_2025.6.0/platform/service/interrupt_manager/src/sl_interrupt_manager_cortexm.o
                0x08004dcc                sl_interrupt_manager_disable_irq
 .text.sl_interrupt_manager_enable_irq
                0x08004e08       0x34 ./simplicity_sdk_2025.6.0/platform/service/interrupt_manager/src/sl_interrupt_manager_cortexm.o
                0x08004e08                sl_interrupt_manager_enable_irq
 .text.sl_interrupt_manager_is_irq_disabled
                0x08004e3c       0x30 ./simplicity_sdk_2025.6.0/platform/service/interrupt_manager/src/sl_interrupt_manager_cortexm.o
                0x08004e3c                sl_interrupt_manager_is_irq_disabled
 .text.sl_interrupt_manager_clear_irq_pending
                0x08004e6c       0x1c ./simplicity_sdk_2025.6.0/platform/service/interrupt_manager/src/sl_interrupt_manager_cortexm.o
                0x08004e6c                sl_interrupt_manager_clear_irq_pending
 .text.sl_interrupt_manager_set_irq_priority
                0x08004e88       0x54 ./simplicity_sdk_2025.6.0/platform/service/interrupt_manager/src/sl_interrupt_manager_cortexm.o
                0x08004e88                sl_interrupt_manager_set_irq_priority
 .text.sl_interrupt_manager_init
                0x08004edc       0x34 ./simplicity_sdk_2025.6.0/platform/service/interrupt_manager/src/sl_interrupt_manager_cortexm.o
                0x08004edc                sl_interrupt_manager_init
 .text.sl_iostream_set_default
                0x08004f10       0x18 ./simplicity_sdk_2025.6.0/platform/service/iostream/src/sl_iostream.o
                0x08004f10                sl_iostream_set_default
 .text.sl_iostream_get_default
                0x08004f28       0x18 ./simplicity_sdk_2025.6.0/platform/service/iostream/src/sl_iostream.o
                0x08004f28                sl_iostream_get_default
 .text.__rx_buffer_empty
                0x08004f40       0x34 ./simplicity_sdk_2025.6.0/platform/service/iostream/src/sl_iostream_uart.o
 .text.__rx_buffer_full
                0x08004f74       0x4c ./simplicity_sdk_2025.6.0/platform/service/iostream/src/sl_iostream_uart.o
 .text.__get_write_ptr
                0x08004fc0       0x60 ./simplicity_sdk_2025.6.0/platform/service/iostream/src/sl_iostream_uart.o
 .text.__uart_async_start_write
                0x08005020       0x74 ./simplicity_sdk_2025.6.0/platform/service/iostream/src/sl_iostream_uart.o
 .text.set_new_data_detect
                0x08005094      0x174 ./simplicity_sdk_2025.6.0/platform/service/iostream/src/sl_iostream_uart.o
 .text.__uart_async_tx_dma_callback
                0x08005208       0x40 ./simplicity_sdk_2025.6.0/platform/service/iostream/src/sl_iostream_uart.o
 .text.rx_buffer_empty
                0x08005248       0x38 ./simplicity_sdk_2025.6.0/platform/service/iostream/src/sl_iostream_uart.o
 .text.uart_read
                0x08005280      0x2cc ./simplicity_sdk_2025.6.0/platform/service/iostream/src/sl_iostream_uart.o
 .text.uart_write
                0x0800554c      0x124 ./simplicity_sdk_2025.6.0/platform/service/iostream/src/sl_iostream_uart.o
 .text.sli_iostream_uart_context_init
                0x08005670      0x150 ./simplicity_sdk_2025.6.0/platform/service/iostream/src/sl_iostream_uart.o
                0x08005670                sli_iostream_uart_context_init
 .text.uart_deinit
                0x080057c0       0x9c ./simplicity_sdk_2025.6.0/platform/service/iostream/src/sl_iostream_uart.o
 .text.sl_iostream_usart_init
                0x0800585c      0x174 ./simplicity_sdk_2025.6.0/platform/service/iostream/src/sl_iostream_usart.o
                0x0800585c                sl_iostream_usart_init
 .text.sl_iostream_usart_irq_handler
                0x080059d0        0xc ./simplicity_sdk_2025.6.0/platform/service/iostream/src/sl_iostream_usart.o
                0x080059d0                sl_iostream_usart_irq_handler
 .text._sbrk    0x080059dc       0x20 ./simplicity_sdk_2025.6.0/platform/service/memory_manager/src/sl_memory_manager_region.o
                0x080059dc                _sbrk
 .text.sl_sleeptimer_init
                0x080059fc       0x74 ./simplicity_sdk_2025.6.0/platform/service/sleeptimer/src/sl_sleeptimer.o
                0x080059fc                sl_sleeptimer_init
 .text.sl_sleeptimer_delay_millisecond
                0x08005a70       0x38 ./simplicity_sdk_2025.6.0/platform/service/sleeptimer/src/sl_sleeptimer.o
                0x08005a70                sl_sleeptimer_delay_millisecond
 .text.sleeptimer_hal_init_timer
                0x08005aa8       0x6c ./simplicity_sdk_2025.6.0/platform/service/sleeptimer/src/sl_sleeptimer_hal_sysrtc.o
                0x08005aa8                sleeptimer_hal_init_timer
 .text.sl_udelay_wait
                0x08005b14       0x58 ./simplicity_sdk_2025.6.0/platform/service/udelay/src/sl_udelay.o
                0x08005b14                sl_udelay_wait
 .text          0x08005b6c      0x378 c:/siliconlabs/simplicitystudio/v5/developer/toolchains/gnu_arm/12.2.rel1_2023.7/bin/../lib/gcc/arm-none-eabi/12.2.1/thumb/v8-m.main+fp/hard\libgcc.a(_arm_addsubdf3.o)
                0x08005b6c                __aeabi_drsub
                0x08005b74                __aeabi_dsub
                0x08005b74                __subdf3
                0x08005b78                __aeabi_dadd
                0x08005b78                __adddf3
                0x08005df0                __floatunsidf
                0x08005df0                __aeabi_ui2d
                0x08005e10                __floatsidf
                0x08005e10                __aeabi_i2d
                0x08005e34                __aeabi_f2d
                0x08005e34                __extendsfdf2
                0x08005e78                __floatundidf
                0x08005e78                __aeabi_ul2d
                0x08005e88                __floatdidf
                0x08005e88                __aeabi_l2d
 .text          0x08005ee4      0x424 c:/siliconlabs/simplicitystudio/v5/developer/toolchains/gnu_arm/12.2.rel1_2023.7/bin/../lib/gcc/arm-none-eabi/12.2.1/thumb/v8-m.main+fp/hard\libgcc.a(_arm_muldivdf3.o)
                0x08005ee4                __aeabi_dmul
                0x08005ee4                __muldf3
                0x08006138                __divdf3
                0x08006138                __aeabi_ddiv
 .text          0x08006308      0x110 c:/siliconlabs/simplicitystudio/v5/developer/toolchains/gnu_arm/12.2.rel1_2023.7/bin/../lib/gcc/arm-none-eabi/12.2.1/thumb/v8-m.main+fp/hard\libgcc.a(_arm_cmpdf2.o)
                0x08006308                __gtdf2
                0x08006308                __gedf2
                0x08006310                __ltdf2
                0x08006310                __ledf2
                0x08006318                __nedf2
                0x08006318                __eqdf2
                0x08006318                __cmpdf2
                0x08006394                __aeabi_cdrcmple
                0x080063a4                __aeabi_cdcmpeq
                0x080063a4                __aeabi_cdcmple
                0x080063b4                __aeabi_dcmpeq
                0x080063c8                __aeabi_dcmplt
                0x080063dc                __aeabi_dcmple
                0x080063f0                __aeabi_dcmpge
                0x08006404                __aeabi_dcmpgt
 .text          0x08006418       0xa0 c:/siliconlabs/simplicitystudio/v5/developer/toolchains/gnu_arm/12.2.rel1_2023.7/bin/../lib/gcc/arm-none-eabi/12.2.1/thumb/v8-m.main+fp/hard\libgcc.a(_arm_truncdfsf2.o)
                0x08006418                __truncdfsf2
                0x08006418                __aeabi_d2f
 .text          0x080064b8       0x30 c:/siliconlabs/simplicitystudio/v5/developer/toolchains/gnu_arm/12.2.rel1_2023.7/bin/../lib/gcc/arm-none-eabi/12.2.1/thumb/v8-m.main+fp/hard\libgcc.a(_aeabi_uldivmod.o)
                0x080064b8                __aeabi_uldivmod
 .text.__udivmoddi4
                0x080064e8      0x2ec c:/siliconlabs/simplicitystudio/v5/developer/toolchains/gnu_arm/12.2.rel1_2023.7/bin/../lib/gcc/arm-none-eabi/12.2.1/thumb/v8-m.main+fp/hard\libgcc.a(_udivmoddi4.o)
                0x080064e8                __udivmoddi4
 .text          0x080067d4        0x4 c:/siliconlabs/simplicitystudio/v5/developer/toolchains/gnu_arm/12.2.rel1_2023.7/bin/../lib/gcc/arm-none-eabi/12.2.1/thumb/v8-m.main+fp/hard\libgcc.a(_dvmd_tls.o)
                0x080067d4                __aeabi_idiv0
                0x080067d4                __aeabi_ldiv0
 .text.exit     0x080067d8       0x24 c:/siliconlabs/simplicitystudio/v5/developer/toolchains/gnu_arm/12.2.rel1_2023.7/bin/../lib/gcc/arm-none-eabi/12.2.1/thumb/v8-m.main+fp/hard\libc_nano.a(libc_a-exit.o)
                0x080067d8                exit
 .text.std      0x080067fc       0x6c c:/siliconlabs/simplicitystudio/v5/developer/toolchains/gnu_arm/12.2.rel1_2023.7/bin/../lib/gcc/arm-none-eabi/12.2.1/thumb/v8-m.main+fp/hard\libc_nano.a(libc_a-findfp.o)
 .text.stdio_exit_handler
                0x08006868       0x18 c:/siliconlabs/simplicitystudio/v5/developer/toolchains/gnu_arm/12.2.rel1_2023.7/bin/../lib/gcc/arm-none-eabi/12.2.1/thumb/v8-m.main+fp/hard\libc_nano.a(libc_a-findfp.o)
 .text.cleanup_stdio
                0x08006880       0x40 c:/siliconlabs/simplicitystudio/v5/developer/toolchains/gnu_arm/12.2.rel1_2023.7/bin/../lib/gcc/arm-none-eabi/12.2.1/thumb/v8-m.main+fp/hard\libc_nano.a(libc_a-findfp.o)
 .text.global_stdio_init.part.0
                0x080068c0       0x3c c:/siliconlabs/simplicitystudio/v5/developer/toolchains/gnu_arm/12.2.rel1_2023.7/bin/../lib/gcc/arm-none-eabi/12.2.1/thumb/v8-m.main+fp/hard\libc_nano.a(libc_a-findfp.o)
 .text.__sfp_lock_acquire
                0x080068fc        0xc c:/siliconlabs/simplicitystudio/v5/developer/toolchains/gnu_arm/12.2.rel1_2023.7/bin/../lib/gcc/arm-none-eabi/12.2.1/thumb/v8-m.main+fp/hard\libc_nano.a(libc_a-findfp.o)
                0x080068fc                __sfp_lock_acquire
 .text.__sfp_lock_release
                0x08006908        0xc c:/siliconlabs/simplicitystudio/v5/developer/toolchains/gnu_arm/12.2.rel1_2023.7/bin/../lib/gcc/arm-none-eabi/12.2.1/thumb/v8-m.main+fp/hard\libc_nano.a(libc_a-findfp.o)
                0x08006908                __sfp_lock_release
 .text.__sinit  0x08006914       0x30 c:/siliconlabs/simplicitystudio/v5/developer/toolchains/gnu_arm/12.2.rel1_2023.7/bin/../lib/gcc/arm-none-eabi/12.2.1/thumb/v8-m.main+fp/hard\libc_nano.a(libc_a-findfp.o)
                0x08006914                __sinit
 .text.setvbuf  0x08006944      0x168 c:/siliconlabs/simplicitystudio/v5/developer/toolchains/gnu_arm/12.2.rel1_2023.7/bin/../lib/gcc/arm-none-eabi/12.2.1/thumb/v8-m.main+fp/hard\libc_nano.a(libc_a-setvbuf.o)
                0x08006944                setvbuf
 .text.snprintf
                0x08006aac       0x68 c:/siliconlabs/simplicitystudio/v5/developer/toolchains/gnu_arm/12.2.rel1_2023.7/bin/../lib/gcc/arm-none-eabi/12.2.1/thumb/v8-m.main+fp/hard\libc_nano.a(libc_a-snprintf.o)
                0x08006aac                sniprintf
                0x08006aac                snprintf
 .text.sprintf  0x08006b14       0x40 c:/siliconlabs/simplicitystudio/v5/developer/toolchains/gnu_arm/12.2.rel1_2023.7/bin/../lib/gcc/arm-none-eabi/12.2.1/thumb/v8-m.main+fp/hard\libc_nano.a(libc_a-sprintf.o)
                0x08006b14                siprintf
                0x08006b14                sprintf
 .text._close_r
                0x08006b54       0x20 c:/siliconlabs/simplicitystudio/v5/developer/toolchains/gnu_arm/12.2.rel1_2023.7/bin/../lib/gcc/arm-none-eabi/12.2.1/thumb/v8-m.main+fp/hard\libc_nano.a(libc_a-closer.o)
                0x08006b54                _close_r
 .text._lseek_r
                0x08006b74       0x24 c:/siliconlabs/simplicitystudio/v5/developer/toolchains/gnu_arm/12.2.rel1_2023.7/bin/../lib/gcc/arm-none-eabi/12.2.1/thumb/v8-m.main+fp/hard\libc_nano.a(libc_a-lseekr.o)
                0x08006b74                _lseek_r
 .text._read_r  0x08006b98       0x24 c:/siliconlabs/simplicitystudio/v5/developer/toolchains/gnu_arm/12.2.rel1_2023.7/bin/../lib/gcc/arm-none-eabi/12.2.1/thumb/v8-m.main+fp/hard\libc_nano.a(libc_a-readr.o)
                0x08006b98                _read_r
 .text._write_r
                0x08006bbc       0x24 c:/siliconlabs/simplicitystudio/v5/developer/toolchains/gnu_arm/12.2.rel1_2023.7/bin/../lib/gcc/arm-none-eabi/12.2.1/thumb/v8-m.main+fp/hard\libc_nano.a(libc_a-writer.o)
                0x08006bbc                _write_r
 .text.__libc_init_array
                0x08006be0       0x48 c:/siliconlabs/simplicitystudio/v5/developer/toolchains/gnu_arm/12.2.rel1_2023.7/bin/../lib/gcc/arm-none-eabi/12.2.1/thumb/v8-m.main+fp/hard\libc_nano.a(libc_a-init.o)
                0x08006be0                __libc_init_array
 .text._free_r  0x08006c28       0x94 c:/siliconlabs/simplicitystudio/v5/developer/toolchains/gnu_arm/12.2.rel1_2023.7/bin/../lib/gcc/arm-none-eabi/12.2.1/thumb/v8-m.main+fp/hard\libc_nano.a(libc_a-freer.o)
                0x08006c28                _free_r
 .text.malloc   0x08006cbc       0x10 c:/siliconlabs/simplicitystudio/v5/developer/toolchains/gnu_arm/12.2.rel1_2023.7/bin/../lib/gcc/arm-none-eabi/12.2.1/thumb/v8-m.main+fp/hard\libc_nano.a(libc_a-malloc.o)
                0x08006cbc                malloc
 .text.sbrk_aligned
                0x08006ccc       0x44 c:/siliconlabs/simplicitystudio/v5/developer/toolchains/gnu_arm/12.2.rel1_2023.7/bin/../lib/gcc/arm-none-eabi/12.2.1/thumb/v8-m.main+fp/hard\libc_nano.a(libc_a-mallocr.o)
 .text._malloc_r
                0x08006d10       0xf0 c:/siliconlabs/simplicitystudio/v5/developer/toolchains/gnu_arm/12.2.rel1_2023.7/bin/../lib/gcc/arm-none-eabi/12.2.1/thumb/v8-m.main+fp/hard\libc_nano.a(libc_a-mallocr.o)
                0x08006d10                _malloc_r
 .text.__malloc_lock
                0x08006e00        0xc c:/siliconlabs/simplicitystudio/v5/developer/toolchains/gnu_arm/12.2.rel1_2023.7/bin/../lib/gcc/arm-none-eabi/12.2.1/thumb/v8-m.main+fp/hard\libc_nano.a(libc_a-mlock.o)
                0x08006e00                __malloc_lock
 .text.__malloc_unlock
                0x08006e0c        0xc c:/siliconlabs/simplicitystudio/v5/developer/toolchains/gnu_arm/12.2.rel1_2023.7/bin/../lib/gcc/arm-none-eabi/12.2.1/thumb/v8-m.main+fp/hard\libc_nano.a(libc_a-mlock.o)
                0x08006e0c                __malloc_unlock
 .text._svfprintf_r
                0x08006e18      0x1f8 c:/siliconlabs/simplicitystudio/v5/developer/toolchains/gnu_arm/12.2.rel1_2023.7/bin/../lib/gcc/arm-none-eabi/12.2.1/thumb/v8-m.main+fp/hard\libc_nano.a(libc_a-nano-svfprintf.o)
                0x08006e18                _svfiprintf_r
                0x08006e18                _svfprintf_r
 .text._printf_i
                0x08007010      0x258 c:/siliconlabs/simplicitystudio/v5/developer/toolchains/gnu_arm/12.2.rel1_2023.7/bin/../lib/gcc/arm-none-eabi/12.2.1/thumb/v8-m.main+fp/hard\libc_nano.a(libc_a-nano-vfprintf_i.o)
                0x08007010                _printf_i
 .text._fstat_r
                0x08007268       0x24 c:/siliconlabs/simplicitystudio/v5/developer/toolchains/gnu_arm/12.2.rel1_2023.7/bin/../lib/gcc/arm-none-eabi/12.2.1/thumb/v8-m.main+fp/hard\libc_nano.a(libc_a-fstatr.o)
                0x08007268                _fstat_r
 .text._sbrk_r  0x0800728c       0x20 c:/siliconlabs/simplicitystudio/v5/developer/toolchains/gnu_arm/12.2.rel1_2023.7/bin/../lib/gcc/arm-none-eabi/12.2.1/thumb/v8-m.main+fp/hard\libc_nano.a(libc_a-sbrkr.o)
                0x0800728c                _sbrk_r
 .text.powf     0x080072ac       0xbc c:/siliconlabs/simplicitystudio/v5/developer/toolchains/gnu_arm/12.2.rel1_2023.7/bin/../lib/gcc/arm-none-eabi/12.2.1/thumb/v8-m.main+fp/hard\libm.a(libm_a-wf_pow.o)
                0x080072ac                powf
 .text.cosf     0x08007368       0x88 c:/siliconlabs/simplicitystudio/v5/developer/toolchains/gnu_arm/12.2.rel1_2023.7/bin/../lib/gcc/arm-none-eabi/12.2.1/thumb/v8-m.main+fp/hard\libm.a(libm_a-sf_cos.o)
                0x08007368                cosf
 .text.fabsf    0x080073f0       0x10 c:/siliconlabs/simplicitystudio/v5/developer/toolchains/gnu_arm/12.2.rel1_2023.7/bin/../lib/gcc/arm-none-eabi/12.2.1/thumb/v8-m.main+fp/hard\libm.a(libm_a-sf_fabs.o)
                0x080073f0                fabsf
 .text.sinf     0x08007400       0x8c c:/siliconlabs/simplicitystudio/v5/developer/toolchains/gnu_arm/12.2.rel1_2023.7/bin/../lib/gcc/arm-none-eabi/12.2.1/thumb/v8-m.main+fp/hard\libm.a(libm_a-sf_sin.o)
                0x08007400                sinf
 .text.finitef  0x0800748c       0x14 c:/siliconlabs/simplicitystudio/v5/developer/toolchains/gnu_arm/12.2.rel1_2023.7/bin/../lib/gcc/arm-none-eabi/12.2.1/thumb/v8-m.main+fp/hard\libm.a(libm_a-sf_finite.o)
                0x0800748c                finitef
 .text.__kernel_cosf
                0x080074a0      0x104 c:/siliconlabs/simplicitystudio/v5/developer/toolchains/gnu_arm/12.2.rel1_2023.7/bin/../lib/gcc/arm-none-eabi/12.2.1/thumb/v8-m.main+fp/hard\libm.a(libm_a-kf_cos.o)
                0x080074a0                __kernel_cosf
 .text.__kernel_sinf
                0x080075a4       0x90 c:/siliconlabs/simplicitystudio/v5/developer/toolchains/gnu_arm/12.2.rel1_2023.7/bin/../lib/gcc/arm-none-eabi/12.2.1/thumb/v8-m.main+fp/hard\libm.a(libm_a-kf_sin.o)
                0x080075a4                __kernel_sinf
 .text.__ieee754_powf
                0x08007634      0x66c c:/siliconlabs/simplicitystudio/v5/developer/toolchains/gnu_arm/12.2.rel1_2023.7/bin/../lib/gcc/arm-none-eabi/12.2.1/thumb/v8-m.main+fp/hard\libm.a(libm_a-ef_pow.o)
                0x08007634                __ieee754_powf
 .text.__ieee754_rem_pio2f
                0x08007ca0      0x278 c:/siliconlabs/simplicitystudio/v5/developer/toolchains/gnu_arm/12.2.rel1_2023.7/bin/../lib/gcc/arm-none-eabi/12.2.1/thumb/v8-m.main+fp/hard\libm.a(libm_a-ef_rem_pio2.o)
                0x08007ca0                __ieee754_rem_pio2f
 .text.scalbnf  0x08007f18       0xe0 c:/siliconlabs/simplicitystudio/v5/developer/toolchains/gnu_arm/12.2.rel1_2023.7/bin/../lib/gcc/arm-none-eabi/12.2.1/thumb/v8-m.main+fp/hard\libm.a(libm_a-sf_scalbn.o)
                0x08007f18                scalbnf
 .text.with_errnof
                0x08007ff8       0x1c c:/siliconlabs/simplicitystudio/v5/developer/toolchains/gnu_arm/12.2.rel1_2023.7/bin/../lib/gcc/arm-none-eabi/12.2.1/thumb/v8-m.main+fp/hard\libm.a(libm_a-math_errf.o)
 .text.xflowf   0x08008014       0x20 c:/siliconlabs/simplicitystudio/v5/developer/toolchains/gnu_arm/12.2.rel1_2023.7/bin/../lib/gcc/arm-none-eabi/12.2.1/thumb/v8-m.main+fp/hard\libm.a(libm_a-math_errf.o)
 .text.__math_uflowf
                0x08008034        0xc c:/siliconlabs/simplicitystudio/v5/developer/toolchains/gnu_arm/12.2.rel1_2023.7/bin/../lib/gcc/arm-none-eabi/12.2.1/thumb/v8-m.main+fp/hard\libm.a(libm_a-math_errf.o)
                0x08008034                __math_uflowf
 .text.__math_oflowf
                0x08008040        0xc c:/siliconlabs/simplicitystudio/v5/developer/toolchains/gnu_arm/12.2.rel1_2023.7/bin/../lib/gcc/arm-none-eabi/12.2.1/thumb/v8-m.main+fp/hard\libm.a(libm_a-math_errf.o)
                0x08008040                __math_oflowf
 .text.__ieee754_sqrtf
                0x0800804c        0x8 c:/siliconlabs/simplicitystudio/v5/developer/toolchains/gnu_arm/12.2.rel1_2023.7/bin/../lib/gcc/arm-none-eabi/12.2.1/thumb/v8-m.main+fp/hard\libm.a(libm_a-ef_sqrt.o)
                0x0800804c                __ieee754_sqrtf
 .text.__kernel_rem_pio2f
                0x08008054      0x670 c:/siliconlabs/simplicitystudio/v5/developer/toolchains/gnu_arm/12.2.rel1_2023.7/bin/../lib/gcc/arm-none-eabi/12.2.1/thumb/v8-m.main+fp/hard\libm.a(libm_a-kf_rem_pio2.o)
                0x08008054                __kernel_rem_pio2f
 .text.floorf   0x080086c4        0x8 c:/siliconlabs/simplicitystudio/v5/developer/toolchains/gnu_arm/12.2.rel1_2023.7/bin/../lib/gcc/arm-none-eabi/12.2.1/thumb/v8-m.main+fp/hard\libm.a(libm_a-sf_floor.o)
                0x080086c4                floorf
 .text.__errno  0x080086cc        0xc c:/siliconlabs/simplicitystudio/v5/developer/toolchains/gnu_arm/12.2.rel1_2023.7/bin/../lib/gcc/arm-none-eabi/12.2.1/thumb/v8-m.main+fp/hard\libc_nano.a(libc_a-errno.o)
                0x080086cc                __errno
 .text.sl_board_default_init
                0x080086d8        0x2 ./autogen/sl_board_default_init.o
                0x080086d8                sl_board_default_init
 .text.sli_driver_permanent_allocation
                0x080086da        0x2 ./autogen/sl_event_handler.o
                0x080086da                sli_driver_permanent_allocation
 .text.sli_service_permanent_allocation
                0x080086dc        0x2 ./autogen/sl_event_handler.o
                0x080086dc                sli_service_permanent_allocation
 .text.sli_stack_permanent_allocation
                0x080086de        0x2 ./autogen/sl_event_handler.o
                0x080086de                sli_stack_permanent_allocation
 .text.sli_internal_permanent_allocation
                0x080086e0        0x2 ./autogen/sl_event_handler.o
                0x080086e0                sli_internal_permanent_allocation
 .text.sl_platform_init
                0x080086e2       0x12 ./autogen/sl_event_handler.o
                0x080086e2                sl_platform_init
 .text.sli_internal_init_early
                0x080086f4        0x2 ./autogen/sl_event_handler.o
                0x080086f4                sli_internal_init_early
 .text.sl_driver_init
                0x080086f6       0x16 ./autogen/sl_event_handler.o
                0x080086f6                sl_driver_init
 .text.sl_service_init
                0x0800870c       0x12 ./autogen/sl_event_handler.o
                0x0800870c                sl_service_init
 .text.sl_stack_init
                0x0800871e        0x2 ./autogen/sl_event_handler.o
                0x0800871e                sl_stack_init
 .text.sl_internal_app_init
                0x08008720        0x2 ./autogen/sl_event_handler.o
                0x08008720                sl_internal_app_init
 .text.sli_platform_process_action
                0x08008722        0x2 ./autogen/sl_event_handler.o
                0x08008722                sli_platform_process_action
 .text.sli_service_process_action
                0x08008724        0x2 ./autogen/sl_event_handler.o
                0x08008724                sli_service_process_action
 .text.sli_stack_process_action
                0x08008726        0x2 ./autogen/sl_event_handler.o
                0x08008726                sli_stack_process_action
 .text.sli_internal_app_process_action
                0x08008728        0x2 ./autogen/sl_event_handler.o
                0x08008728                sli_internal_app_process_action
 .text.USART0_TX_IRQHandler
                0x0800872a        0x4 ./autogen/sl_iostream_init_usart_instances.o
                0x0800872a                USART0_TX_IRQHandler
 .text.initCMU  0x0800872e       0x16 ./libs/motor_control/motor_control.o
                0x0800872e                initCMU
 .text.initGPIO
                0x08008744       0x4e ./libs/motor_control/motor_control.o
                0x08008744                initGPIO
 .text.motor1_set_direction
                0x08008792       0x2e ./libs/motor_control/motor_control.o
                0x08008792                motor1_set_direction
 .text.motor2_set_direction
                0x080087c0       0x2e ./libs/motor_control/motor_control.o
                0x080087c0                motor2_set_direction
 .text.pid_init
                0x080087ee       0x1c ./libs/motor_control/pid.o
                0x080087ee                pid_init
 .text.pid_compute
                0x0800880a       0x58 ./libs/motor_control/pid.o
                0x0800880a                pid_compute
 .text.startup.main
                0x08008862       0x14 ./main.o
                0x08008862                main
 .text.sl_board_configure_vcom
                0x08008876        0x4 ./simplicity_sdk_2025.6.0/hardware/board/src/sl_board_control_gpio.o
                0x08008876                sl_board_configure_vcom
 .text.sli_cos_swo_itm_8_write.constprop.0.isra.0
                0x0800887a       0x78 ./simplicity_sdk_2025.6.0/hardware/driver/configuration_over_swo/src/sl_cos.o
 .text.sl_cos_send_config
                0x080088f2       0x12 ./simplicity_sdk_2025.6.0/hardware/driver/configuration_over_swo/src/sl_cos.o
                0x080088f2                sl_cos_send_config
 .text.sl_cos_config_vcom
                0x08008904       0x1c ./simplicity_sdk_2025.6.0/hardware/driver/configuration_over_swo/src/sl_cos.o
                0x08008904                sl_cos_config_vcom
 .text.sl_icm40627_chip_select_set
                0x08008920       0x1e ./simplicity_sdk_2025.6.0/hardware/driver/icm40627/src/sl_icm40627.o
 .text.sl_icm40627_accel_read_data
                0x0800893e       0x60 ./simplicity_sdk_2025.6.0/hardware/driver/icm40627/src/sl_icm40627.o
                0x0800893e                sl_icm40627_accel_read_data
 .text.sl_icm40627_gyro_read_data
                0x0800899e       0x60 ./simplicity_sdk_2025.6.0/hardware/driver/icm40627/src/sl_icm40627.o
                0x0800899e                sl_icm40627_gyro_read_data
 .text.sl_icm40627_read_interrupt_status
                0x080089fe       0x44 ./simplicity_sdk_2025.6.0/hardware/driver/icm40627/src/sl_icm40627.o
                0x080089fe                sl_icm40627_read_interrupt_status
 .text.sl_icm40627_reset
                0x08008a42       0x30 ./simplicity_sdk_2025.6.0/hardware/driver/icm40627/src/sl_icm40627.o
                0x08008a42                sl_icm40627_reset
 .text.sl_icm40627_enable_sleep_mode
                0x08008a72       0x34 ./simplicity_sdk_2025.6.0/hardware/driver/icm40627/src/sl_icm40627.o
                0x08008a72                sl_icm40627_enable_sleep_mode
 .text.sl_icm40627_init
                0x08008aa6       0x90 ./simplicity_sdk_2025.6.0/hardware/driver/icm40627/src/sl_icm40627.o
                0x08008aa6                sl_icm40627_init
 .text.sl_icm40627_gyro_set_sample_rate
                0x08008b36       0x2a ./simplicity_sdk_2025.6.0/hardware/driver/icm40627/src/sl_icm40627.o
                0x08008b36                sl_icm40627_gyro_set_sample_rate
 .text.sl_icm40627_accel_set_sample_rate
                0x08008b60       0x2a ./simplicity_sdk_2025.6.0/hardware/driver/icm40627/src/sl_icm40627.o
                0x08008b60                sl_icm40627_accel_set_sample_rate
 .text.sl_icm40627_gyro_set_bandwidth
                0x08008b8a       0x2a ./simplicity_sdk_2025.6.0/hardware/driver/icm40627/src/sl_icm40627.o
                0x08008b8a                sl_icm40627_gyro_set_bandwidth
 .text.sl_icm40627_accel_set_bandwidth
                0x08008bb4       0x2a ./simplicity_sdk_2025.6.0/hardware/driver/icm40627/src/sl_icm40627.o
                0x08008bb4                sl_icm40627_accel_set_bandwidth
 .text.sl_icm40627_accel_set_full_scale
                0x08008bde       0x2a ./simplicity_sdk_2025.6.0/hardware/driver/icm40627/src/sl_icm40627.o
                0x08008bde                sl_icm40627_accel_set_full_scale
 .text.sl_icm40627_gyro_set_full_scale
                0x08008c08       0x2a ./simplicity_sdk_2025.6.0/hardware/driver/icm40627/src/sl_icm40627.o
                0x08008c08                sl_icm40627_gyro_set_full_scale
 .text.sl_icm40627_enable_sensor
                0x08008c32       0x6c ./simplicity_sdk_2025.6.0/hardware/driver/icm40627/src/sl_icm40627.o
                0x08008c32                sl_icm40627_enable_sensor
 .text.sl_icm40627_calibrate_accel_and_gyro
                0x08008c9e      0x392 ./simplicity_sdk_2025.6.0/hardware/driver/icm40627/src/sl_icm40627.o
                0x08008c9e                sl_icm40627_calibrate_accel_and_gyro
 .text.Default_Handler
                0x08009030        0x2 ./simplicity_sdk_2025.6.0/platform/Device/SiliconLabs/EFR32MG26/Source/startup_efr32mg26.o
                0x08009030                ULFRCO_IRQHandler
                0x08009030                AHB2AHB1_IRQHandler
                0x08009030                SW2_IRQHandler
                0x08009030                TIMER2_IRQHandler
                0x08009030                DebugMon_Handler
                0x08009030                TIMER5_IRQHandler
                0x08009030                IADC_IRQHandler
                0x08009030                EUSART0_TX_IRQHandler
                0x08009030                I2C0_IRQHandler
                0x08009030                LFXO_IRQHandler
                0x08009030                HardFault_Handler
                0x08009030                SMU_SECURE_IRQHandler
                0x08009030                SysTick_Handler
                0x08009030                SYSRTC_SEQ_IRQHandler
                0x08009030                USART1_RX_IRQHandler
                0x08009030                EMUEFP_IRQHandler
                0x08009030                TIMER7_IRQHandler
                0x08009030                EUSART2_TX_IRQHandler
                0x08009030                PendSV_Handler
                0x08009030                NMI_Handler
                0x08009030                SYNTH_IRQHandler
                0x08009030                HOSTMAILBOX_IRQHandler
                0x08009030                HFXO0_IRQHandler
                0x08009030                I2C1_IRQHandler
                0x08009030                EUSART3_TX_IRQHandler
                0x08009030                WDOG0_IRQHandler
                0x08009030                TIMER3_IRQHandler
                0x08009030                SYSCFG_IRQHandler
                0x08009030                RFECA1_IRQHandler
                0x08009030                EMUDG_IRQHandler
                0x08009030                USART1_TX_IRQHandler
                0x08009030                MSC_IRQHandler
                0x08009030                DPLL0_IRQHandler
                0x08009030                TIMER8_IRQHandler
                0x08009030                UsageFault_Handler
                0x08009030                WDOG1_IRQHandler
                0x08009030                M33CTI1_IRQHandler
                0x08009030                TIMER4_IRQHandler
                0x08009030                TIMER9_IRQHandler
                0x08009030                VDAC0_IRQHandler
                0x08009030                TIMER6_IRQHandler
                0x08009030                SEMBTX_IRQHandler
                0x08009030                I2C2_IRQHandler
                0x08009030                SW0_IRQHandler
                0x08009030                TIMER0_IRQHandler
                0x08009030                LCD_IRQHandler
                0x08009030                MVP_IRQHandler
                0x08009030                LETIMER0_IRQHandler
                0x08009030                EUSART1_RX_IRQHandler
                0x08009030                TIMER1_IRQHandler
                0x08009030                HFRCO0_IRQHandler
                0x08009030                SecureFault_Handler
                0x08009030                BUFC_IRQHandler
                0x08009030                DCDC_IRQHandler
                0x08009030                MODEM_IRQHandler
                0x08009030                USART2_RX_IRQHandler
                0x08009030                Default_Handler
                0x08009030                RAC_SEQ_IRQHandler
                0x08009030                FRC_PRI_IRQHandler
                0x08009030                EMU_IRQHandler
                0x08009030                SW3_IRQHandler
                0x08009030                KERNEL0_IRQHandler
                0x08009030                FRC_IRQHandler
                0x08009030                PCNT0_IRQHandler
                0x08009030                KERNEL1_IRQHandler
                0x08009030                AGC_IRQHandler
                0x08009030                EUSART1_TX_IRQHandler
                0x08009030                KEYSCAN_IRQHandler
                0x08009030                sl_app_properties
                0x08009030                HFRCOEM23_IRQHandler
                0x08009030                BURTC_IRQHandler
                0x08009030                SEMBRX_IRQHandler
                0x08009030                RFECA0_IRQHandler
                0x08009030                LFRCO_IRQHandler
                0x08009030                I2C3_IRQHandler
                0x08009030                VDAC1_IRQHandler
                0x08009030                ACMP0_IRQHandler
                0x08009030                MemManage_Handler
                0x08009030                MPAHBRAM0_IRQHandler
                0x08009030                AHB2AHB0_IRQHandler
                0x08009030                SVC_Handler
                0x08009030                EUSART3_RX_IRQHandler
                0x08009030                EUSART2_RX_IRQHandler
                0x08009030                SMU_S_PRIVILEGED_IRQHandler
                0x08009030                SW1_IRQHandler
                0x08009030                CMU_IRQHandler
                0x08009030                EUSART0_RX_IRQHandler
                0x08009030                RAC_RSM_IRQHandler
                0x08009030                SETAMPERHOST_IRQHandler
                0x08009030                AES_IRQHandler
                0x08009030                M33CTI0_IRQHandler
                0x08009030                ICACHE0_IRQHandler
                0x08009030                SMU_NS_PRIVILEGED_IRQHandler
                0x08009030                FPUEXH_IRQHandler
                0x08009030                PROTIMER_IRQHandler
                0x08009030                ACMP1_IRQHandler
                0x08009030                BusFault_Handler
                0x08009030                USART2_TX_IRQHandler
                0x08009030                MPAHBRAM1_IRQHandler
 .text.CopyMemory
                0x08009032       0x1a ./simplicity_sdk_2025.6.0/platform/Device/SiliconLabs/EFR32MG26/Source/startup_efr32mg26.o
                0x08009032                CopyMemory
 .text.assertEFM
                0x0800904c        0x2 ./simplicity_sdk_2025.6.0/platform/common/src/sl_assert.o
                0x0800904c                assertEFM
 .text.sl_slist_init
                0x0800904e        0x6 ./simplicity_sdk_2025.6.0/platform/common/src/sl_slist.o
                0x0800904e                sl_slist_init
 .text._close   0x08009054        0x6 ./simplicity_sdk_2025.6.0/platform/common/src/sl_syscalls.o
                0x08009054                _close
 .text._exit    0x0800905a        0x2 ./simplicity_sdk_2025.6.0/platform/common/src/sl_syscalls.o
                0x0800905a                _exit
 .text._fstat   0x0800905c        0x4 ./simplicity_sdk_2025.6.0/platform/common/src/sl_syscalls.o
                0x0800905c                _fstat
 .text._lseek   0x08009060        0x4 ./simplicity_sdk_2025.6.0/platform/common/src/sl_syscalls.o
                0x08009060                _lseek
 .text._read    0x08009064        0x4 ./simplicity_sdk_2025.6.0/platform/common/src/sl_syscalls.o
                0x08009064                _read
 .text._write   0x08009068        0x4 ./simplicity_sdk_2025.6.0/platform/common/src/sl_syscalls.o
                0x08009068                _write
 .text.sl_debug_swo_enable_itm
                0x0800906c       0x16 ./simplicity_sdk_2025.6.0/platform/driver/debug/src/sl_debug_swo.o
                0x0800906c                sl_debug_swo_enable_itm
 .text.sl_debug_swo_disable_itm
                0x08009082       0x18 ./simplicity_sdk_2025.6.0/platform/driver/debug/src/sl_debug_swo.o
                0x08009082                sl_debug_swo_disable_itm
 .text.DMADRV_PeripheralMemory
                0x0800909a       0x34 ./simplicity_sdk_2025.6.0/platform/emdrv/dmadrv/src/dmadrv.o
                0x0800909a                DMADRV_PeripheralMemory
 .text.gpioint_map_callback
                0x080090ce        0x6 ./simplicity_sdk_2025.6.0/platform/emdrv/gpiointerrupt/src/gpiointerrupt.o
 .text.GPIOINT_Init
                0x080090d4        0x4 ./simplicity_sdk_2025.6.0/platform/emdrv/gpiointerrupt/src/gpiointerrupt.o
                0x080090d4                GPIOINT_Init
 .text.BUS_RegMaskedWrite
                0x080090d8       0x1e ./simplicity_sdk_2025.6.0/platform/emlib/src/em_cmu.o
 .text.waitStateMax
                0x080090f6       0x10 ./simplicity_sdk_2025.6.0/platform/emlib/src/em_cmu.o
 .text.CMU_UpdateWaitStates
                0x08009106        0xc ./simplicity_sdk_2025.6.0/platform/emlib/src/em_cmu.o
                0x08009106                CMU_UpdateWaitStates
 .text.pclkDivMax
                0x08009112        0xa ./simplicity_sdk_2025.6.0/platform/emlib/src/em_cmu.o
 .text.EMU_EFPEM01VScale
                0x0800911c        0x2 ./simplicity_sdk_2025.6.0/platform/emlib/src/em_emu.o
                0x0800911c                EMU_EFPEM01VScale
 .text.EMU_DCDCUpdatedHook
                0x0800911e        0x2 ./simplicity_sdk_2025.6.0/platform/emlib/src/em_emu.o
                0x0800911e                EMU_DCDCUpdatedHook
 .text.eusart_sync
                0x08009120        0x8 ./simplicity_sdk_2025.6.0/platform/emlib/src/em_eusart.o
 .text.EUSART_Disable
                0x08009128       0x34 ./simplicity_sdk_2025.6.0/platform/emlib/src/em_eusart.o
 .text.EUSART_Spi_TxRx
                0x0800915c       0x14 ./simplicity_sdk_2025.6.0/platform/emlib/src/em_eusart.o
                0x0800915c                EUSART_Spi_TxRx
 .text.BUS_RegMaskedWrite
                0x08009170       0x1e ./simplicity_sdk_2025.6.0/platform/emlib/src/em_gpio.o
 .text.TIMER_SyncWait
                0x0800918e        0xe ./simplicity_sdk_2025.6.0/platform/emlib/src/em_timer.o
                0x0800918e                TIMER_SyncWait
 .text.USART_Tx
                0x0800919c        0xa ./simplicity_sdk_2025.6.0/platform/emlib/src/em_usart.o
                0x0800919c                USART_Tx
 .text.sl_hal_bus_reg_write_mask
                0x080091a6       0x1e ./simplicity_sdk_2025.6.0/platform/peripheral/src/sl_hal_gpio.o
 .text.sl_hal_gpio_get_external_interrupt_number
                0x080091c4       0x34 ./simplicity_sdk_2025.6.0/platform/peripheral/src/sl_hal_gpio.o
                0x080091c4                sl_hal_gpio_get_external_interrupt_number
 .text.sl_clock_manager_runtime_init
                0x080091f8        0x4 ./simplicity_sdk_2025.6.0/platform/service/clock_manager/src/sl_clock_manager.o
                0x080091f8                sl_clock_manager_runtime_init
 .text.sli_clock_manager_hal_runtime_init
                0x080091fc        0x4 ./simplicity_sdk_2025.6.0/platform/service/clock_manager/src/sl_clock_manager_hal_s2.o
                0x080091fc                sli_clock_manager_hal_runtime_init
 .text.sl_clock_manager_init
                0x08009200        0x4 ./simplicity_sdk_2025.6.0/platform/service/clock_manager/src/sl_clock_manager_init.o
                0x08009200                sl_clock_manager_init
 .text.sl_iostream_write
                0x08009204       0x22 ./simplicity_sdk_2025.6.0/platform/service/iostream/src/sl_iostream.o
                0x08009204                sl_iostream_write
 .text.sl_iostream_read
                0x08009226       0x30 ./simplicity_sdk_2025.6.0/platform/service/iostream/src/sl_iostream.o
                0x08009226                sl_iostream_read
 .text.set_auto_cr_lf
                0x08009256        0x6 ./simplicity_sdk_2025.6.0/platform/service/iostream/src/sl_iostream_uart.o
 .text.get_auto_cr_lf
                0x0800925c        0x6 ./simplicity_sdk_2025.6.0/platform/service/iostream/src/sl_iostream_uart.o
 .text.__uart_async_rx_dma_callback
                0x08009262       0x70 ./simplicity_sdk_2025.6.0/platform/service/iostream/src/sl_iostream_uart.o
 .text.uart_write_async
                0x080092d2       0x46 ./simplicity_sdk_2025.6.0/platform/service/iostream/src/sl_iostream_uart.o
 .text.sli_iostream_uart_unsubscribe_to_new_data
                0x08009318       0x1c ./simplicity_sdk_2025.6.0/platform/service/iostream/src/sl_iostream_uart.o
                0x08009318                sli_iostream_uart_unsubscribe_to_new_data
 .text.usart_rx
                0x08009334       0x14 ./simplicity_sdk_2025.6.0/platform/service/iostream/src/sl_iostream_usart.o
 .text.usart_deinit
                0x08009348       0x76 ./simplicity_sdk_2025.6.0/platform/service/iostream/src/sl_iostream_usart.o
 .text.usart_tx
                0x080093be        0xe ./simplicity_sdk_2025.6.0/platform/service/iostream/src/sl_iostream_usart.o
 .text.app_init_pre_clock
                0x080093cc        0x2 ./simplicity_sdk_2025.6.0/platform/service/sl_main/src/sl_main_init.o
                0x080093cc                app_init_pre_clock
 .text.app_init_early
                0x080093ce        0x2 ./simplicity_sdk_2025.6.0/platform/service/sl_main/src/sl_main_init.o
                0x080093ce                app_init_early
 .text.sl_main_second_stage_init
                0x080093d0       0x1a ./simplicity_sdk_2025.6.0/platform/service/sl_main/src/sl_main_init.o
                0x080093d0                sl_main_second_stage_init
 .text.sl_main_init
                0x080093ea       0x2e ./simplicity_sdk_2025.6.0/platform/service/sl_main/src/sl_main_init.o
                0x080093ea                sl_main_init
 .text.app_permanent_memory_alloc
                0x08009418        0x2 ./simplicity_sdk_2025.6.0/platform/service/sl_main/src/sl_main_init_memory.o
                0x08009418                app_permanent_memory_alloc
 .text.sli_allocate_permanent_memory
                0x0800941a       0x18 ./simplicity_sdk_2025.6.0/platform/service/sl_main/src/sl_main_init_memory.o
                0x0800941a                sli_allocate_permanent_memory
 .text.sl_main_process_action
                0x08009432       0x16 ./simplicity_sdk_2025.6.0/platform/service/sl_main/src/sl_main_process_action.o
                0x08009432                sl_main_process_action
 .text.app_init
                0x08009448       0x1a ./src/app.o
                0x08009448                app_init
 .text.app_process_action
                0x08009462       0x1a ./src/app.o
                0x08009462                app_process_action
 .text._fwalk_sglue
                0x0800947c       0x3c c:/siliconlabs/simplicitystudio/v5/developer/toolchains/gnu_arm/12.2.rel1_2023.7/bin/../lib/gcc/arm-none-eabi/12.2.1/thumb/v8-m.main+fp/hard\libc_nano.a(libc_a-fwalk.o)
                0x0800947c                _fwalk_sglue
 .text.__sread  0x080094b8       0x22 c:/siliconlabs/simplicitystudio/v5/developer/toolchains/gnu_arm/12.2.rel1_2023.7/bin/../lib/gcc/arm-none-eabi/12.2.1/thumb/v8-m.main+fp/hard\libc_nano.a(libc_a-stdio.o)
                0x080094b8                __sread
 .text.__swrite
                0x080094da       0x38 c:/siliconlabs/simplicitystudio/v5/developer/toolchains/gnu_arm/12.2.rel1_2023.7/bin/../lib/gcc/arm-none-eabi/12.2.1/thumb/v8-m.main+fp/hard\libc_nano.a(libc_a-stdio.o)
                0x080094da                __swrite
 .text.__sseek  0x08009512       0x24 c:/siliconlabs/simplicitystudio/v5/developer/toolchains/gnu_arm/12.2.rel1_2023.7/bin/../lib/gcc/arm-none-eabi/12.2.1/thumb/v8-m.main+fp/hard\libc_nano.a(libc_a-stdio.o)
                0x08009512                __sseek
 .text.__sclose
                0x08009536        0x8 c:/siliconlabs/simplicitystudio/v5/developer/toolchains/gnu_arm/12.2.rel1_2023.7/bin/../lib/gcc/arm-none-eabi/12.2.1/thumb/v8-m.main+fp/hard\libc_nano.a(libc_a-stdio.o)
                0x08009536                __sclose
 .text.memset   0x0800953e       0x10 c:/siliconlabs/simplicitystudio/v5/developer/toolchains/gnu_arm/12.2.rel1_2023.7/bin/../lib/gcc/arm-none-eabi/12.2.1/thumb/v8-m.main+fp/hard\libc_nano.a(libc_a-memset.o)
                0x0800953e                memset
 .text.__retarget_lock_init_recursive
                0x0800954e        0x2 c:/siliconlabs/simplicitystudio/v5/developer/toolchains/gnu_arm/12.2.rel1_2023.7/bin/../lib/gcc/arm-none-eabi/12.2.1/thumb/v8-m.main+fp/hard\libc_nano.a(libc_a-lock.o)
                0x0800954e                __retarget_lock_init_recursive
 .text.__retarget_lock_acquire_recursive
                0x08009550        0x2 c:/siliconlabs/simplicitystudio/v5/developer/toolchains/gnu_arm/12.2.rel1_2023.7/bin/../lib/gcc/arm-none-eabi/12.2.1/thumb/v8-m.main+fp/hard\libc_nano.a(libc_a-lock.o)
                0x08009550                __retarget_lock_acquire_recursive
 .text.__retarget_lock_release_recursive
                0x08009552        0x2 c:/siliconlabs/simplicitystudio/v5/developer/toolchains/gnu_arm/12.2.rel1_2023.7/bin/../lib/gcc/arm-none-eabi/12.2.1/thumb/v8-m.main+fp/hard\libc_nano.a(libc_a-lock.o)
                0x08009552                __retarget_lock_release_recursive
 .text.memcpy   0x08009554       0x1a c:/siliconlabs/simplicitystudio/v5/developer/toolchains/gnu_arm/12.2.rel1_2023.7/bin/../lib/gcc/arm-none-eabi/12.2.1/thumb/v8-m.main+fp/hard\libc_nano.a(libc_a-memcpy-stub.o)
                0x08009554                memcpy
 .text          0x0800956e       0x10 c:/siliconlabs/simplicitystudio/v5/developer/toolchains/gnu_arm/12.2.rel1_2023.7/bin/../lib/gcc/arm-none-eabi/12.2.1/thumb/v8-m.main+fp/hard\libc_nano.a(libc_a-strlen.o)
                0x0800956e                strlen
 .text.__ssputs_r
                0x0800957e       0xb6 c:/siliconlabs/simplicitystudio/v5/developer/toolchains/gnu_arm/12.2.rel1_2023.7/bin/../lib/gcc/arm-none-eabi/12.2.1/thumb/v8-m.main+fp/hard\libc_nano.a(libc_a-nano-svfprintf.o)
                0x0800957e                __ssputs_r
 .text._printf_common
                0x08009634       0xe4 c:/siliconlabs/simplicitystudio/v5/developer/toolchains/gnu_arm/12.2.rel1_2023.7/bin/../lib/gcc/arm-none-eabi/12.2.1/thumb/v8-m.main+fp/hard\libc_nano.a(libc_a-nano-vfprintf_i.o)
                0x08009634                _printf_common
 .text.__sflush_r
                0x08009718      0x106 c:/siliconlabs/simplicitystudio/v5/developer/toolchains/gnu_arm/12.2.rel1_2023.7/bin/../lib/gcc/arm-none-eabi/12.2.1/thumb/v8-m.main+fp/hard\libc_nano.a(libc_a-fflush.o)
                0x08009718                __sflush_r
 .text._fflush_r
                0x0800981e       0x50 c:/siliconlabs/simplicitystudio/v5/developer/toolchains/gnu_arm/12.2.rel1_2023.7/bin/../lib/gcc/arm-none-eabi/12.2.1/thumb/v8-m.main+fp/hard\libc_nano.a(libc_a-fflush.o)
                0x0800981e                _fflush_r
 .text.__swhatbuf_r
                0x0800986e       0x4a c:/siliconlabs/simplicitystudio/v5/developer/toolchains/gnu_arm/12.2.rel1_2023.7/bin/../lib/gcc/arm-none-eabi/12.2.1/thumb/v8-m.main+fp/hard\libc_nano.a(libc_a-makebuf.o)
                0x0800986e                __swhatbuf_r
 .text.memmove  0x080098b8       0x34 c:/siliconlabs/simplicitystudio/v5/developer/toolchains/gnu_arm/12.2.rel1_2023.7/bin/../lib/gcc/arm-none-eabi/12.2.1/thumb/v8-m.main+fp/hard\libc_nano.a(libc_a-memmove.o)
                0x080098b8                memmove
 .text.memchr   0x080098ec       0x1c c:/siliconlabs/simplicitystudio/v5/developer/toolchains/gnu_arm/12.2.rel1_2023.7/bin/../lib/gcc/arm-none-eabi/12.2.1/thumb/v8-m.main+fp/hard\libc_nano.a(libc_a-memchr-stub.o)
                0x080098ec                memchr
 .text._realloc_r
                0x08009908       0x5c c:/siliconlabs/simplicitystudio/v5/developer/toolchains/gnu_arm/12.2.rel1_2023.7/bin/../lib/gcc/arm-none-eabi/12.2.1/thumb/v8-m.main+fp/hard\libc_nano.a(libc_a-reallocr.o)
                0x08009908                _realloc_r
 .text._malloc_usable_size_r
                0x08009964       0x10 c:/siliconlabs/simplicitystudio/v5/developer/toolchains/gnu_arm/12.2.rel1_2023.7/bin/../lib/gcc/arm-none-eabi/12.2.1/thumb/v8-m.main+fp/hard\libc_nano.a(libc_a-msizer.o)
                0x08009964                _malloc_usable_size_r
 *(SORT_BY_ALIGNMENT(text_*))
 text_system_timecritical19242
                0x08009974        0xc ./simplicity_sdk_2025.6.0/platform/Device/SiliconLabs/EFR32MG26/Source/system_efr32mg26.o
                0x08009974                SystemHFRCODPLLClockGet
 text_system_timecritical20245
                0x08009980       0x40 ./simplicity_sdk_2025.6.0/platform/Device/SiliconLabs/EFR32MG26/Source/system_efr32mg26.o
                0x08009980                SystemSYSCLKGet
 text_system_timecritical16198
                0x080099c0       0x24 ./simplicity_sdk_2025.6.0/platform/Device/SiliconLabs/EFR32MG26/Source/system_efr32mg26.o
                0x080099c0                SystemHCLKGet
 text_system_timecritical21247
                0x080099e4        0x8 ./simplicity_sdk_2025.6.0/platform/Device/SiliconLabs/EFR32MG26/Source/system_efr32mg26.o
                0x080099e4                SystemMaxCoreClockGet
 text_system_timecritical22249
                0x080099ec        0x8 ./simplicity_sdk_2025.6.0/platform/Device/SiliconLabs/EFR32MG26/Source/system_efr32mg26.o
                0x080099ec                SystemFSRCOClockGet
 text_system_timecritical23251
                0x080099f4        0xc ./simplicity_sdk_2025.6.0/platform/Device/SiliconLabs/EFR32MG26/Source/system_efr32mg26.o
                0x080099f4                SystemHFXOClockGet
 text_system_timecritical24254
                0x08009a00        0x8 ./simplicity_sdk_2025.6.0/platform/Device/SiliconLabs/EFR32MG26/Source/system_efr32mg26.o
                0x08009a00                SystemCLKIN0Get
 text_system_timecritical25256
                0x08009a08       0x90 ./simplicity_sdk_2025.6.0/platform/Device/SiliconLabs/EFR32MG26/Source/system_efr32mg26.o
                0x08009a08                SystemHFRCOEM23ClockGet
 text_system_timecritical26258
                0x08009a98        0xc ./simplicity_sdk_2025.6.0/platform/Device/SiliconLabs/EFR32MG26/Source/system_efr32mg26.o
                0x08009a98                SystemLFXOClockGet
 text_dmadrv_timecritical29166
                0x08009aa4       0x40 ./simplicity_sdk_2025.6.0/platform/emdrv/dmadrv/src/dmadrv.o
                0x08009aa4                DMADRV_StopTransfer
 text_dmadrv_timecritical32174
                0x08009ae4       0x44 ./simplicity_sdk_2025.6.0/platform/emdrv/dmadrv/src/dmadrv.o